******************************************************************************
                  TI ARM Linker PC v18.1.3                     
******************************************************************************
>> Linked Wed Mar 20 22:02:28 2019

OUTPUT FILE NAME:   <RM46_HAL_TEST.out>
ENTRY POINT SYMBOL: "_c_int00"  address: 0000eb04


MEMORY CONFIGURATION

         name            origin    length      used     unused   attr    fill
----------------------  --------  ---------  --------  --------  ----  --------
  VECTORS               00000000   00000020  00000020  00000000     X
  KERNEL                00000020   00008000  00005a30  000025d0  R  X
  FLASH0                00008020   00137fe0  000082bc  0012fd24  R  X
  STACKS                08000000   00000800  00000000  00000800  RW  
  KRAM                  08000800   00000800  00000140  000006c0  RW  
  RAM                   08001000   0002f000  0000202d  0002cfd3  RW  


SEGMENT ALLOCATION MAP

run origin  load origin   length   init length attrs members
----------  ----------- ---------- ----------- ----- -------
00000000    00000000    00005a50   00005a50    r-x
  00000000    00000000    00000020   00000020    r-x .intvecs
  00000020    00000020    000059e0   000059e0    r-x .kernelTEXT
  00005a00    00005a00    00000050   00000050    r-- .cinit
00008020    00008020    000082bc   000082bc    r-x
  00008020    00008020    000080bc   000080bc    r-x .text
  000100dc    000100dc    00000200   00000200    r-- .const
08000800    08000800    00000140   00000000    rw-
  08000800    08000800    00000140   00000000    rw- .kernelBSS
08001000    08001000    0000202d   00000000    rw-
  08001000    08001000    00002000   00000000    rw- .kernelHEAP
  08003000    08003000    00000018   00000000    rw- .data
  08003018    08003018    00000015   00000000    rw- .bss


SECTION ALLOCATION MAP

 output                                  attributes/
section   page    origin      length       input sections
--------  ----  ----------  ----------   ----------------
.intvecs   0    00000000    00000020     
                  00000000    00000020     sys_intvecs.obj (.intvecs)

.kernelTEXT 
*          0    00000020    000059e0     
                  00000020    00002fa0     os_tasks.obj (.kernelTEXT)
                  00002fc0    00001374     os_queue.obj (.kernelTEXT)
                  00004334    00000ab0     os_timer.obj (.kernelTEXT)
                  00004de4    000004bc     os_portasm.obj (.kernelTEXT)
                  000052a0    000003e0     os_port.obj (.kernelTEXT)
                  00005680    00000380     os_heap.obj (.kernelTEXT)

.cinit     0    00005a00    00000050     
                  00005a00    0000000c     (__TI_handler_table)
                  00005a0c    0000000b     (.cinit..data.load) [load image, compression = lzss]
                  00005a17    00000009     (.cinit..kernelBSS.load) [load image, compression = lzss]
                  00005a20    00000008     (.cinit..bss.load) [load image, compression = zero_init]
                  00005a28    00000008     (.cinit..kernelHEAP.load) [load image, compression = zero_init]
                  00005a30    00000020     (__TI_cinit_table)

.text      0    00008020    000080bc     
                  00008020    00002cdc     sys_selftest.obj (.text)
                  0000acfc    00000b64     system.obj (.text)
                  0000b860    00000a58     sys_vim.obj (.text)
                  0000c2b8    000008d8     i2c.obj (.text)
                  0000cb90    000008b8     pinmux.obj (.text)
                  0000d448    00000664     errata_SSWF021_45.obj (.text)
                  0000daac    000005bc     esm.obj (.text)
                  0000e068    00000484     gio.obj (.text)
                  0000e4ec    0000034c     sys_core.obj (.text)
                  0000e838    000002cc     sys_vim.obj (.text:retain)
                  0000eb04    00000290     sys_startup.obj (.text:retain)
                  0000ed94    00000278     os_heap.obj (.text)
                  0000f00c    0000024c     coral.obj (.text)
                  0000f258    00000238     os_list.obj (.text)
                  0000f490    0000022c     notification.obj (.text)
                  0000f6bc    000001f0     i2c.obj (.text:retain)
                  0000f8ac    000001b4     os_port.obj (.text)
                  0000fa60    00000164     os_tasks.obj (.text)
                  0000fbc4    00000114     esm.obj (.text:retain)
                  0000fcd8    000000e8     dabort.obj (.text)
                  0000fdc0    000000e0     sys_pmu.obj (.text)
                  0000fea0    0000009c     rtsv7R4_T_le_v3D16_eabi.lib : memcpy_t2.asm.obj (.text)
                  0000ff3c    0000007a                                 : memset_t2.asm.obj (.text)
                  0000ffb6    0000006c                                 : copy_decompress_lzss.c.obj (.text:decompress:lzss:__TI_decompress_lzss)
                  00010022    00000002     --HOLE-- [fill = 0]
                  00010024    00000044                                 : autoinit.c.obj (.text:__TI_auto_init_nobinit_nopinit:__TI_auto_init_nobinit_nopinit)
                  00010068    00000038     sys_main.obj (.text)
                  000100a0    00000016     rtsv7R4_T_le_v3D16_eabi.lib : strlen.c.obj (.text:strlen)
                  000100b6    0000000e                                 : copy_decompress_none.c.obj (.text:decompress:none:__TI_decompress_none)
                  000100c4    0000000c                                 : copy_zero_init.c.obj (.text:decompress:ZI:__TI_zero_init)
                  000100d0    00000004                                 : exit.c.obj (.text:abort:abort)
                  000100d4    00000004     sys_phantom.obj (.text:retain)
                  000100d8    00000004     sys_startup.obj (.text)

.const     0    000100dc    00000200     
                  000100dc    00000200     sys_vim.obj (.const:s_vim_init)

.kernelBSS 
*          0    08000800    00000140     UNINITIALIZED
                  08000800    000000d0     os_tasks.obj (.kernelBSS:uninit)
                  080008d0    00000034     os_tasks.obj (.kernelBSS:init)
                  08000904    00000030     os_timer.obj (.kernelBSS:uninit)
                  08000934    0000000c     os_timer.obj (.kernelBSS:init)

.kernelHEAP 
*          0    08001000    00002000     UNINITIALIZED
                  08001000    00002000     os_heap.obj (.kernelHEAP)

.data      0    08003000    00000018     UNINITIALIZED
                  08003000    00000010     os_heap.obj (.data)
                  08003010    00000008     os_port.obj (.data)

.bss       0    08003018    00000015     UNINITIALIZED
                  08003018    0000000c     i2c.obj (.bss:g_i2cTransfer_t)
                  08003024    00000008     os_heap.obj (.bss:xStart)
                  0800302c    00000001     (.common:i2cInUse)

MODULE SUMMARY

       Module                       code    ro data   rw data
       ------                       ----    -------   -------
    .\source\
       os_tasks.obj                 12548   0         260    
       sys_selftest.obj             11484   0         0      
       os_heap.obj                  1528    0         8216   
       os_queue.obj                 4980    0         0      
       sys_vim.obj                  3364    512       0      
       system.obj                   2916    0         0      
       os_timer.obj                 2736    0         60     
       i2c.obj                      2760    0         12     
       pinmux.obj                   2232    0         0      
       esm.obj                      1744    0         0      
       errata_SSWF021_45.obj        1636    0         0      
       os_port.obj                  1428    0         8      
       os_portasm.obj               1212    0         0      
       gio.obj                      1156    0         0      
       sys_core.obj                 844     0         0      
       sys_startup.obj              660     0         0      
       coral.obj                    588     0         1      
       os_list.obj                  568     0         0      
       notification.obj             556     0         0      
       dabort.obj                   232     0         0      
       sys_pmu.obj                  224     0         0      
       sys_main.obj                 56      0         0      
       sys_intvecs.obj              32      0         0      
       sys_phantom.obj              4       0         0      
    +--+----------------------------+-------+---------+---------+
       Total:                       55488   512       8557   
                                                             
    C:/ti/ccsv8/tools/compiler/ti-cgt-arm_18.1.3.LTS/lib/rtsv7R4_T_le_v3D16_eabi.lib
       memcpy_t2.asm.obj            156     0         0      
       memset_t2.asm.obj            122     0         0      
       copy_decompress_lzss.c.obj   108     0         0      
       autoinit.c.obj               68      0         0      
       strlen.c.obj                 22      0         0      
       copy_decompress_none.c.obj   14      0         0      
       copy_zero_init.c.obj         12      0         0      
       exit.c.obj                   4       0         0      
    +--+----------------------------+-------+---------+---------+
       Total:                       506     0         0      
                                                             
       Linker Generated:            0       80        0      
    +--+----------------------------+-------+---------+---------+
       Grand Total:                 55994   592       8557   


LINKER GENERATED COPY TABLES

__TI_cinit_table @ 00005a30 records: 4, size/record: 8, table size: 32
	.data: load addr=00005a0c, load size=0000000b bytes, run addr=08003000, run size=00000018 bytes, compression=lzss
	.kernelBSS: load addr=00005a17, load size=00000009 bytes, run addr=08000800, run size=00000140 bytes, compression=lzss
	.bss: load addr=00005a20, load size=00000008 bytes, run addr=08003018, run size=00000015 bytes, compression=zero_init
	.kernelHEAP: load addr=00005a28, load size=00000008 bytes, run addr=08001000, run size=00002000 bytes, compression=zero_init


LINKER GENERATED HANDLER TABLE

__TI_handler_table @ 00005a00 records: 3, size/record: 4, table size: 12
	index: 0, handler: __TI_decompress_lzss
	index: 1, handler: __TI_decompress_none
	index: 2, handler: __TI_zero_init


GLOBAL SYMBOLS: SORTED ALPHABETICALLY BY Name 

address   name                                
-------   ----                                
000100d1  C$$EXIT                             
UNDEFED   SHT$$INIT_ARRAY$$Base               
UNDEFED   SHT$$INIT_ARRAY$$Limit              
00005a30  __TI_CINIT_Base                     
00005a50  __TI_CINIT_Limit                    
00005a00  __TI_Handler_Table_Base             
00005a0c  __TI_Handler_Table_Limit            
0000e830  __TI_PINIT_Base                     
0000e834  __TI_PINIT_Limit                    
00010025  __TI_auto_init_nobinit_nopinit      
0000ffb7  __TI_decompress_lzss                
000100b7  __TI_decompress_none                
ffffffff  __TI_pprof_out_hndl                 
ffffffff  __TI_prof_data_size                 
ffffffff  __TI_prof_data_start                
00000000  __TI_static_base__                  
000100c5  __TI_zero_init                      
0000ff3d  __aeabi_memclr                      
0000ff3d  __aeabi_memclr4                     
0000ff3d  __aeabi_memclr8                     
0000fea1  __aeabi_memcpy                      
0000fea1  __aeabi_memcpy4                     
0000fea1  __aeabi_memcpy8                     
0000ff3f  __aeabi_memset                      
0000ff3f  __aeabi_memset4                     
0000ff3f  __aeabi_memset8                     
ffffffff  __binit__                           
ffffffff  __c_args__                          
0000eb04  _c_int00                            
0000e748  _coreClearAuxiliaryDataFault_       
0000e75c  _coreClearAuxiliaryInstructionFault_
0000e720  _coreClearDataFaultAddress_         
0000e6f8  _coreClearDataFault_                
0000e734  _coreClearInstructionFaultAddress_  
0000e70c  _coreClearInstructionFault_         
0000e68c  _coreDisableEventBusExport_         
0000e6d0  _coreDisableFlashEcc_               
0000e6ac  _coreDisableRamEcc_                 
0000e67c  _coreEnableEventBusExport_          
0000e6bc  _coreEnableFlashEcc_                
0000e6e0  _coreEnableIrqVicOffset_            
0000e69c  _coreEnableRamEcc_                  
0000e664  _coreEnableVfp_                     
0000e740  _coreGetAuxiliaryDataFault_         
0000e754  _coreGetAuxiliaryInstructionFault_  
0000e718  _coreGetDataFaultAddress_           
0000e6f0  _coreGetDataFault_                  
0000e72c  _coreGetInstructionFaultAddress_    
0000e704  _coreGetInstructionFault_           
0000e4ec  _coreInitRegisters_                 
0000e5f8  _coreInitStackPointer_              
0000fcd8  _dabort                             
0000e770  _disable_FIQ_interrupt_             
0000e778  _disable_IRQ_interrupt_             
0000e768  _disable_interrupt_                 
0000e780  _enable_interrupt_                  
0000e810  _errata_CORTEXR4_57_                
0000e820  _errata_CORTEXR4_66_                
0000d448  _errata_SSWF021_45_both_plls        
0000d63c  _errata_SSWF021_45_pll1             
0000d7b4  _errata_SSWF021_45_pll2             
0000e788  _esmCcmErrorsClear_                 
0000e644  _getCPSRValue_                      
0000e64c  _gotoCPUIdle_                       
0000fe1c  _pmuDisableCountersGlobal_          
0000fe0c  _pmuEnableCountersGlobal_           
0000fe78  _pmuGetCycleCount_                  
0000fe80  _pmuGetEventCount_                  
0000fe8c  _pmuGetOverflow_                    
0000fdc0  _pmuInit_                           
0000fe4c  _pmuResetCounters_                  
0000fe2c  _pmuResetCycleCounter_              
0000fe3c  _pmuResetEventCounters_             
0000fe6c  _pmuSetCountEvent_                  
0000fe5c  _pmuStartCounters_                  
0000fe64  _pmuStopCounters_                   
UNDEFED   _system_post_cinit                  
000100d1  abort                               
0000926c  adc1ParityCheck                     
00009358  adc2ParityCheck                     
0000f4e8  adcNotification                     
ffffffff  binit                               
00009410  can1ParityCheck                     
000094e8  can2ParityCheck                     
000095b0  can3ParityCheck                     
0000f4fc  canErrorNotification                
0000f524  canMessageNotification              
0000f510  canStatusChangeNotification         
00008030  ccmSelfCheck                        
0000a6fc  ccmr4GetConfigValue                 
00008938  checkB0RAMECC                       
00008b28  checkB1RAMECC                       
00009c18  checkClockMonitor                   
00008d18  checkFlashECC                       
00009cf4  checkFlashEEPROMECC                 
00009e8c  checkPLL1Slip                       
00009f8c  checkPLL2Slip                       
0000a050  checkRAMAddrParity                  
000099d0  checkRAMECC                         
0000a15c  checkRAMUERRTest                    
000087bc  checkefcSelfTest                    
0000f18c  coral__ledOn                        
0000f1b4  coral__parity                       
0000f14c  coral__receiveMDStatus              
0000f00c  coral__sendMDMessage                
0000f160  coral__setup                        
00008234  cpuSelfTest                         
00008dfc  cpuSelfTestFail                     
0000f628  crcNotification                     
0000b784  customTrimLPO                       
00008df4  custom_dabort                       
0000f538  dccNotification                     
0000ab58  disableParity                       
0000f688  dmaGroupANotification               
00008eac  dmaParityCheck                      
00001fcc  eTaskConfirmSleepModeStatus         
000008a8  eTaskGetState                       
0000f674  ecapNotification                    
0000f600  edgeNotification                    
00008660  efcCheck                            
0000a660  efcGetConfigValue                   
00008794  efcSelfTest                         
000086e8  efcStuckZeroTest                    
0000f6ac  emacRxNotification                  
0000f69c  emacTxNotification                  
0000aad0  enableParity                        
0000f660  eqepNotification                    
0000a76c  errata_PBIST_4                      
0000dc30  esmActivateNormalOperation          
0000dd04  esmClearStatus                      
0000dd44  esmClearStatusBuffer                
0000dbf8  esmDisableError                     
0000dc68  esmDisableInterrupt                 
0000dbd0  esmEnableError                      
0000dc40  esmEnableInterrupt                  
0000de3c  esmEnterSelfTest                    
0000dbb4  esmError                            
0000df14  esmGetConfigValue                   
0000dd80  esmGetStatus                        
0000de04  esmGetStatusBuffer                  
0000f490  esmGroup1Notification               
0000f4a0  esmGroup2Notification               
0000fbc4  esmHighInterrupt                    
0000daac  esmInit                             
0000dec4  esmSelfTestStatus                   
0000dd60  esmSetCounterPreloadValue           
0000dc90  esmSetInterruptLevel                
0000dc20  esmTriggerErrorPinReset             
0000f63c  etpwmNotification                   
0000f64c  etpwmTripNotification               
0000a2c4  fmcBus1ParityCheck                  
0000885c  fmcBus2Check                        
00008898  fmcECCcheck                         
0000e2c8  gioDisableNotification              
0000e260  gioEnableNotification               
0000e1c8  gioGetBit                           
0000e330  gioGetConfigValue                   
0000e1f0  gioGetPort                          
0000e068  gioInit                             
0000f54c  gioNotification                     
0000e158  gioSetBit                           
0000e138  gioSetDirection                     
0000e1a8  gioSetPort                          
0000e208  gioToggleBit                        
000100d8  handlePLLLockFail                   
00008f58  het1ParityCheck                     
000090c0  het2ParityCheck                     
0000f614  hetNotification                     
00009004  htu1ParityCheck                     
000091bc  htu2ParityCheck                     
0000c6c4  i2cClearSCD                         
0000c7c8  i2cDisableLoopback                  
0000c83c  i2cDisableNotification              
0000c7a8  i2cEnableLoopback                   
0000c800  i2cEnableNotification               
0000c8c4  i2cGetConfigValue                   
0800302c  i2cInUse                            
0000c2b8  i2cInit                             
0000f6bc  i2cInterrupt                        
0000cb04  i2cIsBusBusy                        
0000cac4  i2cIsMasterReady                    
0000c65c  i2cIsRxReady                        
0000c678  i2cIsStopDetected                   
0000c544  i2cIsTxReady                        
0000f220  i2cNotification                     
0000c708  i2cReceive                          
0000c6e0  i2cReceiveByte                      
0000c694  i2cRxError                          
0000c590  i2cSend                             
0000c560  i2cSendByte                         
0000c3e4  i2cSetBaudrate                      
0000c524  i2cSetCount                         
0000ca8c  i2cSetDirection                     
0000c88c  i2cSetMode                          
0000c3a4  i2cSetOwnAdd                        
0000c3c4  i2cSetSlaveAdd                      
0000c4e4  i2cSetStart                         
0000c504  i2cSetStop                          
0000f574  linNotification                     
00010068  main                                
0000ae64  mapClocks                           
0000fea1  memcpy                              
00008174  memoryInit                          
0000f4b0  memoryPort0TestFailNotification     
0000f4cc  memoryPort1TestFailNotification     
0000ff45  memset                              
00009684  mibspi1ParityCheck                  
0000978c  mibspi3ParityCheck                  
000098b0  mibspi5ParityCheck                  
0000f59c  mibspiGroupNotification             
0000f588  mibspiNotification                  
0000cb90  muxInit                             
0000a3ec  pbistFail                           
0000a470  pbistGetConfigValue                 
000085a8  pbistIsTestCompleted                
000085d4  pbistIsTestPassed                   
00008608  pbistPortTestStatus                 
000084ac  pbistRun                            
000082cc  pbistSelfCheck                      
00008578  pbistStop                           
000013a4  pcTaskGetName                       
00004610  pcTimerGetName                      
0000ae10  periphInit                          
000100d4  phantomInterrupt                    
0000d044  pinmuxGetConfigValue                
00005278  prvMpuDisable                       
00005260  prvMpuEnable                        
00005248  prvMpuSetRegion                     
00005680  pvPortMalloc                        
000020a4  pvTaskGetThreadLocalStoragePointer  
0000271c  pvTaskIncrementMutexHeldCount       
00004d44  pvTimerGetTimerID                   
0000f5e8  pwmNotification                     
080008d0  pxCurrentTCB                        
000052a0  pxPortInitialiseStack               
00000000  resetEntry                          
0000f5b0  sciNotification                     
00008020  selftestFailNotification            
0000add0  setupFlash                          
0000acfc  setupPLL                            
0000f5d8  spiEndNotification                  
0000f5c4  spiNotification                     
0000b648  sramGetConfigValue                  
0000a5bc  stcGetConfigValue                   
000081b8  stcSelfCheck                        
00008df8  stcSelfCheckFail                    
000100a1  strlen                              
0000b088  systemGetConfigValue                
0000af8c  systemInit                          
0000b058  systemPowerDown                     
0000b49c  tcmflashGetConfigValue              
00010078  testbench                           
0000ad5c  trimLPO                             
08003010  ulCriticalNesting                   
00005164  ulPortCountLeadingZeros             
08003014  ulTaskHasFPUContext                 
00002750  ulTaskNotifyTake                    
0000f404  uxListRemove                        
00003dac  uxQueueMessagesWaiting              
00003e30  uxQueueMessagesWaitingFromISR       
00003de4  uxQueueSpacesAvailable              
00001398  uxTaskGetNumberOfTasks              
000022e8  uxTaskGetStackHighWaterMark         
000009ac  uxTaskPriorityGet                   
000009f0  uxTaskPriorityGetFromISR            
000026e0  uxTaskResetEventItemValue           
0000f258  vListInitialise                     
0000f2b0  vListInitialiseItem                 
0000f340  vListInsert                         
0000f2cc  vListInsertEnd                      
0000564c  vPortEndScheduler                   
000058d8  vPortFree                           
000059e8  vPortInitialiseBlocks               
00005158  vPortInitialiseFPSCR                
00005058  vPortPreemptiveTick                 
0000516c  vPortSWI                            
00004de8  vPortStartFirstTask                 
000053b4  vPortStoreTaskMPUSettings           
00004f64  vPortYeildWithinAPI                 
00004e78  vPortYieldProcessor                 
00003e60  vQueueDelete                        
000042a4  vQueueWaitForMessageRestricted      
00002110  vTaskAllocateMPURegions             
00000824  vTaskDelay                          
000006b8  vTaskDelayUntil                     
00000550  vTaskDelete                         
000010d4  vTaskEndScheduler                   
00001fb4  vTaskMissedYield                    
00002d14  vTaskNotifyGiveFromISR              
00001b20  vTaskPlaceOnEventList               
00001be8  vTaskPlaceOnEventListRestricted     
00001b64  vTaskPlaceOnUnorderedEventList      
0000241c  vTaskPriorityInherit                
00000a38  vTaskPrioritySet                    
00000e5c  vTaskResume                         
0000204c  vTaskSetThreadLocalStoragePointer   
00001e3c  vTaskSetTimeOutState                
00001028  vTaskStartScheduler                 
000016bc  vTaskStepTick                       
00000c54  vTaskSuspend                        
000010f0  vTaskSuspendAll                     
00001a40  vTaskSwitchContext                  
00004d84  vTimerSetTimerID                    
0000b934  vimChannelMap                       
0000bba0  vimDisableInterrupt                 
0000b9d8  vimEnableInterrupt                  
0000bc4c  vimGetConfigValue                   
0000b860  vimInit                             
00008e00  vimParityCheck                      
0000e838  vimParityErrorHandler               
000059d0  xPortGetFreeHeapSize                
000059dc  xPortGetMinimumEverFreeHeapSize     
00005628  xPortStartScheduler                 
00003258  xQueueCreateMutex                   
000030e8  xQueueGenericCreate                 
00003858  xQueueGenericReceive                
00002fc0  xQueueGenericReset                  
0000329c  xQueueGenericSend                   
0000355c  xQueueGenericSendFromISR            
000036ec  xQueueGiveFromISR                   
000041c8  xQueueIsQueueEmptyFromISR           
00004254  xQueueIsQueueFullFromISR            
00003cb8  xQueuePeekFromISR                   
00003b70  xQueueReceiveFromISR                
00001718  xTaskAbortDelay                     
00001e7c  xTaskCheckForTimeOut                
000000fc  xTaskCreate                         
00000020  xTaskCreateRestricted               
00002944  xTaskGenericNotify                  
00002b14  xTaskGenericNotifyFromISR           
000023b0  xTaskGetCurrentTaskHandle           
00001580  xTaskGetHandle                      
00001684  xTaskGetIdleTaskHandle              
000023cc  xTaskGetSchedulerState              
00001358  xTaskGetTickCount                   
00001374  xTaskGetTickCountFromISR            
00001818  xTaskIncrementTick                  
0000fb48  xTaskNotifyStateClear               
0000282c  xTaskNotifyWait                     
00002578  xTaskPriorityDisinherit             
00001c44  xTaskRemoveFromEventList            
00001d38  xTaskRemoveFromUnorderedEventList   
000011a8  xTaskResumeAll                      
00000f40  xTaskResumeFromISR                  
00004398  xTimerCreate                        
00004334  xTimerCreateTimerTask               
00004494  xTimerGenericCommand                
000045d8  xTimerGetExpiryTime                 
000045a8  xTimerGetPeriod                     
00004570  xTimerGetTimerDaemonTaskHandle      
00004cd4  xTimerIsTimerActive                 


GLOBAL SYMBOLS: SORTED BY Symbol Address 

address   name                                
-------   ----                                
00000000  __TI_static_base__                  
00000000  resetEntry                          
00000020  xTaskCreateRestricted               
000000fc  xTaskCreate                         
00000550  vTaskDelete                         
000006b8  vTaskDelayUntil                     
00000824  vTaskDelay                          
000008a8  eTaskGetState                       
000009ac  uxTaskPriorityGet                   
000009f0  uxTaskPriorityGetFromISR            
00000a38  vTaskPrioritySet                    
00000c54  vTaskSuspend                        
00000e5c  vTaskResume                         
00000f40  xTaskResumeFromISR                  
00001028  vTaskStartScheduler                 
000010d4  vTaskEndScheduler                   
000010f0  vTaskSuspendAll                     
000011a8  xTaskResumeAll                      
00001358  xTaskGetTickCount                   
00001374  xTaskGetTickCountFromISR            
00001398  uxTaskGetNumberOfTasks              
000013a4  pcTaskGetName                       
00001580  xTaskGetHandle                      
00001684  xTaskGetIdleTaskHandle              
000016bc  vTaskStepTick                       
00001718  xTaskAbortDelay                     
00001818  xTaskIncrementTick                  
00001a40  vTaskSwitchContext                  
00001b20  vTaskPlaceOnEventList               
00001b64  vTaskPlaceOnUnorderedEventList      
00001be8  vTaskPlaceOnEventListRestricted     
00001c44  xTaskRemoveFromEventList            
00001d38  xTaskRemoveFromUnorderedEventList   
00001e3c  vTaskSetTimeOutState                
00001e7c  xTaskCheckForTimeOut                
00001fb4  vTaskMissedYield                    
00001fcc  eTaskConfirmSleepModeStatus         
0000204c  vTaskSetThreadLocalStoragePointer   
000020a4  pvTaskGetThreadLocalStoragePointer  
00002110  vTaskAllocateMPURegions             
000022e8  uxTaskGetStackHighWaterMark         
000023b0  xTaskGetCurrentTaskHandle           
000023cc  xTaskGetSchedulerState              
0000241c  vTaskPriorityInherit                
00002578  xTaskPriorityDisinherit             
000026e0  uxTaskResetEventItemValue           
0000271c  pvTaskIncrementMutexHeldCount       
00002750  ulTaskNotifyTake                    
0000282c  xTaskNotifyWait                     
00002944  xTaskGenericNotify                  
00002b14  xTaskGenericNotifyFromISR           
00002d14  vTaskNotifyGiveFromISR              
00002fc0  xQueueGenericReset                  
000030e8  xQueueGenericCreate                 
00003258  xQueueCreateMutex                   
0000329c  xQueueGenericSend                   
0000355c  xQueueGenericSendFromISR            
000036ec  xQueueGiveFromISR                   
00003858  xQueueGenericReceive                
00003b70  xQueueReceiveFromISR                
00003cb8  xQueuePeekFromISR                   
00003dac  uxQueueMessagesWaiting              
00003de4  uxQueueSpacesAvailable              
00003e30  uxQueueMessagesWaitingFromISR       
00003e60  vQueueDelete                        
000041c8  xQueueIsQueueEmptyFromISR           
00004254  xQueueIsQueueFullFromISR            
000042a4  vQueueWaitForMessageRestricted      
00004334  xTimerCreateTimerTask               
00004398  xTimerCreate                        
00004494  xTimerGenericCommand                
00004570  xTimerGetTimerDaemonTaskHandle      
000045a8  xTimerGetPeriod                     
000045d8  xTimerGetExpiryTime                 
00004610  pcTimerGetName                      
00004cd4  xTimerIsTimerActive                 
00004d44  pvTimerGetTimerID                   
00004d84  vTimerSetTimerID                    
00004de8  vPortStartFirstTask                 
00004e78  vPortYieldProcessor                 
00004f64  vPortYeildWithinAPI                 
00005058  vPortPreemptiveTick                 
00005158  vPortInitialiseFPSCR                
00005164  ulPortCountLeadingZeros             
0000516c  vPortSWI                            
00005248  prvMpuSetRegion                     
00005260  prvMpuEnable                        
00005278  prvMpuDisable                       
000052a0  pxPortInitialiseStack               
000053b4  vPortStoreTaskMPUSettings           
00005628  xPortStartScheduler                 
0000564c  vPortEndScheduler                   
00005680  pvPortMalloc                        
000058d8  vPortFree                           
000059d0  xPortGetFreeHeapSize                
000059dc  xPortGetMinimumEverFreeHeapSize     
000059e8  vPortInitialiseBlocks               
00005a00  __TI_Handler_Table_Base             
00005a0c  __TI_Handler_Table_Limit            
00005a30  __TI_CINIT_Base                     
00005a50  __TI_CINIT_Limit                    
00008020  selftestFailNotification            
00008030  ccmSelfCheck                        
00008174  memoryInit                          
000081b8  stcSelfCheck                        
00008234  cpuSelfTest                         
000082cc  pbistSelfCheck                      
000084ac  pbistRun                            
00008578  pbistStop                           
000085a8  pbistIsTestCompleted                
000085d4  pbistIsTestPassed                   
00008608  pbistPortTestStatus                 
00008660  efcCheck                            
000086e8  efcStuckZeroTest                    
00008794  efcSelfTest                         
000087bc  checkefcSelfTest                    
0000885c  fmcBus2Check                        
00008898  fmcECCcheck                         
00008938  checkB0RAMECC                       
00008b28  checkB1RAMECC                       
00008d18  checkFlashECC                       
00008df4  custom_dabort                       
00008df8  stcSelfCheckFail                    
00008dfc  cpuSelfTestFail                     
00008e00  vimParityCheck                      
00008eac  dmaParityCheck                      
00008f58  het1ParityCheck                     
00009004  htu1ParityCheck                     
000090c0  het2ParityCheck                     
000091bc  htu2ParityCheck                     
0000926c  adc1ParityCheck                     
00009358  adc2ParityCheck                     
00009410  can1ParityCheck                     
000094e8  can2ParityCheck                     
000095b0  can3ParityCheck                     
00009684  mibspi1ParityCheck                  
0000978c  mibspi3ParityCheck                  
000098b0  mibspi5ParityCheck                  
000099d0  checkRAMECC                         
00009c18  checkClockMonitor                   
00009cf4  checkFlashEEPROMECC                 
00009e8c  checkPLL1Slip                       
00009f8c  checkPLL2Slip                       
0000a050  checkRAMAddrParity                  
0000a15c  checkRAMUERRTest                    
0000a2c4  fmcBus1ParityCheck                  
0000a3ec  pbistFail                           
0000a470  pbistGetConfigValue                 
0000a5bc  stcGetConfigValue                   
0000a660  efcGetConfigValue                   
0000a6fc  ccmr4GetConfigValue                 
0000a76c  errata_PBIST_4                      
0000aad0  enableParity                        
0000ab58  disableParity                       
0000acfc  setupPLL                            
0000ad5c  trimLPO                             
0000add0  setupFlash                          
0000ae10  periphInit                          
0000ae64  mapClocks                           
0000af8c  systemInit                          
0000b058  systemPowerDown                     
0000b088  systemGetConfigValue                
0000b49c  tcmflashGetConfigValue              
0000b648  sramGetConfigValue                  
0000b784  customTrimLPO                       
0000b860  vimInit                             
0000b934  vimChannelMap                       
0000b9d8  vimEnableInterrupt                  
0000bba0  vimDisableInterrupt                 
0000bc4c  vimGetConfigValue                   
0000c2b8  i2cInit                             
0000c3a4  i2cSetOwnAdd                        
0000c3c4  i2cSetSlaveAdd                      
0000c3e4  i2cSetBaudrate                      
0000c4e4  i2cSetStart                         
0000c504  i2cSetStop                          
0000c524  i2cSetCount                         
0000c544  i2cIsTxReady                        
0000c560  i2cSendByte                         
0000c590  i2cSend                             
0000c65c  i2cIsRxReady                        
0000c678  i2cIsStopDetected                   
0000c694  i2cRxError                          
0000c6c4  i2cClearSCD                         
0000c6e0  i2cReceiveByte                      
0000c708  i2cReceive                          
0000c7a8  i2cEnableLoopback                   
0000c7c8  i2cDisableLoopback                  
0000c800  i2cEnableNotification               
0000c83c  i2cDisableNotification              
0000c88c  i2cSetMode                          
0000c8c4  i2cGetConfigValue                   
0000ca8c  i2cSetDirection                     
0000cac4  i2cIsMasterReady                    
0000cb04  i2cIsBusBusy                        
0000cb90  muxInit                             
0000d044  pinmuxGetConfigValue                
0000d448  _errata_SSWF021_45_both_plls        
0000d63c  _errata_SSWF021_45_pll1             
0000d7b4  _errata_SSWF021_45_pll2             
0000daac  esmInit                             
0000dbb4  esmError                            
0000dbd0  esmEnableError                      
0000dbf8  esmDisableError                     
0000dc20  esmTriggerErrorPinReset             
0000dc30  esmActivateNormalOperation          
0000dc40  esmEnableInterrupt                  
0000dc68  esmDisableInterrupt                 
0000dc90  esmSetInterruptLevel                
0000dd04  esmClearStatus                      
0000dd44  esmClearStatusBuffer                
0000dd60  esmSetCounterPreloadValue           
0000dd80  esmGetStatus                        
0000de04  esmGetStatusBuffer                  
0000de3c  esmEnterSelfTest                    
0000dec4  esmSelfTestStatus                   
0000df14  esmGetConfigValue                   
0000e068  gioInit                             
0000e138  gioSetDirection                     
0000e158  gioSetBit                           
0000e1a8  gioSetPort                          
0000e1c8  gioGetBit                           
0000e1f0  gioGetPort                          
0000e208  gioToggleBit                        
0000e260  gioEnableNotification               
0000e2c8  gioDisableNotification              
0000e330  gioGetConfigValue                   
0000e4ec  _coreInitRegisters_                 
0000e5f8  _coreInitStackPointer_              
0000e644  _getCPSRValue_                      
0000e64c  _gotoCPUIdle_                       
0000e664  _coreEnableVfp_                     
0000e67c  _coreEnableEventBusExport_          
0000e68c  _coreDisableEventBusExport_         
0000e69c  _coreEnableRamEcc_                  
0000e6ac  _coreDisableRamEcc_                 
0000e6bc  _coreEnableFlashEcc_                
0000e6d0  _coreDisableFlashEcc_               
0000e6e0  _coreEnableIrqVicOffset_            
0000e6f0  _coreGetDataFault_                  
0000e6f8  _coreClearDataFault_                
0000e704  _coreGetInstructionFault_           
0000e70c  _coreClearInstructionFault_         
0000e718  _coreGetDataFaultAddress_           
0000e720  _coreClearDataFaultAddress_         
0000e72c  _coreGetInstructionFaultAddress_    
0000e734  _coreClearInstructionFaultAddress_  
0000e740  _coreGetAuxiliaryDataFault_         
0000e748  _coreClearAuxiliaryDataFault_       
0000e754  _coreGetAuxiliaryInstructionFault_  
0000e75c  _coreClearAuxiliaryInstructionFault_
0000e768  _disable_interrupt_                 
0000e770  _disable_FIQ_interrupt_             
0000e778  _disable_IRQ_interrupt_             
0000e780  _enable_interrupt_                  
0000e788  _esmCcmErrorsClear_                 
0000e810  _errata_CORTEXR4_57_                
0000e820  _errata_CORTEXR4_66_                
0000e830  __TI_PINIT_Base                     
0000e834  __TI_PINIT_Limit                    
0000e838  vimParityErrorHandler               
0000eb04  _c_int00                            
0000f00c  coral__sendMDMessage                
0000f14c  coral__receiveMDStatus              
0000f160  coral__setup                        
0000f18c  coral__ledOn                        
0000f1b4  coral__parity                       
0000f220  i2cNotification                     
0000f258  vListInitialise                     
0000f2b0  vListInitialiseItem                 
0000f2cc  vListInsertEnd                      
0000f340  vListInsert                         
0000f404  uxListRemove                        
0000f490  esmGroup1Notification               
0000f4a0  esmGroup2Notification               
0000f4b0  memoryPort0TestFailNotification     
0000f4cc  memoryPort1TestFailNotification     
0000f4e8  adcNotification                     
0000f4fc  canErrorNotification                
0000f510  canStatusChangeNotification         
0000f524  canMessageNotification              
0000f538  dccNotification                     
0000f54c  gioNotification                     
0000f574  linNotification                     
0000f588  mibspiNotification                  
0000f59c  mibspiGroupNotification             
0000f5b0  sciNotification                     
0000f5c4  spiNotification                     
0000f5d8  spiEndNotification                  
0000f5e8  pwmNotification                     
0000f600  edgeNotification                    
0000f614  hetNotification                     
0000f628  crcNotification                     
0000f63c  etpwmNotification                   
0000f64c  etpwmTripNotification               
0000f660  eqepNotification                    
0000f674  ecapNotification                    
0000f688  dmaGroupANotification               
0000f69c  emacTxNotification                  
0000f6ac  emacRxNotification                  
0000f6bc  i2cInterrupt                        
0000fb48  xTaskNotifyStateClear               
0000fbc4  esmHighInterrupt                    
0000fcd8  _dabort                             
0000fdc0  _pmuInit_                           
0000fe0c  _pmuEnableCountersGlobal_           
0000fe1c  _pmuDisableCountersGlobal_          
0000fe2c  _pmuResetCycleCounter_              
0000fe3c  _pmuResetEventCounters_             
0000fe4c  _pmuResetCounters_                  
0000fe5c  _pmuStartCounters_                  
0000fe64  _pmuStopCounters_                   
0000fe6c  _pmuSetCountEvent_                  
0000fe78  _pmuGetCycleCount_                  
0000fe80  _pmuGetEventCount_                  
0000fe8c  _pmuGetOverflow_                    
0000fea1  __aeabi_memcpy                      
0000fea1  __aeabi_memcpy4                     
0000fea1  __aeabi_memcpy8                     
0000fea1  memcpy                              
0000ff3d  __aeabi_memclr                      
0000ff3d  __aeabi_memclr4                     
0000ff3d  __aeabi_memclr8                     
0000ff3f  __aeabi_memset                      
0000ff3f  __aeabi_memset4                     
0000ff3f  __aeabi_memset8                     
0000ff45  memset                              
0000ffb7  __TI_decompress_lzss                
00010025  __TI_auto_init_nobinit_nopinit      
00010068  main                                
00010078  testbench                           
000100a1  strlen                              
000100b7  __TI_decompress_none                
000100c5  __TI_zero_init                      
000100d1  C$$EXIT                             
000100d1  abort                               
000100d4  phantomInterrupt                    
000100d8  handlePLLLockFail                   
080008d0  pxCurrentTCB                        
08003010  ulCriticalNesting                   
08003014  ulTaskHasFPUContext                 
0800302c  i2cInUse                            
ffffffff  __TI_pprof_out_hndl                 
ffffffff  __TI_prof_data_size                 
ffffffff  __TI_prof_data_start                
ffffffff  __binit__                           
ffffffff  __c_args__                          
ffffffff  binit                               
UNDEFED   SHT$$INIT_ARRAY$$Base               
UNDEFED   SHT$$INIT_ARRAY$$Limit              
UNDEFED   _system_post_cinit                  

[351 symbols]
