<?xml version="1.0" encoding="ISO-8859-1" ?>
<link_info>
   <banner>TI ARM Linker PC v18.1.3.LTS</banner>
   <copyright>Copyright (c) 1996-2017 Texas Instruments Incorporated</copyright>
   <link_time>0x5c92de2f</link_time>
   <link_errors>0x0</link_errors>
   <output_file>RM46_HAL_TEST.out</output_file>
   <entry_point>
      <name>_c_int00</name>
      <address>0xeb04</address>
   </entry_point>
   <input_file_list>
      <input_file id="fl-2">
         <path>.\source\</path>
         <kind>object</kind>
         <file>adc.obj</file>
         <name>adc.obj</name>
      </input_file>
      <input_file id="fl-3">
         <path>.\source\</path>
         <kind>object</kind>
         <file>can.obj</file>
         <name>can.obj</name>
      </input_file>
      <input_file id="fl-4">
         <path>.\source\</path>
         <kind>object</kind>
         <file>coral.obj</file>
         <name>coral.obj</name>
      </input_file>
      <input_file id="fl-5">
         <path>.\source\</path>
         <kind>object</kind>
         <file>crc.obj</file>
         <name>crc.obj</name>
      </input_file>
      <input_file id="fl-6">
         <path>.\source\</path>
         <kind>object</kind>
         <file>dabort.obj</file>
         <name>dabort.obj</name>
      </input_file>
      <input_file id="fl-7">
         <path>.\source\</path>
         <kind>object</kind>
         <file>dcc.obj</file>
         <name>dcc.obj</name>
      </input_file>
      <input_file id="fl-8">
         <path>.\source\</path>
         <kind>object</kind>
         <file>ecap.obj</file>
         <name>ecap.obj</name>
      </input_file>
      <input_file id="fl-9">
         <path>.\source\</path>
         <kind>object</kind>
         <file>emac.obj</file>
         <name>emac.obj</name>
      </input_file>
      <input_file id="fl-a">
         <path>.\source\</path>
         <kind>object</kind>
         <file>eqep.obj</file>
         <name>eqep.obj</name>
      </input_file>
      <input_file id="fl-b">
         <path>.\source\</path>
         <kind>object</kind>
         <file>errata_SSWF021_45.obj</file>
         <name>errata_SSWF021_45.obj</name>
      </input_file>
      <input_file id="fl-c">
         <path>.\source\</path>
         <kind>object</kind>
         <file>esm.obj</file>
         <name>esm.obj</name>
      </input_file>
      <input_file id="fl-d">
         <path>.\source\</path>
         <kind>object</kind>
         <file>etpwm.obj</file>
         <name>etpwm.obj</name>
      </input_file>
      <input_file id="fl-e">
         <path>.\source\</path>
         <kind>object</kind>
         <file>gio.obj</file>
         <name>gio.obj</name>
      </input_file>
      <input_file id="fl-f">
         <path>.\source\</path>
         <kind>object</kind>
         <file>het.obj</file>
         <name>het.obj</name>
      </input_file>
      <input_file id="fl-10">
         <path>.\source\</path>
         <kind>object</kind>
         <file>i2c.obj</file>
         <name>i2c.obj</name>
      </input_file>
      <input_file id="fl-11">
         <path>.\source\</path>
         <kind>object</kind>
         <file>lin.obj</file>
         <name>lin.obj</name>
      </input_file>
      <input_file id="fl-12">
         <path>.\source\</path>
         <kind>object</kind>
         <file>mdio.obj</file>
         <name>mdio.obj</name>
      </input_file>
      <input_file id="fl-13">
         <path>.\source\</path>
         <kind>object</kind>
         <file>mibspi.obj</file>
         <name>mibspi.obj</name>
      </input_file>
      <input_file id="fl-14">
         <path>.\source\</path>
         <kind>object</kind>
         <file>notification.obj</file>
         <name>notification.obj</name>
      </input_file>
      <input_file id="fl-15">
         <path>.\source\</path>
         <kind>object</kind>
         <file>os_croutine.obj</file>
         <name>os_croutine.obj</name>
      </input_file>
      <input_file id="fl-16">
         <path>.\source\</path>
         <kind>object</kind>
         <file>os_event_groups.obj</file>
         <name>os_event_groups.obj</name>
      </input_file>
      <input_file id="fl-17">
         <path>.\source\</path>
         <kind>object</kind>
         <file>os_heap.obj</file>
         <name>os_heap.obj</name>
      </input_file>
      <input_file id="fl-18">
         <path>.\source\</path>
         <kind>object</kind>
         <file>os_list.obj</file>
         <name>os_list.obj</name>
      </input_file>
      <input_file id="fl-19">
         <path>.\source\</path>
         <kind>object</kind>
         <file>os_mpu_wrappers.obj</file>
         <name>os_mpu_wrappers.obj</name>
      </input_file>
      <input_file id="fl-1a">
         <path>.\source\</path>
         <kind>object</kind>
         <file>os_port.obj</file>
         <name>os_port.obj</name>
      </input_file>
      <input_file id="fl-1b">
         <path>.\source\</path>
         <kind>object</kind>
         <file>os_portasm.obj</file>
         <name>os_portasm.obj</name>
      </input_file>
      <input_file id="fl-1c">
         <path>.\source\</path>
         <kind>object</kind>
         <file>os_queue.obj</file>
         <name>os_queue.obj</name>
      </input_file>
      <input_file id="fl-1d">
         <path>.\source\</path>
         <kind>object</kind>
         <file>os_tasks.obj</file>
         <name>os_tasks.obj</name>
      </input_file>
      <input_file id="fl-1e">
         <path>.\source\</path>
         <kind>object</kind>
         <file>os_timer.obj</file>
         <name>os_timer.obj</name>
      </input_file>
      <input_file id="fl-1f">
         <path>.\source\</path>
         <kind>object</kind>
         <file>phy_dp83640.obj</file>
         <name>phy_dp83640.obj</name>
      </input_file>
      <input_file id="fl-20">
         <path>.\source\</path>
         <kind>object</kind>
         <file>pinmux.obj</file>
         <name>pinmux.obj</name>
      </input_file>
      <input_file id="fl-21">
         <path>.\source\</path>
         <kind>object</kind>
         <file>pom.obj</file>
         <name>pom.obj</name>
      </input_file>
      <input_file id="fl-22">
         <path>.\source\</path>
         <kind>object</kind>
         <file>sci.obj</file>
         <name>sci.obj</name>
      </input_file>
      <input_file id="fl-23">
         <path>.\source\</path>
         <kind>object</kind>
         <file>spi.obj</file>
         <name>spi.obj</name>
      </input_file>
      <input_file id="fl-24">
         <path>.\source\</path>
         <kind>object</kind>
         <file>sys_core.obj</file>
         <name>sys_core.obj</name>
      </input_file>
      <input_file id="fl-25">
         <path>.\source\</path>
         <kind>object</kind>
         <file>sys_dma.obj</file>
         <name>sys_dma.obj</name>
      </input_file>
      <input_file id="fl-26">
         <path>.\source\</path>
         <kind>object</kind>
         <file>sys_intvecs.obj</file>
         <name>sys_intvecs.obj</name>
      </input_file>
      <input_file id="fl-27">
         <path>.\source\</path>
         <kind>object</kind>
         <file>sys_main.obj</file>
         <name>sys_main.obj</name>
      </input_file>
      <input_file id="fl-28">
         <path>.\source\</path>
         <kind>object</kind>
         <file>sys_mpu.obj</file>
         <name>sys_mpu.obj</name>
      </input_file>
      <input_file id="fl-29">
         <path>.\source\</path>
         <kind>object</kind>
         <file>sys_pcr.obj</file>
         <name>sys_pcr.obj</name>
      </input_file>
      <input_file id="fl-2a">
         <path>.\source\</path>
         <kind>object</kind>
         <file>sys_phantom.obj</file>
         <name>sys_phantom.obj</name>
      </input_file>
      <input_file id="fl-2b">
         <path>.\source\</path>
         <kind>object</kind>
         <file>sys_pmm.obj</file>
         <name>sys_pmm.obj</name>
      </input_file>
      <input_file id="fl-2c">
         <path>.\source\</path>
         <kind>object</kind>
         <file>sys_pmu.obj</file>
         <name>sys_pmu.obj</name>
      </input_file>
      <input_file id="fl-2d">
         <path>.\source\</path>
         <kind>object</kind>
         <file>sys_selftest.obj</file>
         <name>sys_selftest.obj</name>
      </input_file>
      <input_file id="fl-2e">
         <path>.\source\</path>
         <kind>object</kind>
         <file>sys_startup.obj</file>
         <name>sys_startup.obj</name>
      </input_file>
      <input_file id="fl-2f">
         <path>.\source\</path>
         <kind>object</kind>
         <file>sys_vim.obj</file>
         <name>sys_vim.obj</name>
      </input_file>
      <input_file id="fl-30">
         <path>.\source\</path>
         <kind>object</kind>
         <file>system.obj</file>
         <name>system.obj</name>
      </input_file>
      <input_file id="fl-34">
         <kind>object</kind>
         <file>&lt;internal&gt;</file>
         <name>&lt;internal&gt;</name>
      </input_file>
      <input_file id="fl-35">
         <path>C:\ti\ccsv8\tools\compiler\ti-cgt-arm_18.1.3.LTS\lib\</path>
         <kind>archive</kind>
         <file>rtsv7R4_T_le_v3D16_eabi.lib</file>
         <name>s_floor.c.obj</name>
      </input_file>
      <input_file id="fl-36">
         <path>C:\ti\ccsv8\tools\compiler\ti-cgt-arm_18.1.3.LTS\lib\</path>
         <kind>archive</kind>
         <file>rtsv7R4_T_le_v3D16_eabi.lib</file>
         <name>memset_t2.asm.obj</name>
      </input_file>
      <input_file id="fl-37">
         <path>C:\ti\ccsv8\tools\compiler\ti-cgt-arm_18.1.3.LTS\lib\</path>
         <kind>archive</kind>
         <file>rtsv7R4_T_le_v3D16_eabi.lib</file>
         <name>memcpy_t2.asm.obj</name>
      </input_file>
      <input_file id="fl-38">
         <path>C:\ti\ccsv8\tools\compiler\ti-cgt-arm_18.1.3.LTS\lib\</path>
         <kind>archive</kind>
         <file>rtsv7R4_T_le_v3D16_eabi.lib</file>
         <name>u_div32.asm.obj</name>
      </input_file>
      <input_file id="fl-39">
         <path>C:\ti\ccsv8\tools\compiler\ti-cgt-arm_18.1.3.LTS\lib\</path>
         <kind>archive</kind>
         <file>rtsv7R4_T_le_v3D16_eabi.lib</file>
         <name>autoinit.c.obj</name>
      </input_file>
      <input_file id="fl-3a">
         <path>C:\ti\ccsv8\tools\compiler\ti-cgt-arm_18.1.3.LTS\lib\</path>
         <kind>archive</kind>
         <file>rtsv7R4_T_le_v3D16_eabi.lib</file>
         <name>cpy_tbl.c.obj</name>
      </input_file>
      <input_file id="fl-3b">
         <path>C:\ti\ccsv8\tools\compiler\ti-cgt-arm_18.1.3.LTS\lib\</path>
         <kind>archive</kind>
         <file>rtsv7R4_T_le_v3D16_eabi.lib</file>
         <name>copy_zero_init.c.obj</name>
      </input_file>
      <input_file id="fl-3c">
         <path>C:\ti\ccsv8\tools\compiler\ti-cgt-arm_18.1.3.LTS\lib\</path>
         <kind>archive</kind>
         <file>rtsv7R4_T_le_v3D16_eabi.lib</file>
         <name>copy_decompress_none.c.obj</name>
      </input_file>
      <input_file id="fl-3d">
         <path>C:\ti\ccsv8\tools\compiler\ti-cgt-arm_18.1.3.LTS\lib\</path>
         <kind>archive</kind>
         <file>rtsv7R4_T_le_v3D16_eabi.lib</file>
         <name>copy_decompress_lzss.c.obj</name>
      </input_file>
      <input_file id="fl-3e">
         <path>C:\ti\ccsv8\tools\compiler\ti-cgt-arm_18.1.3.LTS\lib\</path>
         <kind>archive</kind>
         <file>rtsv7R4_T_le_v3D16_eabi.lib</file>
         <name>exit.c.obj</name>
      </input_file>
      <input_file id="fl-3f">
         <path>C:\ti\ccsv8\tools\compiler\ti-cgt-arm_18.1.3.LTS\lib\</path>
         <kind>archive</kind>
         <file>rtsv7R4_T_le_v3D16_eabi.lib</file>
         <name>_lock.c.obj</name>
      </input_file>
      <input_file id="fl-40">
         <path>C:\ti\ccsv8\tools\compiler\ti-cgt-arm_18.1.3.LTS\lib\</path>
         <kind>archive</kind>
         <file>rtsv7R4_T_le_v3D16_eabi.lib</file>
         <name>strlen.c.obj</name>
      </input_file>
      <input_file id="fl-41">
         <path>C:\ti\ccsv8\tools\compiler\ti-cgt-arm_18.1.3.LTS\lib\</path>
         <kind>archive</kind>
         <file>rtsv7R4_T_le_v3D16_eabi.lib</file>
         <name>div0.asm.obj</name>
      </input_file>
   </input_file_list>
   <object_component_list>
      <object_component id="oc-2a">
         <name>.intvecs</name>
         <load_address>0x0</load_address>
         <run_address>0x0</run_address>
         <size>0x20</size>
         <input_file_ref idref="fl-26"/>
      </object_component>
      <object_component id="oc-149">
         <name>.kernelTEXT</name>
         <load_address>0x20</load_address>
         <run_address>0x20</run_address>
         <size>0x2fa0</size>
         <input_file_ref idref="fl-1d"/>
      </object_component>
      <object_component id="oc-2e7">
         <name>.kernelTEXT</name>
         <load_address>0x2fc0</load_address>
         <run_address>0x2fc0</run_address>
         <size>0x1374</size>
         <input_file_ref idref="fl-1c"/>
      </object_component>
      <object_component id="oc-255">
         <name>.kernelTEXT</name>
         <load_address>0x4334</load_address>
         <run_address>0x4334</run_address>
         <size>0xab0</size>
         <input_file_ref idref="fl-1e"/>
      </object_component>
      <object_component id="oc-9c">
         <name>.kernelTEXT</name>
         <load_address>0x4de4</load_address>
         <run_address>0x4de4</run_address>
         <size>0x4bc</size>
         <input_file_ref idref="fl-1b"/>
      </object_component>
      <object_component id="oc-249">
         <name>.kernelTEXT</name>
         <load_address>0x52a0</load_address>
         <run_address>0x52a0</run_address>
         <size>0x3e0</size>
         <input_file_ref idref="fl-1a"/>
      </object_component>
      <object_component id="oc-23d">
         <name>.kernelTEXT</name>
         <load_address>0x5680</load_address>
         <run_address>0x5680</run_address>
         <size>0x380</size>
         <input_file_ref idref="fl-17"/>
      </object_component>
      <object_component id="oc-3e5">
         <name>__TI_handler_table</name>
         <load_address>0x5a00</load_address>
         <run_address>0x5a00</run_address>
         <size>0xc</size>
      </object_component>
      <object_component id="oc-3ea">
         <name>.cinit..data.load</name>
         <load_address>0x5a0c</load_address>
         <run_address>0x5a0c</run_address>
         <size>0xb</size>
      </object_component>
      <object_component id="oc-3e7">
         <name>.cinit..kernelBSS.load</name>
         <load_address>0x5a17</load_address>
         <run_address>0x5a17</run_address>
         <size>0x9</size>
      </object_component>
      <object_component id="oc-3e9">
         <name>.cinit..bss.load</name>
         <load_address>0x5a20</load_address>
         <run_address>0x5a20</run_address>
         <size>0x8</size>
      </object_component>
      <object_component id="oc-3e8">
         <name>.cinit..kernelHEAP.load</name>
         <load_address>0x5a28</load_address>
         <run_address>0x5a28</run_address>
         <size>0x8</size>
      </object_component>
      <object_component id="oc-3e6">
         <name>__TI_cinit_table</name>
         <load_address>0x5a30</load_address>
         <run_address>0x5a30</run_address>
         <size>0x20</size>
      </object_component>
      <object_component id="oc-7b">
         <name>.text</name>
         <load_address>0x8020</load_address>
         <run_address>0x8020</run_address>
         <size>0x2cdc</size>
         <input_file_ref idref="fl-2d"/>
      </object_component>
      <object_component id="oc-75">
         <name>.text</name>
         <load_address>0xacfc</load_address>
         <run_address>0xacfc</run_address>
         <size>0xb64</size>
         <input_file_ref idref="fl-30"/>
      </object_component>
      <object_component id="oc-36">
         <name>.text</name>
         <load_address>0xb860</load_address>
         <run_address>0xb860</run_address>
         <size>0xa58</size>
         <input_file_ref idref="fl-2f"/>
      </object_component>
      <object_component id="oc-1e6">
         <name>.text</name>
         <load_address>0xc2b8</load_address>
         <run_address>0xc2b8</run_address>
         <size>0x8d8</size>
         <input_file_ref idref="fl-10"/>
      </object_component>
      <object_component id="oc-df">
         <name>.text</name>
         <load_address>0xcb90</load_address>
         <run_address>0xcb90</run_address>
         <size>0x8b8</size>
         <input_file_ref idref="fl-20"/>
      </object_component>
      <object_component id="oc-69">
         <name>.text</name>
         <load_address>0xd448</load_address>
         <run_address>0xd448</run_address>
         <size>0x664</size>
         <input_file_ref idref="fl-b"/>
      </object_component>
      <object_component id="oc-81">
         <name>.text</name>
         <load_address>0xdaac</load_address>
         <run_address>0xdaac</run_address>
         <size>0x5bc</size>
         <input_file_ref idref="fl-c"/>
      </object_component>
      <object_component id="oc-1ec">
         <name>.text</name>
         <load_address>0xe068</load_address>
         <run_address>0xe068</run_address>
         <size>0x484</size>
         <input_file_ref idref="fl-e"/>
      </object_component>
      <object_component id="oc-64">
         <name>.text</name>
         <load_address>0xe4ec</load_address>
         <run_address>0xe4ec</run_address>
         <size>0x34c</size>
         <input_file_ref idref="fl-24"/>
      </object_component>
      <object_component id="oc-35">
         <name>.text:retain</name>
         <load_address>0xe838</load_address>
         <run_address>0xe838</run_address>
         <size>0x2cc</size>
         <input_file_ref idref="fl-2f"/>
      </object_component>
      <object_component id="oc-1b">
         <name>.text:retain</name>
         <load_address>0xeb04</load_address>
         <run_address>0xeb04</run_address>
         <size>0x290</size>
         <input_file_ref idref="fl-2e"/>
      </object_component>
      <object_component id="oc-2c9">
         <name>.text</name>
         <load_address>0xed94</load_address>
         <run_address>0xed94</run_address>
         <size>0x278</size>
         <input_file_ref idref="fl-17"/>
      </object_component>
      <object_component id="oc-243">
         <name>.text</name>
         <load_address>0xf00c</load_address>
         <run_address>0xf00c</run_address>
         <size>0x238</size>
         <input_file_ref idref="fl-18"/>
      </object_component>
      <object_component id="oc-90">
         <name>.text</name>
         <load_address>0xf244</load_address>
         <run_address>0xf244</run_address>
         <size>0x22c</size>
         <input_file_ref idref="fl-14"/>
      </object_component>
      <object_component id="oc-125">
         <name>.text</name>
         <load_address>0xf470</load_address>
         <run_address>0xf470</run_address>
         <size>0x21c</size>
         <input_file_ref idref="fl-4"/>
      </object_component>
      <object_component id="oc-2de">
         <name>.text</name>
         <load_address>0xf68c</load_address>
         <run_address>0xf68c</run_address>
         <size>0x1b4</size>
         <input_file_ref idref="fl-1a"/>
      </object_component>
      <object_component id="oc-24f">
         <name>.text</name>
         <load_address>0xf840</load_address>
         <run_address>0xf840</run_address>
         <size>0x164</size>
         <input_file_ref idref="fl-1d"/>
      </object_component>
      <object_component id="oc-21">
         <name>.text:retain</name>
         <load_address>0xf9a4</load_address>
         <run_address>0xf9a4</run_address>
         <size>0x114</size>
         <input_file_ref idref="fl-c"/>
      </object_component>
      <object_component id="oc-a4">
         <name>.text</name>
         <load_address>0xfab8</load_address>
         <run_address>0xfab8</run_address>
         <size>0xe8</size>
         <input_file_ref idref="fl-6"/>
      </object_component>
      <object_component id="oc-e7">
         <name>.text</name>
         <load_address>0xfba0</load_address>
         <run_address>0xfba0</run_address>
         <size>0xe0</size>
         <input_file_ref idref="fl-2c"/>
      </object_component>
      <object_component id="oc-4c">
         <name>.text</name>
         <load_address>0xfc80</load_address>
         <run_address>0xfc80</run_address>
         <size>0x9c</size>
         <input_file_ref idref="fl-37"/>
      </object_component>
      <object_component id="oc-d1">
         <name>.text</name>
         <load_address>0xfd1c</load_address>
         <run_address>0xfd1c</run_address>
         <size>0x7a</size>
         <input_file_ref idref="fl-36"/>
      </object_component>
      <object_component id="oc-e">
         <name>.text:decompress:lzss:__TI_decompress_lzss</name>
         <load_address>0xfd96</load_address>
         <run_address>0xfd96</run_address>
         <size>0x6c</size>
         <input_file_ref idref="fl-3d"/>
      </object_component>
      <object_component id="oc-f5">
         <name>.text:__TI_auto_init_nobinit_nopinit:__TI_auto_init_nobinit_nopinit</name>
         <load_address>0xfe04</load_address>
         <run_address>0xfe04</run_address>
         <size>0x44</size>
         <input_file_ref idref="fl-39"/>
      </object_component>
      <object_component id="oc-88">
         <name>.text</name>
         <load_address>0xfe48</load_address>
         <run_address>0xfe48</run_address>
         <size>0x38</size>
         <input_file_ref idref="fl-27"/>
      </object_component>
      <object_component id="oc-25e">
         <name>.text:strlen</name>
         <load_address>0xfe80</load_address>
         <run_address>0xfe80</run_address>
         <size>0x16</size>
         <input_file_ref idref="fl-40"/>
      </object_component>
      <object_component id="oc-14">
         <name>.text:decompress:none:__TI_decompress_none</name>
         <load_address>0xfe96</load_address>
         <run_address>0xfe96</run_address>
         <size>0xe</size>
         <input_file_ref idref="fl-3c"/>
      </object_component>
      <object_component id="oc-5e">
         <name>.text:decompress:ZI:__TI_zero_init</name>
         <load_address>0xfea4</load_address>
         <run_address>0xfea4</run_address>
         <size>0xc</size>
         <input_file_ref idref="fl-3b"/>
      </object_component>
      <object_component id="oc-131">
         <name>.text:abort:abort</name>
         <load_address>0xfeb0</load_address>
         <run_address>0xfeb0</run_address>
         <size>0x4</size>
         <input_file_ref idref="fl-3e"/>
      </object_component>
      <object_component id="oc-2f">
         <name>.text:retain</name>
         <load_address>0xfeb4</load_address>
         <run_address>0xfeb4</run_address>
         <size>0x4</size>
         <input_file_ref idref="fl-2a"/>
      </object_component>
      <object_component id="oc-6f">
         <name>.text</name>
         <load_address>0xfeb8</load_address>
         <run_address>0xfeb8</run_address>
         <size>0x4</size>
         <input_file_ref idref="fl-2e"/>
      </object_component>
      <object_component id="oc-27">
         <name>.const:s_vim_init</name>
         <load_address>0xfebc</load_address>
         <run_address>0xfebc</run_address>
         <size>0x200</size>
         <input_file_ref idref="fl-2f"/>
      </object_component>
      <object_component id="oc-14f">
         <name>.kernelBSS:init</name>
         <load_address>0x80008d0</load_address>
         <run_address>0x80008d0</run_address>
         <size>0x34</size>
         <input_file_ref idref="fl-1d"/>
      </object_component>
      <object_component id="oc-25b">
         <name>.kernelBSS:uninit</name>
         <load_address>0x8000800</load_address>
         <run_address>0x8000800</run_address>
         <size>0xd0</size>
         <input_file_ref idref="fl-1d"/>
      </object_component>
      <object_component id="oc-2f0">
         <name>.kernelBSS:uninit</name>
         <load_address>0x8000904</load_address>
         <run_address>0x8000904</run_address>
         <size>0x30</size>
         <input_file_ref idref="fl-1e"/>
      </object_component>
      <object_component id="oc-2ed">
         <name>.kernelBSS:init</name>
         <load_address>0x8000934</load_address>
         <run_address>0x8000934</run_address>
         <size>0xc</size>
         <input_file_ref idref="fl-1e"/>
      </object_component>
      <object_component id="oc-386">
         <name>.kernelHEAP</name>
         <uninitialized>true</uninitialized>
         <run_address>0x8001000</run_address>
         <size>0x2000</size>
         <input_file_ref idref="fl-17"/>
      </object_component>
      <object_component id="oc-2a0">
         <name>.bss:g_i2cTransfer_t</name>
         <uninitialized>true</uninitialized>
         <run_address>0x8003018</run_address>
         <size>0xc</size>
         <input_file_ref idref="fl-10"/>
      </object_component>
      <object_component id="oc-2d2">
         <name>.bss:xStart</name>
         <uninitialized>true</uninitialized>
         <run_address>0x8003024</run_address>
         <size>0x8</size>
         <input_file_ref idref="fl-17"/>
      </object_component>
      <object_component id="oc-2cf">
         <name>.data</name>
         <load_address>0x8003000</load_address>
         <run_address>0x8003000</run_address>
         <size>0x10</size>
         <input_file_ref idref="fl-17"/>
      </object_component>
      <object_component id="oc-152">
         <name>.data</name>
         <load_address>0x8003010</load_address>
         <run_address>0x8003010</run_address>
         <size>0x8</size>
         <input_file_ref idref="fl-1a"/>
      </object_component>
      <object_component id="oc-181">
         <name>.debug_info</name>
         <load_address>0x0</load_address>
         <run_address>0x0</run_address>
         <size>0x304</size>
         <input_file_ref idref="fl-2"/>
      </object_component>
      <object_component id="oc-196">
         <name>.debug_info</name>
         <load_address>0x304</load_address>
         <run_address>0x304</run_address>
         <size>0x791</size>
         <input_file_ref idref="fl-2"/>
      </object_component>
      <object_component id="oc-158">
         <name>.debug_info</name>
         <load_address>0xa95</load_address>
         <run_address>0xa95</run_address>
         <size>0x26b</size>
         <input_file_ref idref="fl-2"/>
      </object_component>
      <object_component id="oc-97">
         <name>.debug_info</name>
         <load_address>0xd00</load_address>
         <run_address>0xd00</run_address>
         <size>0x157</size>
         <input_file_ref idref="fl-2"/>
      </object_component>
      <object_component id="oc-b1">
         <name>.debug_info</name>
         <load_address>0xe57</load_address>
         <run_address>0xe57</run_address>
         <size>0x8b</size>
         <input_file_ref idref="fl-2"/>
      </object_component>
      <object_component id="oc-ac">
         <name>.debug_info</name>
         <load_address>0xee2</load_address>
         <run_address>0xee2</run_address>
         <size>0x18c</size>
         <input_file_ref idref="fl-2"/>
      </object_component>
      <object_component id="oc-238">
         <name>.debug_info</name>
         <load_address>0x106e</load_address>
         <run_address>0x106e</run_address>
         <size>0x297</size>
         <input_file_ref idref="fl-2"/>
      </object_component>
      <object_component id="oc-144">
         <name>.debug_info</name>
         <load_address>0x1305</load_address>
         <run_address>0x1305</run_address>
         <size>0xbb</size>
         <input_file_ref idref="fl-2"/>
      </object_component>
      <object_component id="oc-b6">
         <name>.debug_info</name>
         <load_address>0x13c0</load_address>
         <run_address>0x13c0</run_address>
         <size>0x86</size>
         <input_file_ref idref="fl-2"/>
      </object_component>
      <object_component id="oc-27b">
         <name>.debug_info</name>
         <load_address>0x1446</load_address>
         <run_address>0x1446</run_address>
         <size>0x38f</size>
         <input_file_ref idref="fl-2"/>
      </object_component>
      <object_component id="oc-176">
         <name>.debug_info</name>
         <load_address>0x17d5</load_address>
         <run_address>0x17d5</run_address>
         <size>0x2d0</size>
         <input_file_ref idref="fl-2"/>
      </object_component>
      <object_component id="oc-28a">
         <name>.debug_info</name>
         <load_address>0x1aa5</load_address>
         <run_address>0x1aa5</run_address>
         <size>0x2f3</size>
         <input_file_ref idref="fl-3"/>
      </object_component>
      <object_component id="oc-1a5">
         <name>.debug_info</name>
         <load_address>0x1d98</load_address>
         <run_address>0x1d98</run_address>
         <size>0x437</size>
         <input_file_ref idref="fl-3"/>
      </object_component>
      <object_component id="oc-31e">
         <name>.debug_info</name>
         <load_address>0x21cf</load_address>
         <run_address>0x21cf</run_address>
         <size>0x15f</size>
         <input_file_ref idref="fl-3"/>
      </object_component>
      <object_component id="oc-1f3">
         <name>.debug_info</name>
         <load_address>0x232e</load_address>
         <run_address>0x232e</run_address>
         <size>0x6cc</size>
         <input_file_ref idref="fl-4"/>
      </object_component>
      <object_component id="oc-126">
         <name>.debug_info</name>
         <load_address>0x29fa</load_address>
         <run_address>0x29fa</run_address>
         <size>0x5a1</size>
         <input_file_ref idref="fl-4"/>
      </object_component>
      <object_component id="oc-2a9">
         <name>.debug_info</name>
         <load_address>0x2f9b</load_address>
         <run_address>0x2f9b</run_address>
         <size>0x395</size>
         <input_file_ref idref="fl-4"/>
      </object_component>
      <object_component id="oc-265">
         <name>.debug_info</name>
         <load_address>0x3330</load_address>
         <run_address>0x3330</run_address>
         <size>0xe1</size>
         <input_file_ref idref="fl-4"/>
      </object_component>
      <object_component id="oc-12c">
         <name>.debug_info</name>
         <load_address>0x3411</load_address>
         <run_address>0x3411</run_address>
         <size>0xda</size>
         <input_file_ref idref="fl-4"/>
      </object_component>
      <object_component id="oc-352">
         <name>.debug_info</name>
         <load_address>0x34eb</load_address>
         <run_address>0x34eb</run_address>
         <size>0x46</size>
         <input_file_ref idref="fl-4"/>
      </object_component>
      <object_component id="oc-2ae">
         <name>.debug_info</name>
         <load_address>0x3531</load_address>
         <run_address>0x3531</run_address>
         <size>0x2c</size>
         <input_file_ref idref="fl-4"/>
      </object_component>
      <object_component id="oc-26b">
         <name>.debug_info</name>
         <load_address>0x355d</load_address>
         <run_address>0x355d</run_address>
         <size>0x2c</size>
         <input_file_ref idref="fl-4"/>
      </object_component>
      <object_component id="oc-162">
         <name>.debug_info</name>
         <load_address>0x3589</load_address>
         <run_address>0x3589</run_address>
         <size>0x435</size>
         <input_file_ref idref="fl-4"/>
      </object_component>
      <object_component id="oc-1c3">
         <name>.debug_info</name>
         <load_address>0x39be</load_address>
         <run_address>0x39be</run_address>
         <size>0x551</size>
         <input_file_ref idref="fl-4"/>
      </object_component>
      <object_component id="oc-167">
         <name>.debug_info</name>
         <load_address>0x3f0f</load_address>
         <run_address>0x3f0f</run_address>
         <size>0x1f9</size>
         <input_file_ref idref="fl-4"/>
      </object_component>
      <object_component id="oc-34d">
         <name>.debug_info</name>
         <load_address>0x4108</load_address>
         <run_address>0x4108</run_address>
         <size>0x12a</size>
         <input_file_ref idref="fl-4"/>
      </object_component>
      <object_component id="oc-224">
         <name>.debug_info</name>
         <load_address>0x4232</load_address>
         <run_address>0x4232</run_address>
         <size>0x2e2</size>
         <input_file_ref idref="fl-4"/>
      </object_component>
      <object_component id="oc-346">
         <name>.debug_info</name>
         <load_address>0x4514</load_address>
         <run_address>0x4514</run_address>
         <size>0x34f</size>
         <input_file_ref idref="fl-4"/>
      </object_component>
      <object_component id="oc-1b4">
         <name>.debug_info</name>
         <load_address>0x4863</load_address>
         <run_address>0x4863</run_address>
         <size>0x508</size>
         <input_file_ref idref="fl-4"/>
      </object_component>
      <object_component id="oc-284">
         <name>.debug_info</name>
         <load_address>0x4d6b</load_address>
         <run_address>0x4d6b</run_address>
         <size>0x43c</size>
         <input_file_ref idref="fl-4"/>
      </object_component>
      <object_component id="oc-16c">
         <name>.debug_info</name>
         <load_address>0x51a7</load_address>
         <run_address>0x51a7</run_address>
         <size>0x6a6</size>
         <input_file_ref idref="fl-4"/>
      </object_component>
      <object_component id="oc-171">
         <name>.debug_info</name>
         <load_address>0x584d</load_address>
         <run_address>0x584d</run_address>
         <size>0x13e</size>
         <input_file_ref idref="fl-4"/>
      </object_component>
      <object_component id="oc-2c1">
         <name>.debug_info</name>
         <load_address>0x598b</load_address>
         <run_address>0x598b</run_address>
         <size>0x2b4</size>
         <input_file_ref idref="fl-5"/>
      </object_component>
      <object_component id="oc-206">
         <name>.debug_info</name>
         <load_address>0x5c3f</load_address>
         <run_address>0x5c3f</run_address>
         <size>0x3b8</size>
         <input_file_ref idref="fl-5"/>
      </object_component>
      <object_component id="oc-35c">
         <name>.debug_info</name>
         <load_address>0x5ff7</load_address>
         <run_address>0x5ff7</run_address>
         <size>0x22c</size>
         <input_file_ref idref="fl-5"/>
      </object_component>
      <object_component id="oc-a5">
         <name>.debug_info</name>
         <load_address>0x6223</load_address>
         <run_address>0x6223</run_address>
         <size>0xf7</size>
         <input_file_ref idref="fl-6"/>
      </object_component>
      <object_component id="oc-2c2">
         <name>.debug_info</name>
         <load_address>0x631a</load_address>
         <run_address>0x631a</run_address>
         <size>0x289</size>
         <input_file_ref idref="fl-7"/>
      </object_component>
      <object_component id="oc-363">
         <name>.debug_info</name>
         <load_address>0x65a3</load_address>
         <run_address>0x65a3</run_address>
         <size>0x155</size>
         <input_file_ref idref="fl-7"/>
      </object_component>
      <object_component id="oc-20b">
         <name>.debug_info</name>
         <load_address>0x66f8</load_address>
         <run_address>0x66f8</run_address>
         <size>0x116</size>
         <input_file_ref idref="fl-7"/>
      </object_component>
      <object_component id="oc-2c3">
         <name>.debug_info</name>
         <load_address>0x680e</load_address>
         <run_address>0x680e</run_address>
         <size>0x2a6</size>
         <input_file_ref idref="fl-8"/>
      </object_component>
      <object_component id="oc-36a">
         <name>.debug_info</name>
         <load_address>0x6ab4</load_address>
         <run_address>0x6ab4</run_address>
         <size>0x359</size>
         <input_file_ref idref="fl-8"/>
      </object_component>
      <object_component id="oc-210">
         <name>.debug_info</name>
         <load_address>0x6e0d</load_address>
         <run_address>0x6e0d</run_address>
         <size>0x152</size>
         <input_file_ref idref="fl-8"/>
      </object_component>
      <object_component id="oc-2c4">
         <name>.debug_info</name>
         <load_address>0x6f5f</load_address>
         <run_address>0x6f5f</run_address>
         <size>0x5e5</size>
         <input_file_ref idref="fl-9"/>
      </object_component>
      <object_component id="oc-215">
         <name>.debug_info</name>
         <load_address>0x7544</load_address>
         <run_address>0x7544</run_address>
         <size>0x515</size>
         <input_file_ref idref="fl-9"/>
      </object_component>
      <object_component id="oc-2c6">
         <name>.debug_info</name>
         <load_address>0x7a59</load_address>
         <run_address>0x7a59</run_address>
         <size>0x28a</size>
         <input_file_ref idref="fl-a"/>
      </object_component>
      <object_component id="oc-373">
         <name>.debug_info</name>
         <load_address>0x7ce3</load_address>
         <run_address>0x7ce3</run_address>
         <size>0x669</size>
         <input_file_ref idref="fl-a"/>
      </object_component>
      <object_component id="oc-21a">
         <name>.debug_info</name>
         <load_address>0x834c</load_address>
         <run_address>0x834c</run_address>
         <size>0x22e</size>
         <input_file_ref idref="fl-a"/>
      </object_component>
      <object_component id="oc-191">
         <name>.debug_info</name>
         <load_address>0x857a</load_address>
         <run_address>0x857a</run_address>
         <size>0x2b3</size>
         <input_file_ref idref="fl-b"/>
      </object_component>
      <object_component id="oc-6a">
         <name>.debug_info</name>
         <load_address>0x882d</load_address>
         <run_address>0x882d</run_address>
         <size>0x634</size>
         <input_file_ref idref="fl-b"/>
      </object_component>
      <object_component id="oc-47">
         <name>.debug_info</name>
         <load_address>0x8e61</load_address>
         <run_address>0x8e61</run_address>
         <size>0x84</size>
         <input_file_ref idref="fl-b"/>
      </object_component>
      <object_component id="oc-d9">
         <name>.debug_info</name>
         <load_address>0x8ee5</load_address>
         <run_address>0x8ee5</run_address>
         <size>0x9e7</size>
         <input_file_ref idref="fl-b"/>
      </object_component>
      <object_component id="oc-f4">
         <name>.debug_info</name>
         <load_address>0x98cc</load_address>
         <run_address>0x98cc</run_address>
         <size>0x30b</size>
         <input_file_ref idref="fl-c"/>
      </object_component>
      <object_component id="oc-84">
         <name>.debug_info</name>
         <load_address>0x9bd7</load_address>
         <run_address>0x9bd7</run_address>
         <size>0xb20</size>
         <input_file_ref idref="fl-c"/>
      </object_component>
      <object_component id="oc-24">
         <name>.debug_info</name>
         <load_address>0xa6f7</load_address>
         <run_address>0xa6f7</run_address>
         <size>0x180</size>
         <input_file_ref idref="fl-c"/>
      </object_component>
      <object_component id="oc-15d">
         <name>.debug_info</name>
         <load_address>0xa877</load_address>
         <run_address>0xa877</run_address>
         <size>0x1de</size>
         <input_file_ref idref="fl-c"/>
      </object_component>
      <object_component id="oc-ef">
         <name>.debug_info</name>
         <load_address>0xaa55</load_address>
         <run_address>0xaa55</run_address>
         <size>0x129</size>
         <input_file_ref idref="fl-c"/>
      </object_component>
      <object_component id="oc-2c7">
         <name>.debug_info</name>
         <load_address>0xab7e</load_address>
         <run_address>0xab7e</run_address>
         <size>0x2a8</size>
         <input_file_ref idref="fl-d"/>
      </object_component>
      <object_component id="oc-37a">
         <name>.debug_info</name>
         <load_address>0xae26</load_address>
         <run_address>0xae26</run_address>
         <size>0xc6d</size>
         <input_file_ref idref="fl-d"/>
      </object_component>
      <object_component id="oc-21f">
         <name>.debug_info</name>
         <load_address>0xba93</load_address>
         <run_address>0xba93</run_address>
         <size>0x396</size>
         <input_file_ref idref="fl-d"/>
      </object_component>
      <object_component id="oc-2a6">
         <name>.debug_info</name>
         <load_address>0xbe29</load_address>
         <run_address>0xbe29</run_address>
         <size>0x28e</size>
         <input_file_ref idref="fl-e"/>
      </object_component>
      <object_component id="oc-1ee">
         <name>.debug_info</name>
         <load_address>0xc0b7</load_address>
         <run_address>0xc0b7</run_address>
         <size>0x6d8</size>
         <input_file_ref idref="fl-e"/>
      </object_component>
      <object_component id="oc-28b">
         <name>.debug_info</name>
         <load_address>0xc78f</load_address>
         <run_address>0xc78f</run_address>
         <size>0x2e4</size>
         <input_file_ref idref="fl-f"/>
      </object_component>
      <object_component id="oc-189">
         <name>.debug_info</name>
         <load_address>0xca73</load_address>
         <run_address>0xca73</run_address>
         <size>0x2c</size>
         <input_file_ref idref="fl-f"/>
      </object_component>
      <object_component id="oc-1af">
         <name>.debug_info</name>
         <load_address>0xca9f</load_address>
         <run_address>0xca9f</run_address>
         <size>0x3d3</size>
         <input_file_ref idref="fl-f"/>
      </object_component>
      <object_component id="oc-325">
         <name>.debug_info</name>
         <load_address>0xce72</load_address>
         <run_address>0xce72</run_address>
         <size>0x2e3</size>
         <input_file_ref idref="fl-f"/>
      </object_component>
      <object_component id="oc-2a4">
         <name>.debug_info</name>
         <load_address>0xd155</load_address>
         <run_address>0xd155</run_address>
         <size>0x299</size>
         <input_file_ref idref="fl-10"/>
      </object_component>
      <object_component id="oc-2a1">
         <name>.debug_info</name>
         <load_address>0xd3ee</load_address>
         <run_address>0xd3ee</run_address>
         <size>0xdf</size>
         <input_file_ref idref="fl-10"/>
      </object_component>
      <object_component id="oc-1e7">
         <name>.debug_info</name>
         <load_address>0xd4cd</load_address>
         <run_address>0xd4cd</run_address>
         <size>0xfb2</size>
         <input_file_ref idref="fl-10"/>
      </object_component>
      <object_component id="oc-33f">
         <name>.debug_info</name>
         <load_address>0xe47f</load_address>
         <run_address>0xe47f</run_address>
         <size>0x69</size>
         <input_file_ref idref="fl-10"/>
      </object_component>
      <object_component id="oc-2c8">
         <name>.debug_info</name>
         <load_address>0xe4e8</load_address>
         <run_address>0xe4e8</run_address>
         <size>0x2ba</size>
         <input_file_ref idref="fl-11"/>
      </object_component>
      <object_component id="oc-229">
         <name>.debug_info</name>
         <load_address>0xe7a2</load_address>
         <run_address>0xe7a2</run_address>
         <size>0x2bc</size>
         <input_file_ref idref="fl-11"/>
      </object_component>
      <object_component id="oc-381">
         <name>.debug_info</name>
         <load_address>0xea5e</load_address>
         <run_address>0xea5e</run_address>
         <size>0x186</size>
         <input_file_ref idref="fl-11"/>
      </object_component>
      <object_component id="oc-289">
         <name>.debug_info</name>
         <load_address>0xebe4</load_address>
         <run_address>0xebe4</run_address>
         <size>0x2ef</size>
         <input_file_ref idref="fl-13"/>
      </object_component>
      <object_component id="oc-19b">
         <name>.debug_info</name>
         <load_address>0xeed3</load_address>
         <run_address>0xeed3</run_address>
         <size>0x4de</size>
         <input_file_ref idref="fl-13"/>
      </object_component>
      <object_component id="oc-317">
         <name>.debug_info</name>
         <load_address>0xf3b1</load_address>
         <run_address>0xf3b1</run_address>
         <size>0x44e</size>
         <input_file_ref idref="fl-13"/>
      </object_component>
      <object_component id="oc-13e">
         <name>.debug_info</name>
         <load_address>0xf7ff</load_address>
         <run_address>0xf7ff</run_address>
         <size>0x5f2</size>
         <input_file_ref idref="fl-14"/>
      </object_component>
      <object_component id="oc-91">
         <name>.debug_info</name>
         <load_address>0xfdf1</load_address>
         <run_address>0xfdf1</run_address>
         <size>0x16b4</size>
         <input_file_ref idref="fl-14"/>
      </object_component>
      <object_component id="oc-1a0">
         <name>.debug_info</name>
         <load_address>0x114a5</load_address>
         <run_address>0x114a5</run_address>
         <size>0x3ce</size>
         <input_file_ref idref="fl-14"/>
      </object_component>
      <object_component id="oc-201">
         <name>.debug_info</name>
         <load_address>0x11873</load_address>
         <run_address>0x11873</run_address>
         <size>0x7cd</size>
         <input_file_ref idref="fl-14"/>
      </object_component>
      <object_component id="oc-13f">
         <name>.debug_info</name>
         <load_address>0x12040</load_address>
         <run_address>0x12040</run_address>
         <size>0x673</size>
         <input_file_ref idref="fl-14"/>
      </object_component>
      <object_component id="oc-1d0">
         <name>.debug_info</name>
         <load_address>0x126b3</load_address>
         <run_address>0x126b3</run_address>
         <size>0x37b</size>
         <input_file_ref idref="fl-14"/>
      </object_component>
      <object_component id="oc-1aa">
         <name>.debug_info</name>
         <load_address>0x12a2e</load_address>
         <run_address>0x12a2e</run_address>
         <size>0x1ca</size>
         <input_file_ref idref="fl-14"/>
      </object_component>
      <object_component id="oc-1b9">
         <name>.debug_info</name>
         <load_address>0x12bf8</load_address>
         <run_address>0x12bf8</run_address>
         <size>0x1de</size>
         <input_file_ref idref="fl-14"/>
      </object_component>
      <object_component id="oc-22e">
         <name>.debug_info</name>
         <load_address>0x12dd6</load_address>
         <run_address>0x12dd6</run_address>
         <size>0x243</size>
         <input_file_ref idref="fl-14"/>
      </object_component>
      <object_component id="oc-233">
         <name>.debug_info</name>
         <load_address>0x13019</load_address>
         <run_address>0x13019</run_address>
         <size>0x26c</size>
         <input_file_ref idref="fl-14"/>
      </object_component>
      <object_component id="oc-1c8">
         <name>.debug_info</name>
         <load_address>0x13285</load_address>
         <run_address>0x13285</run_address>
         <size>0x17a</size>
         <input_file_ref idref="fl-14"/>
      </object_component>
      <object_component id="oc-314">
         <name>.debug_info</name>
         <load_address>0x133ff</load_address>
         <run_address>0x133ff</run_address>
         <size>0x1da</size>
         <input_file_ref idref="fl-15"/>
      </object_component>
      <object_component id="oc-270">
         <name>.debug_info</name>
         <load_address>0x135d9</load_address>
         <run_address>0x135d9</run_address>
         <size>0x30c</size>
         <input_file_ref idref="fl-15"/>
      </object_component>
      <object_component id="oc-30f">
         <name>.debug_info</name>
         <load_address>0x138e5</load_address>
         <run_address>0x138e5</run_address>
         <size>0x395</size>
         <input_file_ref idref="fl-15"/>
      </object_component>
      <object_component id="oc-3a7">
         <name>.debug_info</name>
         <load_address>0x13c7a</load_address>
         <run_address>0x13c7a</run_address>
         <size>0xcc</size>
         <input_file_ref idref="fl-15"/>
      </object_component>
      <object_component id="oc-301">
         <name>.debug_info</name>
         <load_address>0x13d46</load_address>
         <run_address>0x13d46</run_address>
         <size>0x14c</size>
         <input_file_ref idref="fl-15"/>
      </object_component>
      <object_component id="oc-395">
         <name>.debug_info</name>
         <load_address>0x13e92</load_address>
         <run_address>0x13e92</run_address>
         <size>0x67f</size>
         <input_file_ref idref="fl-16"/>
      </object_component>
      <object_component id="oc-2d7">
         <name>.debug_info</name>
         <load_address>0x14511</load_address>
         <run_address>0x14511</run_address>
         <size>0x110</size>
         <input_file_ref idref="fl-16"/>
      </object_component>
      <object_component id="oc-3b0">
         <name>.debug_info</name>
         <load_address>0x14621</load_address>
         <run_address>0x14621</run_address>
         <size>0x39</size>
         <input_file_ref idref="fl-16"/>
      </object_component>
      <object_component id="oc-2f4">
         <name>.debug_info</name>
         <load_address>0x1465a</load_address>
         <run_address>0x1465a</run_address>
         <size>0x46</size>
         <input_file_ref idref="fl-16"/>
      </object_component>
      <object_component id="oc-3b5">
         <name>.debug_info</name>
         <load_address>0x146a0</load_address>
         <run_address>0x146a0</run_address>
         <size>0x62</size>
         <input_file_ref idref="fl-16"/>
      </object_component>
      <object_component id="oc-2d6">
         <name>.debug_info</name>
         <load_address>0x14702</load_address>
         <run_address>0x14702</run_address>
         <size>0x427</size>
         <input_file_ref idref="fl-17"/>
      </object_component>
      <object_component id="oc-387">
         <name>.debug_info</name>
         <load_address>0x14b29</load_address>
         <run_address>0x14b29</run_address>
         <size>0xd1</size>
         <input_file_ref idref="fl-17"/>
      </object_component>
      <object_component id="oc-2d3">
         <name>.debug_info</name>
         <load_address>0x14bfa</load_address>
         <run_address>0x14bfa</run_address>
         <size>0xd1</size>
         <input_file_ref idref="fl-17"/>
      </object_component>
      <object_component id="oc-2d0">
         <name>.debug_info</name>
         <load_address>0x14ccb</load_address>
         <run_address>0x14ccb</run_address>
         <size>0x185</size>
         <input_file_ref idref="fl-17"/>
      </object_component>
      <object_component id="oc-23e">
         <name>.debug_info</name>
         <load_address>0x14e50</load_address>
         <run_address>0x14e50</run_address>
         <size>0x52e</size>
         <input_file_ref idref="fl-17"/>
      </object_component>
      <object_component id="oc-2cb">
         <name>.debug_info</name>
         <load_address>0x1537e</load_address>
         <run_address>0x1537e</run_address>
         <size>0x2a8</size>
         <input_file_ref idref="fl-17"/>
      </object_component>
      <object_component id="oc-38e">
         <name>.debug_info</name>
         <load_address>0x15626</load_address>
         <run_address>0x15626</run_address>
         <size>0x62</size>
         <input_file_ref idref="fl-17"/>
      </object_component>
      <object_component id="oc-2dd">
         <name>.debug_info</name>
         <load_address>0x15688</load_address>
         <run_address>0x15688</run_address>
         <size>0x362</size>
         <input_file_ref idref="fl-18"/>
      </object_component>
      <object_component id="oc-244">
         <name>.debug_info</name>
         <load_address>0x159ea</load_address>
         <run_address>0x159ea</run_address>
         <size>0x4af</size>
         <input_file_ref idref="fl-18"/>
      </object_component>
      <object_component id="oc-2e5">
         <name>.debug_info</name>
         <load_address>0x15e99</load_address>
         <run_address>0x15e99</run_address>
         <size>0x47a</size>
         <input_file_ref idref="fl-1a"/>
      </object_component>
      <object_component id="oc-153">
         <name>.debug_info</name>
         <load_address>0x16313</load_address>
         <run_address>0x16313</run_address>
         <size>0x11f</size>
         <input_file_ref idref="fl-1a"/>
      </object_component>
      <object_component id="oc-24a">
         <name>.debug_info</name>
         <load_address>0x16432</load_address>
         <run_address>0x16432</run_address>
         <size>0x5b3</size>
         <input_file_ref idref="fl-1a"/>
      </object_component>
      <object_component id="oc-2df">
         <name>.debug_info</name>
         <load_address>0x169e5</load_address>
         <run_address>0x169e5</run_address>
         <size>0x358</size>
         <input_file_ref idref="fl-1a"/>
      </object_component>
      <object_component id="oc-9f">
         <name>.debug_info</name>
         <load_address>0x16d3d</load_address>
         <run_address>0x16d3d</run_address>
         <size>0x4d8</size>
         <input_file_ref idref="fl-1b"/>
      </object_component>
      <object_component id="oc-39c">
         <name>.debug_info</name>
         <load_address>0x17215</load_address>
         <run_address>0x17215</run_address>
         <size>0x800</size>
         <input_file_ref idref="fl-1c"/>
      </object_component>
      <object_component id="oc-2e9">
         <name>.debug_info</name>
         <load_address>0x17a15</load_address>
         <run_address>0x17a15</run_address>
         <size>0x285c</size>
         <input_file_ref idref="fl-1c"/>
      </object_component>
      <object_component id="oc-3bc">
         <name>.debug_info</name>
         <load_address>0x1a271</load_address>
         <run_address>0x1a271</run_address>
         <size>0x155</size>
         <input_file_ref idref="fl-1c"/>
      </object_component>
      <object_component id="oc-26a">
         <name>.debug_info</name>
         <load_address>0x1a3c6</load_address>
         <run_address>0x1a3c6</run_address>
         <size>0x887</size>
         <input_file_ref idref="fl-1d"/>
      </object_component>
      <object_component id="oc-150">
         <name>.debug_info</name>
         <load_address>0x1ac4d</load_address>
         <run_address>0x1ac4d</run_address>
         <size>0x342</size>
         <input_file_ref idref="fl-1d"/>
      </object_component>
      <object_component id="oc-25c">
         <name>.debug_info</name>
         <load_address>0x1af8f</load_address>
         <run_address>0x1af8f</run_address>
         <size>0x26e</size>
         <input_file_ref idref="fl-1d"/>
      </object_component>
      <object_component id="oc-14a">
         <name>.debug_info</name>
         <load_address>0x1b1fd</load_address>
         <run_address>0x1b1fd</run_address>
         <size>0x50c6</size>
         <input_file_ref idref="fl-1d"/>
      </object_component>
      <object_component id="oc-250">
         <name>.debug_info</name>
         <load_address>0x202c3</load_address>
         <run_address>0x202c3</run_address>
         <size>0x3f0</size>
         <input_file_ref idref="fl-1d"/>
      </object_component>
      <object_component id="oc-30a">
         <name>.debug_info</name>
         <load_address>0x206b3</load_address>
         <run_address>0x206b3</run_address>
         <size>0x17a</size>
         <input_file_ref idref="fl-1d"/>
      </object_component>
      <object_component id="oc-2f9">
         <name>.debug_info</name>
         <load_address>0x2082d</load_address>
         <run_address>0x2082d</run_address>
         <size>0x837</size>
         <input_file_ref idref="fl-1e"/>
      </object_component>
      <object_component id="oc-2f1">
         <name>.debug_info</name>
         <load_address>0x21064</load_address>
         <run_address>0x21064</run_address>
         <size>0x184</size>
         <input_file_ref idref="fl-1e"/>
      </object_component>
      <object_component id="oc-2ee">
         <name>.debug_info</name>
         <load_address>0x211e8</load_address>
         <run_address>0x211e8</run_address>
         <size>0x10c</size>
         <input_file_ref idref="fl-1e"/>
      </object_component>
      <object_component id="oc-257">
         <name>.debug_info</name>
         <load_address>0x212f4</load_address>
         <run_address>0x212f4</run_address>
         <size>0x1c63</size>
         <input_file_ref idref="fl-1e"/>
      </object_component>
      <object_component id="oc-2fa">
         <name>.debug_info</name>
         <load_address>0x22f57</load_address>
         <run_address>0x22f57</run_address>
         <size>0x1ba</size>
         <input_file_ref idref="fl-1e"/>
      </object_component>
      <object_component id="oc-193">
         <name>.debug_info</name>
         <load_address>0x23111</load_address>
         <run_address>0x23111</run_address>
         <size>0x275</size>
         <input_file_ref idref="fl-20"/>
      </object_component>
      <object_component id="oc-e0">
         <name>.debug_info</name>
         <load_address>0x23386</load_address>
         <run_address>0x23386</run_address>
         <size>0x1de</size>
         <input_file_ref idref="fl-20"/>
      </object_component>
      <object_component id="oc-66">
         <name>.debug_info</name>
         <load_address>0x23564</load_address>
         <run_address>0x23564</run_address>
         <size>0x7ec</size>
         <input_file_ref idref="fl-24"/>
      </object_component>
      <object_component id="oc-2d">
         <name>.debug_info</name>
         <load_address>0x23d50</load_address>
         <run_address>0x23d50</run_address>
         <size>0xff</size>
         <input_file_ref idref="fl-26"/>
      </object_component>
      <object_component id="oc-89">
         <name>.debug_info</name>
         <load_address>0x23e4f</load_address>
         <run_address>0x23e4f</run_address>
         <size>0x1d0</size>
         <input_file_ref idref="fl-27"/>
      </object_component>
      <object_component id="oc-28c">
         <name>.debug_info</name>
         <load_address>0x2401f</load_address>
         <run_address>0x2401f</run_address>
         <size>0x294</size>
         <input_file_ref idref="fl-29"/>
      </object_component>
      <object_component id="oc-32c">
         <name>.debug_info</name>
         <load_address>0x242b3</load_address>
         <run_address>0x242b3</run_address>
         <size>0x242</size>
         <input_file_ref idref="fl-29"/>
      </object_component>
      <object_component id="oc-1be">
         <name>.debug_info</name>
         <load_address>0x244f5</load_address>
         <run_address>0x244f5</run_address>
         <size>0x2af</size>
         <input_file_ref idref="fl-29"/>
      </object_component>
      <object_component id="oc-30">
         <name>.debug_info</name>
         <load_address>0x247a4</load_address>
         <run_address>0x247a4</run_address>
         <size>0x131</size>
         <input_file_ref idref="fl-2a"/>
      </object_component>
      <object_component id="oc-e8">
         <name>.debug_info</name>
         <load_address>0x248d5</load_address>
         <run_address>0x248d5</run_address>
         <size>0x35e</size>
         <input_file_ref idref="fl-2c"/>
      </object_component>
      <object_component id="oc-ed">
         <name>.debug_info</name>
         <load_address>0x24c33</load_address>
         <run_address>0x24c33</run_address>
         <size>0x664</size>
         <input_file_ref idref="fl-2d"/>
      </object_component>
      <object_component id="oc-7d">
         <name>.debug_info</name>
         <load_address>0x25297</load_address>
         <run_address>0x25297</run_address>
         <size>0x2e83</size>
         <input_file_ref idref="fl-2d"/>
      </object_component>
      <object_component id="oc-1c">
         <name>.debug_info</name>
         <load_address>0x2811a</load_address>
         <run_address>0x2811a</run_address>
         <size>0x5d7</size>
         <input_file_ref idref="fl-2e"/>
      </object_component>
      <object_component id="oc-70">
         <name>.debug_info</name>
         <load_address>0x286f1</load_address>
         <run_address>0x286f1</run_address>
         <size>0x12a</size>
         <input_file_ref idref="fl-2e"/>
      </object_component>
      <object_component id="oc-a3">
         <name>.debug_info</name>
         <load_address>0x2881b</load_address>
         <run_address>0x2881b</run_address>
         <size>0x49c</size>
         <input_file_ref idref="fl-2f"/>
      </object_component>
      <object_component id="oc-28">
         <name>.debug_info</name>
         <load_address>0x28cb7</load_address>
         <run_address>0x28cb7</run_address>
         <size>0xd9</size>
         <input_file_ref idref="fl-2f"/>
      </object_component>
      <object_component id="oc-37">
         <name>.debug_info</name>
         <load_address>0x28d90</load_address>
         <run_address>0x28d90</run_address>
         <size>0x46b</size>
         <input_file_ref idref="fl-2f"/>
      </object_component>
      <object_component id="oc-3c">
         <name>.debug_info</name>
         <load_address>0x291fb</load_address>
         <run_address>0x291fb</run_address>
         <size>0x1f4</size>
         <input_file_ref idref="fl-2f"/>
      </object_component>
      <object_component id="oc-17b">
         <name>.debug_info</name>
         <load_address>0x293ef</load_address>
         <run_address>0x293ef</run_address>
         <size>0x4f</size>
         <input_file_ref idref="fl-2f"/>
      </object_component>
      <object_component id="oc-e6">
         <name>.debug_info</name>
         <load_address>0x2943e</load_address>
         <run_address>0x2943e</run_address>
         <size>0x511</size>
         <input_file_ref idref="fl-30"/>
      </object_component>
      <object_component id="oc-76">
         <name>.debug_info</name>
         <load_address>0x2994f</load_address>
         <run_address>0x2994f</run_address>
         <size>0x7ce</size>
         <input_file_ref idref="fl-30"/>
      </object_component>
      <object_component id="oc-d3">
         <name>.debug_info</name>
         <load_address>0x2a11d</load_address>
         <run_address>0x2a11d</run_address>
         <size>0x13f</size>
         <input_file_ref idref="fl-36"/>
      </object_component>
      <object_component id="oc-4d">
         <name>.debug_info</name>
         <load_address>0x2a25c</load_address>
         <run_address>0x2a25c</run_address>
         <size>0x111</size>
         <input_file_ref idref="fl-37"/>
      </object_component>
      <object_component id="oc-1d8">
         <name>.debug_info</name>
         <load_address>0x2a36d</load_address>
         <run_address>0x2a36d</run_address>
         <size>0x547</size>
         <input_file_ref idref="fl-39"/>
      </object_component>
      <object_component id="oc-f6">
         <name>.debug_info</name>
         <load_address>0x2a8b4</load_address>
         <run_address>0x2a8b4</run_address>
         <size>0x19b</size>
         <input_file_ref idref="fl-39"/>
      </object_component>
      <object_component id="oc-28f">
         <name>.debug_info</name>
         <load_address>0x2aa4f</load_address>
         <run_address>0x2aa4f</run_address>
         <size>0x39</size>
         <input_file_ref idref="fl-39"/>
      </object_component>
      <object_component id="oc-331">
         <name>.debug_info</name>
         <load_address>0x2aa88</load_address>
         <run_address>0x2aa88</run_address>
         <size>0x39</size>
         <input_file_ref idref="fl-39"/>
      </object_component>
      <object_component id="oc-294">
         <name>.debug_info</name>
         <load_address>0x2aac1</load_address>
         <run_address>0x2aac1</run_address>
         <size>0x39</size>
         <input_file_ref idref="fl-39"/>
      </object_component>
      <object_component id="oc-299">
         <name>.debug_info</name>
         <load_address>0x2aafa</load_address>
         <run_address>0x2aafa</run_address>
         <size>0xcd</size>
         <input_file_ref idref="fl-39"/>
      </object_component>
      <object_component id="oc-d0">
         <name>.debug_info</name>
         <load_address>0x2abc7</load_address>
         <run_address>0x2abc7</run_address>
         <size>0x313</size>
         <input_file_ref idref="fl-3b"/>
      </object_component>
      <object_component id="oc-5f">
         <name>.debug_info</name>
         <load_address>0x2aeda</load_address>
         <run_address>0x2aeda</run_address>
         <size>0x1aa</size>
         <input_file_ref idref="fl-3b"/>
      </object_component>
      <object_component id="oc-cb">
         <name>.debug_info</name>
         <load_address>0x2b084</load_address>
         <run_address>0x2b084</run_address>
         <size>0x46</size>
         <input_file_ref idref="fl-3b"/>
      </object_component>
      <object_component id="oc-57">
         <name>.debug_info</name>
         <load_address>0x2b0ca</load_address>
         <run_address>0x2b0ca</run_address>
         <size>0x298</size>
         <input_file_ref idref="fl-3c"/>
      </object_component>
      <object_component id="oc-16">
         <name>.debug_info</name>
         <load_address>0x2b362</load_address>
         <run_address>0x2b362</run_address>
         <size>0x1ca</size>
         <input_file_ref idref="fl-3c"/>
      </object_component>
      <object_component id="oc-52">
         <name>.debug_info</name>
         <load_address>0x2b52c</load_address>
         <run_address>0x2b52c</run_address>
         <size>0x46</size>
         <input_file_ref idref="fl-3c"/>
      </object_component>
      <object_component id="oc-c3">
         <name>.debug_info</name>
         <load_address>0x2b572</load_address>
         <run_address>0x2b572</run_address>
         <size>0x2c</size>
         <input_file_ref idref="fl-3c"/>
      </object_component>
      <object_component id="oc-c1">
         <name>.debug_info</name>
         <load_address>0x2b59e</load_address>
         <run_address>0x2b59e</run_address>
         <size>0x293</size>
         <input_file_ref idref="fl-3d"/>
      </object_component>
      <object_component id="oc-11">
         <name>.debug_info</name>
         <load_address>0x2b831</load_address>
         <run_address>0x2b831</run_address>
         <size>0x245</size>
         <input_file_ref idref="fl-3d"/>
      </object_component>
      <object_component id="oc-42">
         <name>.debug_info</name>
         <load_address>0x2ba76</load_address>
         <run_address>0x2ba76</run_address>
         <size>0x60</size>
         <input_file_ref idref="fl-3d"/>
      </object_component>
      <object_component id="oc-182">
         <name>.debug_info</name>
         <load_address>0x2bad6</load_address>
         <run_address>0x2bad6</run_address>
         <size>0x46</size>
         <input_file_ref idref="fl-3d"/>
      </object_component>
      <object_component id="oc-bc">
         <name>.debug_info</name>
         <load_address>0x2bb1c</load_address>
         <run_address>0x2bb1c</run_address>
         <size>0x39</size>
         <input_file_ref idref="fl-3d"/>
      </object_component>
      <object_component id="oc-133">
         <name>.debug_info</name>
         <load_address>0x2bb55</load_address>
         <run_address>0x2bb55</run_address>
         <size>0x117</size>
         <input_file_ref idref="fl-3e"/>
      </object_component>
      <object_component id="oc-307">
         <name>.debug_info</name>
         <load_address>0x2bc6c</load_address>
         <run_address>0x2bc6c</run_address>
         <size>0x284</size>
         <input_file_ref idref="fl-40"/>
      </object_component>
      <object_component id="oc-261">
         <name>.debug_info</name>
         <load_address>0x2bef0</load_address>
         <run_address>0x2bef0</run_address>
         <size>0x22a</size>
         <input_file_ref idref="fl-40"/>
      </object_component>
      <object_component id="oc-3eb">
         <name>.debug_info</name>
         <load_address>0x2c11a</load_address>
         <run_address>0x2c11a</run_address>
         <size>0x9e</size>
      </object_component>
      <object_component id="oc-27a">
         <name>.debug_line</name>
         <load_address>0x0</load_address>
         <run_address>0x0</run_address>
         <size>0x20</size>
         <input_file_ref idref="fl-2"/>
      </object_component>
      <object_component id="oc-199">
         <name>.debug_line</name>
         <load_address>0x20</load_address>
         <run_address>0x20</run_address>
         <size>0x5f</size>
         <input_file_ref idref="fl-2"/>
      </object_component>
      <object_component id="oc-15b">
         <name>.debug_line</name>
         <load_address>0x7f</load_address>
         <run_address>0x7f</run_address>
         <size>0x69</size>
         <input_file_ref idref="fl-2"/>
      </object_component>
      <object_component id="oc-9a">
         <name>.debug_line</name>
         <load_address>0xe8</load_address>
         <run_address>0xe8</run_address>
         <size>0x64</size>
         <input_file_ref idref="fl-2"/>
      </object_component>
      <object_component id="oc-b4">
         <name>.debug_line</name>
         <load_address>0x14c</load_address>
         <run_address>0x14c</run_address>
         <size>0x20</size>
         <input_file_ref idref="fl-2"/>
      </object_component>
      <object_component id="oc-af">
         <name>.debug_line</name>
         <load_address>0x16c</load_address>
         <run_address>0x16c</run_address>
         <size>0x5f</size>
         <input_file_ref idref="fl-2"/>
      </object_component>
      <object_component id="oc-23b">
         <name>.debug_line</name>
         <load_address>0x1cb</load_address>
         <run_address>0x1cb</run_address>
         <size>0x6d</size>
         <input_file_ref idref="fl-2"/>
      </object_component>
      <object_component id="oc-147">
         <name>.debug_line</name>
         <load_address>0x238</load_address>
         <run_address>0x238</run_address>
         <size>0x6a</size>
         <input_file_ref idref="fl-2"/>
      </object_component>
      <object_component id="oc-b9">
         <name>.debug_line</name>
         <load_address>0x2a2</load_address>
         <run_address>0x2a2</run_address>
         <size>0x62</size>
         <input_file_ref idref="fl-2"/>
      </object_component>
      <object_component id="oc-27e">
         <name>.debug_line</name>
         <load_address>0x304</load_address>
         <run_address>0x304</run_address>
         <size>0x5b</size>
         <input_file_ref idref="fl-2"/>
      </object_component>
      <object_component id="oc-179">
         <name>.debug_line</name>
         <load_address>0x35f</load_address>
         <run_address>0x35f</run_address>
         <size>0x5f</size>
         <input_file_ref idref="fl-2"/>
      </object_component>
      <object_component id="oc-31d">
         <name>.debug_line</name>
         <load_address>0x3be</load_address>
         <run_address>0x3be</run_address>
         <size>0x20</size>
         <input_file_ref idref="fl-3"/>
      </object_component>
      <object_component id="oc-1a8">
         <name>.debug_line</name>
         <load_address>0x3de</load_address>
         <run_address>0x3de</run_address>
         <size>0x5f</size>
         <input_file_ref idref="fl-3"/>
      </object_component>
      <object_component id="oc-321">
         <name>.debug_line</name>
         <load_address>0x43d</load_address>
         <run_address>0x43d</run_address>
         <size>0x5b</size>
         <input_file_ref idref="fl-3"/>
      </object_component>
      <object_component id="oc-2a8">
         <name>.debug_line</name>
         <load_address>0x498</load_address>
         <run_address>0x498</run_address>
         <size>0x151</size>
         <input_file_ref idref="fl-4"/>
      </object_component>
      <object_component id="oc-129">
         <name>.debug_line</name>
         <load_address>0x5e9</load_address>
         <run_address>0x5e9</run_address>
         <size>0x10e</size>
         <input_file_ref idref="fl-4"/>
      </object_component>
      <object_component id="oc-2ac">
         <name>.debug_line</name>
         <load_address>0x6f7</load_address>
         <run_address>0x6f7</run_address>
         <size>0x60</size>
         <input_file_ref idref="fl-4"/>
      </object_component>
      <object_component id="oc-268">
         <name>.debug_line</name>
         <load_address>0x757</load_address>
         <run_address>0x757</run_address>
         <size>0x64</size>
         <input_file_ref idref="fl-4"/>
      </object_component>
      <object_component id="oc-12f">
         <name>.debug_line</name>
         <load_address>0x7bb</load_address>
         <run_address>0x7bb</run_address>
         <size>0x5d</size>
         <input_file_ref idref="fl-4"/>
      </object_component>
      <object_component id="oc-355">
         <name>.debug_line</name>
         <load_address>0x818</load_address>
         <run_address>0x818</run_address>
         <size>0x60</size>
         <input_file_ref idref="fl-4"/>
      </object_component>
      <object_component id="oc-2b1">
         <name>.debug_line</name>
         <load_address>0x878</load_address>
         <run_address>0x878</run_address>
         <size>0x61</size>
         <input_file_ref idref="fl-4"/>
      </object_component>
      <object_component id="oc-26e">
         <name>.debug_line</name>
         <load_address>0x8d9</load_address>
         <run_address>0x8d9</run_address>
         <size>0x63</size>
         <input_file_ref idref="fl-4"/>
      </object_component>
      <object_component id="oc-165">
         <name>.debug_line</name>
         <load_address>0x93c</load_address>
         <run_address>0x93c</run_address>
         <size>0x61</size>
         <input_file_ref idref="fl-4"/>
      </object_component>
      <object_component id="oc-1c6">
         <name>.debug_line</name>
         <load_address>0x99d</load_address>
         <run_address>0x99d</run_address>
         <size>0x5e</size>
         <input_file_ref idref="fl-4"/>
      </object_component>
      <object_component id="oc-16a">
         <name>.debug_line</name>
         <load_address>0x9fb</load_address>
         <run_address>0x9fb</run_address>
         <size>0x5f</size>
         <input_file_ref idref="fl-4"/>
      </object_component>
      <object_component id="oc-350">
         <name>.debug_line</name>
         <load_address>0xa5a</load_address>
         <run_address>0xa5a</run_address>
         <size>0x5b</size>
         <input_file_ref idref="fl-4"/>
      </object_component>
      <object_component id="oc-227">
         <name>.debug_line</name>
         <load_address>0xab5</load_address>
         <run_address>0xab5</run_address>
         <size>0x5f</size>
         <input_file_ref idref="fl-4"/>
      </object_component>
      <object_component id="oc-349">
         <name>.debug_line</name>
         <load_address>0xb14</load_address>
         <run_address>0xb14</run_address>
         <size>0x5b</size>
         <input_file_ref idref="fl-4"/>
      </object_component>
      <object_component id="oc-1b7">
         <name>.debug_line</name>
         <load_address>0xb6f</load_address>
         <run_address>0xb6f</run_address>
         <size>0x62</size>
         <input_file_ref idref="fl-4"/>
      </object_component>
      <object_component id="oc-287">
         <name>.debug_line</name>
         <load_address>0xbd1</load_address>
         <run_address>0xbd1</run_address>
         <size>0x5e</size>
         <input_file_ref idref="fl-4"/>
      </object_component>
      <object_component id="oc-16f">
         <name>.debug_line</name>
         <load_address>0xc2f</load_address>
         <run_address>0xc2f</run_address>
         <size>0x62</size>
         <input_file_ref idref="fl-4"/>
      </object_component>
      <object_component id="oc-174">
         <name>.debug_line</name>
         <load_address>0xc91</load_address>
         <run_address>0xc91</run_address>
         <size>0x61</size>
         <input_file_ref idref="fl-4"/>
      </object_component>
      <object_component id="oc-35b">
         <name>.debug_line</name>
         <load_address>0xcf2</load_address>
         <run_address>0xcf2</run_address>
         <size>0x20</size>
         <input_file_ref idref="fl-5"/>
      </object_component>
      <object_component id="oc-209">
         <name>.debug_line</name>
         <load_address>0xd12</load_address>
         <run_address>0xd12</run_address>
         <size>0x5f</size>
         <input_file_ref idref="fl-5"/>
      </object_component>
      <object_component id="oc-35f">
         <name>.debug_line</name>
         <load_address>0xd71</load_address>
         <run_address>0xd71</run_address>
         <size>0x5b</size>
         <input_file_ref idref="fl-5"/>
      </object_component>
      <object_component id="oc-a8">
         <name>.debug_line</name>
         <load_address>0xdcc</load_address>
         <run_address>0xdcc</run_address>
         <size>0x78</size>
         <input_file_ref idref="fl-6"/>
      </object_component>
      <object_component id="oc-362">
         <name>.debug_line</name>
         <load_address>0xe44</load_address>
         <run_address>0xe44</run_address>
         <size>0x20</size>
         <input_file_ref idref="fl-7"/>
      </object_component>
      <object_component id="oc-366">
         <name>.debug_line</name>
         <load_address>0xe64</load_address>
         <run_address>0xe64</run_address>
         <size>0x5b</size>
         <input_file_ref idref="fl-7"/>
      </object_component>
      <object_component id="oc-20e">
         <name>.debug_line</name>
         <load_address>0xebf</load_address>
         <run_address>0xebf</run_address>
         <size>0x5f</size>
         <input_file_ref idref="fl-7"/>
      </object_component>
      <object_component id="oc-369">
         <name>.debug_line</name>
         <load_address>0xf1e</load_address>
         <run_address>0xf1e</run_address>
         <size>0x20</size>
         <input_file_ref idref="fl-8"/>
      </object_component>
      <object_component id="oc-36d">
         <name>.debug_line</name>
         <load_address>0xf3e</load_address>
         <run_address>0xf3e</run_address>
         <size>0x5c</size>
         <input_file_ref idref="fl-8"/>
      </object_component>
      <object_component id="oc-213">
         <name>.debug_line</name>
         <load_address>0xf9a</load_address>
         <run_address>0xf9a</run_address>
         <size>0x60</size>
         <input_file_ref idref="fl-8"/>
      </object_component>
      <object_component id="oc-370">
         <name>.debug_line</name>
         <load_address>0xffa</load_address>
         <run_address>0xffa</run_address>
         <size>0xb3</size>
         <input_file_ref idref="fl-9"/>
      </object_component>
      <object_component id="oc-218">
         <name>.debug_line</name>
         <load_address>0x10ad</load_address>
         <run_address>0x10ad</run_address>
         <size>0x5c</size>
         <input_file_ref idref="fl-9"/>
      </object_component>
      <object_component id="oc-372">
         <name>.debug_line</name>
         <load_address>0x1109</load_address>
         <run_address>0x1109</run_address>
         <size>0x20</size>
         <input_file_ref idref="fl-a"/>
      </object_component>
      <object_component id="oc-376">
         <name>.debug_line</name>
[...]
      <symbol id="sm-89e">
         <name>_coreDisableRamEcc_</name>
         <value>0xe6ac</value>
         <object_component_ref idref="oc-64"/>
      </symbol>
      <symbol id="sm-89f">
         <name>_coreGetDataFaultAddress_</name>
         <value>0xe718</value>
         <object_component_ref idref="oc-64"/>
      </symbol>
      <symbol id="sm-8a0">
         <name>_coreClearInstructionFault_</name>
         <value>0xe70c</value>
         <object_component_ref idref="oc-64"/>
      </symbol>
      <symbol id="sm-8a1">
         <name>_getCPSRValue_</name>
         <value>0xe644</value>
         <object_component_ref idref="oc-64"/>
      </symbol>
      <symbol id="sm-8a2">
         <name>__TI_PINIT_Limit</name>
         <value>0xe834</value>
         <object_component_ref idref="oc-64"/>
      </symbol>
      <symbol id="sm-8a3">
         <name>_coreEnableFlashEcc_</name>
         <value>0xe6bc</value>
         <object_component_ref idref="oc-64"/>
      </symbol>
      <symbol id="sm-8a4">
         <name>_disable_FIQ_interrupt_</name>
         <value>0xe770</value>
         <object_component_ref idref="oc-64"/>
      </symbol>
      <symbol id="sm-8a5">
         <name>_coreGetAuxiliaryInstructionFault_</name>
         <value>0xe754</value>
         <object_component_ref idref="oc-64"/>
      </symbol>
      <symbol id="sm-8a6">
         <name>_coreInitStackPointer_</name>
         <value>0xe5f8</value>
         <object_component_ref idref="oc-64"/>
      </symbol>
      <symbol id="sm-8a7">
         <name>_esmCcmErrorsClear_</name>
         <value>0xe788</value>
         <object_component_ref idref="oc-64"/>
      </symbol>
      <symbol id="sm-8a8">
         <name>_gotoCPUIdle_</name>
         <value>0xe64c</value>
         <object_component_ref idref="oc-64"/>
      </symbol>
      <symbol id="sm-8a9">
         <name>_coreEnableIrqVicOffset_</name>
         <value>0xe6e0</value>
         <object_component_ref idref="oc-64"/>
      </symbol>
      <symbol id="sm-8aa">
         <name>_coreGetInstructionFault_</name>
         <value>0xe704</value>
         <object_component_ref idref="oc-64"/>
      </symbol>
      <symbol id="sm-8ab">
         <name>_coreEnableVfp_</name>
         <value>0xe664</value>
         <object_component_ref idref="oc-64"/>
      </symbol>
      <symbol id="sm-8ac">
         <name>_coreClearAuxiliaryDataFault_</name>
         <value>0xe748</value>
         <object_component_ref idref="oc-64"/>
      </symbol>
      <symbol id="sm-8ad">
         <name>_coreEnableEventBusExport_</name>
         <value>0xe67c</value>
         <object_component_ref idref="oc-64"/>
      </symbol>
      <symbol id="sm-8b9">
         <name>resetEntry</name>
         <value>0x0</value>
         <object_component_ref idref="oc-2a"/>
      </symbol>
      <symbol id="sm-8c5">
         <name>main</name>
         <value>0xfe48</value>
         <object_component_ref idref="oc-88"/>
      </symbol>
      <symbol id="sm-8c6">
         <name>testbench</name>
         <value>0xfe58</value>
         <object_component_ref idref="oc-88"/>
      </symbol>
      <symbol id="sm-8df">
         <name>phantomInterrupt</name>
         <value>0xfeb4</value>
         <object_component_ref idref="oc-2f"/>
      </symbol>
      <symbol id="sm-8e9">
         <name>_pmuResetCounters_</name>
         <value>0xfc2c</value>
         <object_component_ref idref="oc-e7"/>
      </symbol>
      <symbol id="sm-8ea">
         <name>_pmuGetEventCount_</name>
         <value>0xfc60</value>
         <object_component_ref idref="oc-e7"/>
      </symbol>
      <symbol id="sm-8eb">
         <name>_pmuResetEventCounters_</name>
         <value>0xfc1c</value>
         <object_component_ref idref="oc-e7"/>
      </symbol>
      <symbol id="sm-8ec">
         <name>_pmuStopCounters_</name>
         <value>0xfc44</value>
         <object_component_ref idref="oc-e7"/>
      </symbol>
      <symbol id="sm-8ed">
         <name>_pmuInit_</name>
         <value>0xfba0</value>
         <object_component_ref idref="oc-e7"/>
      </symbol>
      <symbol id="sm-8ee">
         <name>_pmuGetOverflow_</name>
         <value>0xfc6c</value>
         <object_component_ref idref="oc-e7"/>
      </symbol>
      <symbol id="sm-8ef">
         <name>_pmuResetCycleCounter_</name>
         <value>0xfc0c</value>
         <object_component_ref idref="oc-e7"/>
      </symbol>
      <symbol id="sm-8f0">
         <name>_pmuSetCountEvent_</name>
         <value>0xfc4c</value>
         <object_component_ref idref="oc-e7"/>
      </symbol>
      <symbol id="sm-8f1">
         <name>_pmuGetCycleCount_</name>
         <value>0xfc58</value>
         <object_component_ref idref="oc-e7"/>
      </symbol>
      <symbol id="sm-8f2">
         <name>_pmuEnableCountersGlobal_</name>
         <value>0xfbec</value>
         <object_component_ref idref="oc-e7"/>
      </symbol>
      <symbol id="sm-8f3">
         <name>_pmuDisableCountersGlobal_</name>
         <value>0xfbfc</value>
         <object_component_ref idref="oc-e7"/>
      </symbol>
      <symbol id="sm-8f4">
         <name>_pmuStartCounters_</name>
         <value>0xfc3c</value>
         <object_component_ref idref="oc-e7"/>
      </symbol>
      <symbol id="sm-ab4">
         <name>pbistSelfCheck</name>
         <value>0x82cc</value>
         <object_component_ref idref="oc-7b"/>
      </symbol>
      <symbol id="sm-ab5">
         <name>fmcBus1ParityCheck</name>
         <value>0xa2c4</value>
         <object_component_ref idref="oc-7b"/>
      </symbol>
      <symbol id="sm-ab6">
         <name>can1ParityCheck</name>
         <value>0x9410</value>
         <object_component_ref idref="oc-7b"/>
      </symbol>
      <symbol id="sm-ab7">
         <name>enableParity</name>
         <value>0xaad0</value>
         <object_component_ref idref="oc-7b"/>
      </symbol>
      <symbol id="sm-ab8">
         <name>dmaParityCheck</name>
         <value>0x8eac</value>
         <object_component_ref idref="oc-7b"/>
      </symbol>
      <symbol id="sm-ab9">
         <name>custom_dabort</name>
         <value>0x8df4</value>
         <object_component_ref idref="oc-7b"/>
      </symbol>
      <symbol id="sm-aba">
         <name>memoryInit</name>
         <value>0x8174</value>
         <object_component_ref idref="oc-7b"/>
      </symbol>
      <symbol id="sm-abb">
         <name>stcSelfCheck</name>
         <value>0x81b8</value>
         <object_component_ref idref="oc-7b"/>
      </symbol>
      <symbol id="sm-abc">
         <name>efcGetConfigValue</name>
         <value>0xa660</value>
         <object_component_ref idref="oc-7b"/>
      </symbol>
      <symbol id="sm-abd">
         <name>can2ParityCheck</name>
         <value>0x94e8</value>
         <object_component_ref idref="oc-7b"/>
      </symbol>
      <symbol id="sm-abe">
         <name>het1ParityCheck</name>
         <value>0x8f58</value>
         <object_component_ref idref="oc-7b"/>
      </symbol>
      <symbol id="sm-abf">
         <name>adc1ParityCheck</name>
         <value>0x926c</value>
         <object_component_ref idref="oc-7b"/>
      </symbol>
      <symbol id="sm-ac0">
         <name>checkefcSelfTest</name>
         <value>0x87bc</value>
         <object_component_ref idref="oc-7b"/>
      </symbol>
      <symbol id="sm-ac1">
         <name>checkRAMECC</name>
         <value>0x99d0</value>
         <object_component_ref idref="oc-7b"/>
      </symbol>
      <symbol id="sm-ac2">
         <name>stcSelfCheckFail</name>
         <value>0x8df8</value>
         <object_component_ref idref="oc-7b"/>
      </symbol>
      <symbol id="sm-ac3">
         <name>ccmSelfCheck</name>
         <value>0x8030</value>
         <object_component_ref idref="oc-7b"/>
      </symbol>
      <symbol id="sm-ac4">
         <name>efcCheck</name>
         <value>0x8660</value>
         <object_component_ref idref="oc-7b"/>
      </symbol>
      <symbol id="sm-ac5">
         <name>het2ParityCheck</name>
         <value>0x90c0</value>
         <object_component_ref idref="oc-7b"/>
      </symbol>
      <symbol id="sm-ac6">
         <name>adc2ParityCheck</name>
         <value>0x9358</value>
         <object_component_ref idref="oc-7b"/>
      </symbol>
      <symbol id="sm-ac7">
         <name>cpuSelfTest</name>
         <value>0x8234</value>
         <object_component_ref idref="oc-7b"/>
      </symbol>
      <symbol id="sm-ac8">
         <name>htu1ParityCheck</name>
         <value>0x9004</value>
         <object_component_ref idref="oc-7b"/>
      </symbol>
      <symbol id="sm-ac9">
         <name>checkFlashECC</name>
         <value>0x8d18</value>
         <object_component_ref idref="oc-7b"/>
      </symbol>
      <symbol id="sm-aca">
         <name>cpuSelfTestFail</name>
         <value>0x8dfc</value>
         <object_component_ref idref="oc-7b"/>
      </symbol>
      <symbol id="sm-acb">
         <name>checkPLL1Slip</name>
         <value>0x9e8c</value>
         <object_component_ref idref="oc-7b"/>
      </symbol>
      <symbol id="sm-acc">
         <name>mibspi1ParityCheck</name>
         <value>0x9684</value>
         <object_component_ref idref="oc-7b"/>
      </symbol>
      <symbol id="sm-acd">
         <name>ccmr4GetConfigValue</name>
         <value>0xa6fc</value>
         <object_component_ref idref="oc-7b"/>
      </symbol>
      <symbol id="sm-ace">
         <name>htu2ParityCheck</name>
         <value>0x91bc</value>
         <object_component_ref idref="oc-7b"/>
      </symbol>
      <symbol id="sm-acf">
         <name>pbistPortTestStatus</name>
         <value>0x8608</value>
         <object_component_ref idref="oc-7b"/>
      </symbol>
      <symbol id="sm-ad0">
         <name>checkFlashEEPROMECC</name>
         <value>0x9cf4</value>
         <object_component_ref idref="oc-7b"/>
      </symbol>
      <symbol id="sm-ad1">
         <name>pbistGetConfigValue</name>
         <value>0xa470</value>
         <object_component_ref idref="oc-7b"/>
      </symbol>
      <symbol id="sm-ad2">
         <name>vimParityCheck</name>
         <value>0x8e00</value>
         <object_component_ref idref="oc-7b"/>
      </symbol>
      <symbol id="sm-ad3">
         <name>pbistIsTestCompleted</name>
         <value>0x85a8</value>
         <object_component_ref idref="oc-7b"/>
      </symbol>
      <symbol id="sm-ad4">
         <name>disableParity</name>
         <value>0xab58</value>
         <object_component_ref idref="oc-7b"/>
      </symbol>
      <symbol id="sm-ad5">
         <name>pbistRun</name>
         <value>0x84ac</value>
         <object_component_ref idref="oc-7b"/>
      </symbol>
      <symbol id="sm-ad6">
         <name>pbistFail</name>
         <value>0xa3ec</value>
         <object_component_ref idref="oc-7b"/>
      </symbol>
      <symbol id="sm-ad7">
         <name>selftestFailNotification</name>
         <value>0x8020</value>
         <object_component_ref idref="oc-7b"/>
      </symbol>
      <symbol id="sm-ad8">
         <name>errata_PBIST_4</name>
         <value>0xa76c</value>
         <object_component_ref idref="oc-7b"/>
      </symbol>
      <symbol id="sm-ad9">
         <name>mibspi3ParityCheck</name>
         <value>0x978c</value>
         <object_component_ref idref="oc-7b"/>
      </symbol>
      <symbol id="sm-ada">
         <name>efcSelfTest</name>
         <value>0x8794</value>
         <object_component_ref idref="oc-7b"/>
      </symbol>
      <symbol id="sm-adb">
         <name>checkB1RAMECC</name>
         <value>0x8b28</value>
         <object_component_ref idref="oc-7b"/>
      </symbol>
      <symbol id="sm-adc">
         <name>pbistStop</name>
         <value>0x8578</value>
         <object_component_ref idref="oc-7b"/>
      </symbol>
      <symbol id="sm-add">
         <name>can3ParityCheck</name>
         <value>0x95b0</value>
         <object_component_ref idref="oc-7b"/>
      </symbol>
      <symbol id="sm-ade">
         <name>checkRAMAddrParity</name>
         <value>0xa050</value>
         <object_component_ref idref="oc-7b"/>
      </symbol>
      <symbol id="sm-adf">
         <name>mibspi5ParityCheck</name>
         <value>0x98b0</value>
         <object_component_ref idref="oc-7b"/>
      </symbol>
      <symbol id="sm-ae0">
         <name>checkB0RAMECC</name>
         <value>0x8938</value>
         <object_component_ref idref="oc-7b"/>
      </symbol>
      <symbol id="sm-ae1">
         <name>stcGetConfigValue</name>
         <value>0xa5bc</value>
         <object_component_ref idref="oc-7b"/>
      </symbol>
      <symbol id="sm-ae2">
         <name>pbistIsTestPassed</name>
         <value>0x85d4</value>
         <object_component_ref idref="oc-7b"/>
      </symbol>
      <symbol id="sm-ae3">
         <name>checkClockMonitor</name>
         <value>0x9c18</value>
         <object_component_ref idref="oc-7b"/>
      </symbol>
      <symbol id="sm-ae4">
         <name>fmcECCcheck</name>
         <value>0x8898</value>
         <object_component_ref idref="oc-7b"/>
      </symbol>
      <symbol id="sm-ae5">
         <name>fmcBus2Check</name>
         <value>0x885c</value>
         <object_component_ref idref="oc-7b"/>
      </symbol>
      <symbol id="sm-ae6">
         <name>checkRAMUERRTest</name>
         <value>0xa15c</value>
         <object_component_ref idref="oc-7b"/>
      </symbol>
      <symbol id="sm-ae7">
         <name>efcStuckZeroTest</name>
         <value>0x86e8</value>
         <object_component_ref idref="oc-7b"/>
      </symbol>
      <symbol id="sm-ae8">
         <name>checkPLL2Slip</name>
         <value>0x9f8c</value>
         <object_component_ref idref="oc-7b"/>
      </symbol>
      <symbol id="sm-b1a">
         <name>_c_int00</name>
         <value>0xeb04</value>
         <object_component_ref idref="oc-1b"/>
      </symbol>
      <symbol id="sm-b1b">
         <name>handlePLLLockFail</name>
         <value>0xfeb8</value>
         <object_component_ref idref="oc-6f"/>
      </symbol>
      <symbol id="sm-bcb">
         <name>vimChannelMap</name>
         <value>0xb934</value>
         <object_component_ref idref="oc-36"/>
      </symbol>
      <symbol id="sm-bcc">
         <name>vimInit</name>
         <value>0xb860</value>
         <object_component_ref idref="oc-36"/>
      </symbol>
      <symbol id="sm-bcd">
         <name>vimEnableInterrupt</name>
         <value>0xb9d8</value>
         <object_component_ref idref="oc-36"/>
      </symbol>
      <symbol id="sm-bce">
         <name>vimDisableInterrupt</name>
         <value>0xbba0</value>
         <object_component_ref idref="oc-36"/>
      </symbol>
      <symbol id="sm-bcf">
         <name>vimGetConfigValue</name>
         <value>0xbc4c</value>
         <object_component_ref idref="oc-36"/>
      </symbol>
      <symbol id="sm-bd0">
         <name>vimParityErrorHandler</name>
         <value>0xe838</value>
         <object_component_ref idref="oc-35"/>
      </symbol>
      <symbol id="sm-c2b">
         <name>systemGetConfigValue</name>
         <value>0xb088</value>
         <object_component_ref idref="oc-75"/>
      </symbol>
      <symbol id="sm-c2c">
         <name>trimLPO</name>
         <value>0xad5c</value>
         <object_component_ref idref="oc-75"/>
      </symbol>
      <symbol id="sm-c2d">
         <name>systemInit</name>
         <value>0xaf8c</value>
         <object_component_ref idref="oc-75"/>
      </symbol>
      <symbol id="sm-c2e">
         <name>customTrimLPO</name>
         <value>0xb784</value>
         <object_component_ref idref="oc-75"/>
      </symbol>
      <symbol id="sm-c2f">
         <name>tcmflashGetConfigValue</name>
         <value>0xb49c</value>
         <object_component_ref idref="oc-75"/>
      </symbol>
      <symbol id="sm-c30">
         <name>sramGetConfigValue</name>
         <value>0xb648</value>
         <object_component_ref idref="oc-75"/>
      </symbol>
      <symbol id="sm-c31">
         <name>periphInit</name>
         <value>0xae10</value>
         <object_component_ref idref="oc-75"/>
      </symbol>
      <symbol id="sm-c32">
         <name>setupFlash</name>
         <value>0xadd0</value>
         <object_component_ref idref="oc-75"/>
      </symbol>
      <symbol id="sm-c33">
         <name>setupPLL</name>
         <value>0xacfc</value>
         <object_component_ref idref="oc-75"/>
      </symbol>
      <symbol id="sm-c34">
         <name>mapClocks</name>
         <value>0xae64</value>
         <object_component_ref idref="oc-75"/>
      </symbol>
      <symbol id="sm-c35">
         <name>systemPowerDown</name>
         <value>0xb058</value>
         <object_component_ref idref="oc-75"/>
      </symbol>
      <symbol id="sm-c45">
         <name>__aeabi_memset</name>
         <value>0xfd1f</value>
         <object_component_ref idref="oc-d1"/>
      </symbol>
      <symbol id="sm-c46">
         <name>memset</name>
         <value>0xfd25</value>
         <object_component_ref idref="oc-d1"/>
      </symbol>
      <symbol id="sm-c47">
         <name>__aeabi_memset8</name>
         <value>0xfd1f</value>
         <object_component_ref idref="oc-d1"/>
      </symbol>
      <symbol id="sm-c48">
         <name>__aeabi_memset4</name>
         <value>0xfd1f</value>
         <object_component_ref idref="oc-d1"/>
      </symbol>
      <symbol id="sm-c49">
         <name>__aeabi_memclr8</name>
         <value>0xfd1d</value>
         <object_component_ref idref="oc-d1"/>
      </symbol>
      <symbol id="sm-c4a">
         <name>__aeabi_memclr4</name>
         <value>0xfd1d</value>
         <object_component_ref idref="oc-d1"/>
      </symbol>
      <symbol id="sm-c4b">
         <name>__aeabi_memclr</name>
         <value>0xfd1d</value>
         <object_component_ref idref="oc-d1"/>
      </symbol>
      <symbol id="sm-c66">
         <name>memcpy</name>
         <value>0xfc81</value>
         <object_component_ref idref="oc-4c"/>
      </symbol>
      <symbol id="sm-c67">
         <name>__aeabi_memcpy</name>
         <value>0xfc81</value>
         <object_component_ref idref="oc-4c"/>
      </symbol>
      <symbol id="sm-c68">
         <name>__aeabi_memcpy8</name>
         <value>0xfc81</value>
         <object_component_ref idref="oc-4c"/>
      </symbol>
      <symbol id="sm-c69">
         <name>__aeabi_memcpy4</name>
         <value>0xfc81</value>
         <object_component_ref idref="oc-4c"/>
      </symbol>
      <symbol id="sm-c92">
         <name>__TI_auto_init_nobinit_nopinit</name>
         <value>0xfe05</value>
         <object_component_ref idref="oc-f5"/>
      </symbol>
      <symbol id="sm-ca5">
         <name>__TI_zero_init</name>
         <value>0xfea5</value>
         <object_component_ref idref="oc-5e"/>
      </symbol>
      <symbol id="sm-cbc">
         <name>__TI_decompress_none</name>
         <value>0xfe97</value>
         <object_component_ref idref="oc-14"/>
      </symbol>
      <symbol id="sm-cdf">
         <name>__TI_decompress_lzss</name>
         <value>0xfd97</value>
         <object_component_ref idref="oc-e"/>
      </symbol>
      <symbol id="sm-cea">
         <name>C$$EXIT</name>
         <value>0xfeb1</value>
         <object_component_ref idref="oc-131"/>
      </symbol>
      <symbol id="sm-ceb">
         <name>abort</name>
         <value>0xfeb1</value>
         <object_component_ref idref="oc-131"/>
      </symbol>
      <symbol id="sm-cfa">
         <name>strlen</name>
         <value>0xfe81</value>
         <object_component_ref idref="oc-25e"/>
      </symbol>
      <symbol id="sm-cfc">
         <name>__TI_static_base__</name>
         <value>0x0</value>
      </symbol>
      <symbol id="sm-d00">
         <name>SHT$$INIT_ARRAY$$Base</name>
         <value>0x0</value>
      </symbol>
      <symbol id="sm-d01">
         <name>SHT$$INIT_ARRAY$$Limit</name>
         <value>0x0</value>
      </symbol>
      <symbol id="sm-d02">
         <name>_system_post_cinit</name>
         <value>0x0</value>
      </symbol>
   </symbol_table>
   <title>Link successful</title>
</link_info>
