******************************************************************************
                  TI ARM Linker PC v18.1.3                     
******************************************************************************
>> Linked Mon Mar 18 17:33:37 2019

OUTPUT FILE NAME:   <RM46_HAL_TEST.out>
ENTRY POINT SYMBOL: "_c_int00"  address: 0000fde8


MEMORY CONFIGURATION

         name            origin    length      used     unused   attr    fill
----------------------  --------  ---------  --------  --------  ----  --------
  VECTORS               00000000   00000020  00000020  00000000     X
  KERNEL                00000020   00008000  00005698  00002968  R  X
  FLASH0                00008020   00137fe0  00008b28  0012f4b8  R  X
  STACKS                08000000   00000800  00000000  00000800  RW  
  KRAM                  08000800   00000800  00000104  000006fc  RW  
  RAM                   08001000   0002f000  00002030  0002cfd0  RW  


SEGMENT ALLOCATION MAP

run origin  load origin   length   init length attrs members
----------  ----------- ---------- ----------- ----- -------
00000000    00000000    000056b8   000056b8    r-x
  00000000    00000000    00000020   00000020    r-x .intvecs
  00000020    00000020    00005648   00005648    r-x .kernelTEXT
  00005668    00005668    00000050   00000050    r-- .cinit
00008020    00008020    00008b28   00008b28    r-x
  00008020    00008020    00008928   00008928    r-x .text
  00010948    00010948    00000200   00000200    r-- .const
08000800    08000800    00000104   00000000    rw-
  08000800    08000800    00000104   00000000    rw- .kernelBSS
08001000    08001000    00002030   00000000    rw-
  08001000    08001000    00002000   00000000    rw- .kernelHEAP
  08003000    08003000    00000018   00000000    rw- .bss
  08003018    08003018    00000018   00000000    rw- .data


SECTION ALLOCATION MAP

 output                                  attributes/
section   page    origin      length       input sections
--------  ----  ----------  ----------   ----------------
.intvecs   0    00000000    00000020     
                  00000000    00000020     sys_intvecs.obj (.intvecs)

.kernelTEXT 
*          0    00000020    00005648     
                  00000020    00002f2c     os_tasks.obj (.kernelTEXT)
                  00002f4c    000012e4     os_queue.obj (.kernelTEXT)
                  00004230    0000081c     os_event_groups.obj (.kernelTEXT)
                  00004a4c    000004bc     os_portasm.obj (.kernelTEXT)
                  00004f08    000003e0     os_port.obj (.kernelTEXT)
                  000052e8    00000380     os_heap.obj (.kernelTEXT)

.cinit     0    00005668    00000050     
                  00005668    0000000c     (__TI_handler_table)
                  00005674    0000000b     (.cinit..data.load) [load image, compression = lzss]
                  0000567f    00000009     (.cinit..kernelBSS.load) [load image, compression = lzss]
                  00005688    00000008     (.cinit..bss.load) [load image, compression = zero_init]
                  00005690    00000008     (.cinit..kernelHEAP.load) [load image, compression = zero_init]
                  00005698    00000020     (__TI_cinit_table)

.text      0    00008020    00008928     
                  00008020    00002cdc     sys_selftest.obj (.text)
                  0000acfc    00000b64     system.obj (.text)
                  0000b860    00000a58     sys_vim.obj (.text)
                  0000c2b8    000009d4     os_mpu_wrappers.obj (.text)
                  0000cc8c    000008d8     i2c.obj (.text)
                  0000d564    000008b4     pinmux.obj (.text)
                  0000de18    00000664     errata_SSWF021_45.obj (.text)
                  0000e47c    000005bc     esm.obj (.text)
                  0000ea38    00000484     gio.obj (.text)
                  0000eebc    0000034c     sys_core.obj (.text)
                  0000f208    000002cc     sys_vim.obj (.text:retain)
                  0000f4d4    00000278     os_heap.obj (.text)
                  0000f74c    00000238     coral.obj (.text)
                  0000f984    00000238     os_list.obj (.text)
                  0000fbbc    0000022c     notification.obj (.text)
                  0000fde8    000001f8     sys_startup.obj (.text:retain)
                  0000ffe0    000001b4     os_port.obj (.text)
                  00010194    00000164     os_tasks.obj (.text)
                  000102f8    00000154     sys_startup.obj (.text)
                  0001044c    00000114     esm.obj (.text:retain)
                  00010560    000000e8     dabort.obj (.text)
                  00010648    000000e0     sys_pmu.obj (.text)
                  00010728    0000009c     rtsv7R4_T_le_v3D16_eabi.lib : memcpy_t2.asm.obj (.text)
                  000107c4    0000007a                                 : memset_t2.asm.obj (.text)
                  0001083e    0000006c                                 : copy_decompress_lzss.c.obj (.text:decompress:lzss:__TI_decompress_lzss)
                  000108aa    00000002     --HOLE-- [fill = 0]
                  000108ac    00000044                                 : autoinit.c.obj (.text:__TI_auto_init_nobinit_nopinit:__TI_auto_init_nobinit_nopinit)
                  000108f0    00000020     sys_main.obj (.text)
                  00010910    00000016     rtsv7R4_T_le_v3D16_eabi.lib : strlen.c.obj (.text:strlen)
                  00010926    0000000e                                 : copy_decompress_none.c.obj (.text:decompress:none:__TI_decompress_none)
                  00010934    0000000c                                 : copy_zero_init.c.obj (.text:decompress:ZI:__TI_zero_init)
                  00010940    00000004                                 : exit.c.obj (.text:abort:abort)
                  00010944    00000004     sys_phantom.obj (.text:retain)

.const     0    00010948    00000200     
                  00010948    00000200     sys_vim.obj (.const:s_vim_init)

.kernelBSS 
*          0    08000800    00000104     UNINITIALIZED
                  08000800    000000d0     os_tasks.obj (.kernelBSS:uninit)
                  080008d0    00000034     os_tasks.obj (.kernelBSS:init)

.kernelHEAP 
*          0    08001000    00002000     UNINITIALIZED
                  08001000    00002000     os_heap.obj (.kernelHEAP)

.bss       0    08003000    00000018     UNINITIALIZED
                  08003000    0000000c     i2c.obj (.bss:g_i2cTransfer_t)
                  0800300c    00000008     os_heap.obj (.bss:xStart)
                  08003014    00000004     (.common:i2cTransmitLock)

.data      0    08003018    00000018     UNINITIALIZED
                  08003018    00000010     os_heap.obj (.data)
                  08003028    00000008     os_port.obj (.data)

MODULE SUMMARY

       Module                       code    ro data   rw data
       ------                       ----    -------   -------
    .\source\
       os_tasks.obj                 12432   0         260    
       sys_selftest.obj             11484   0         0      
       os_heap.obj                  1528    0         8216   
       os_queue.obj                 4836    0         0      
       sys_vim.obj                  3364    512       0      
       system.obj                   2916    0         0      
       os_mpu_wrappers.obj          2516    0         0      
       i2c.obj                      2264    0         12     
       pinmux.obj                   2228    0         0      
       os_event_groups.obj          2076    0         0      
       esm.obj                      1744    0         0      
       errata_SSWF021_45.obj        1636    0         0      
       os_port.obj                  1428    0         8      
       os_portasm.obj               1212    0         0      
       gio.obj                      1156    0         0      
       sys_core.obj                 844     0         0      
       sys_startup.obj              844     0         0      
       coral.obj                    568     0         4      
       os_list.obj                  568     0         0      
       notification.obj             556     0         0      
       dabort.obj                   232     0         0      
       sys_pmu.obj                  224     0         0      
       sys_intvecs.obj              32      0         0      
       sys_main.obj                 32      0         0      
       sys_phantom.obj              4       0         0      
    +--+----------------------------+-------+---------+---------+
       Total:                       56724   512       8500   
                                                             
    C:/ti/ccsv8/tools/compiler/ti-cgt-arm_18.1.3.LTS/lib/rtsv7R4_T_le_v3D16_eabi.lib
       memcpy_t2.asm.obj            156     0         0      
       memset_t2.asm.obj            122     0         0      
       copy_decompress_lzss.c.obj   108     0         0      
       autoinit.c.obj               68      0         0      
       strlen.c.obj                 22      0         0      
       copy_decompress_none.c.obj   14      0         0      
       copy_zero_init.c.obj         12      0         0      
       exit.c.obj                   4       0         0      
    +--+----------------------------+-------+---------+---------+
       Total:                       506     0         0      
                                                             
       Linker Generated:            0       80        0      
    +--+----------------------------+-------+---------+---------+
       Grand Total:                 57230   592       8500   


LINKER GENERATED COPY TABLES

__TI_cinit_table @ 00005698 records: 4, size/record: 8, table size: 32
	.data: load addr=00005674, load size=0000000b bytes, run addr=08003018, run size=00000018 bytes, compression=lzss
	.kernelBSS: load addr=0000567f, load size=00000009 bytes, run addr=08000800, run size=00000104 bytes, compression=lzss
	.bss: load addr=00005688, load size=00000008 bytes, run addr=08003000, run size=00000018 bytes, compression=zero_init
	.kernelHEAP: load addr=00005690, load size=00000008 bytes, run addr=08001000, run size=00002000 bytes, compression=zero_init


LINKER GENERATED HANDLER TABLE

__TI_handler_table @ 00005668 records: 3, size/record: 4, table size: 12
	index: 0, handler: __TI_decompress_lzss
	index: 1, handler: __TI_decompress_none
	index: 2, handler: __TI_zero_init


GLOBAL SYMBOLS: SORTED ALPHABETICALLY BY Name 

address   name                                  
-------   ----                                  
00010941  C$$EXIT                               
0000c488  MPU_eTaskGetState                     
0000c5f0  MPU_pcTaskGetName                     
0000c6d0  MPU_pvTaskGetThreadLocalStoragePointer
0000c7e8  MPU_ulTaskNotifyTake                  
0000c9a4  MPU_uxQueueMessagesWaiting            
0000c9d8  MPU_uxQueueSpacesAvailable            
0000c5c4  MPU_uxTaskGetNumberOfTasks            
0000c658  MPU_uxTaskGetStackHighWaterMark       
0000c454  MPU_uxTaskPriorityGet                 
0000cc60  MPU_vEventGroupDelete                 
0000ca0c  MPU_vQueueDelete                      
0000c360  MPU_vTaskAllocateMPURegions           
0000c3c0  MPU_vTaskDelay                        
0000c3ec  MPU_vTaskDelayUntil                   
0000c394  MPU_vTaskDelete                       
0000c4bc  MPU_vTaskPrioritySet                  
0000c51c  MPU_vTaskResume                       
0000c68c  MPU_vTaskSetThreadLocalStoragePointer 
0000c860  MPU_vTaskSetTimeOutState              
0000c4f0  MPU_vTaskSuspend                      
0000c548  MPU_vTaskSuspendAll                   
0000cb84  MPU_xEventGroupClearBits              
0000cafc  MPU_xEventGroupCreate                 
0000cbc8  MPU_xEventGroupSetBits                
0000cc0c  MPU_xEventGroupSync                   
0000cb28  MPU_xEventGroupWaitBits               
0000ca38  MPU_xQueueCreateMutex                 
0000ca6c  MPU_xQueueGenericCreate               
0000c950  MPU_xQueueGenericReceive              
0000cab8  MPU_xQueueGenericReset                
0000c8fc  MPU_xQueueGenericSend                 
0000c420  MPU_xTaskAbortDelay                   
0000c88c  MPU_xTaskCheckForTimeOut              
0000c2b8  MPU_xTaskCreate                       
0000c31c  MPU_xTaskCreateRestricted             
0000c740  MPU_xTaskGenericNotify                
0000c624  MPU_xTaskGetHandle                    
0000c714  MPU_xTaskGetIdleTaskHandle            
0000c8d0  MPU_xTaskGetSchedulerState            
0000c598  MPU_xTaskGetTickCount                 
0000c82c  MPU_xTaskNotifyStateClear             
0000c794  MPU_xTaskNotifyWait                   
0000c56c  MPU_xTaskResumeAll                    
UNDEFED   SHT$$INIT_ARRAY$$Base                 
UNDEFED   SHT$$INIT_ARRAY$$Limit                
00005698  __TI_CINIT_Base                       
000056b8  __TI_CINIT_Limit                      
00005668  __TI_Handler_Table_Base               
00005674  __TI_Handler_Table_Limit              
0000f200  __TI_PINIT_Base                       
0000f204  __TI_PINIT_Limit                      
000108ad  __TI_auto_init_nobinit_nopinit        
0001083f  __TI_decompress_lzss                  
00010927  __TI_decompress_none                  
ffffffff  __TI_pprof_out_hndl                   
ffffffff  __TI_prof_data_size                   
ffffffff  __TI_prof_data_start                  
00000000  __TI_static_base__                    
00010935  __TI_zero_init                        
000107c5  __aeabi_memclr                        
000107c5  __aeabi_memclr4                       
000107c5  __aeabi_memclr8                       
00010729  __aeabi_memcpy                        
00010729  __aeabi_memcpy4                       
00010729  __aeabi_memcpy8                       
000107c7  __aeabi_memset                        
000107c7  __aeabi_memset4                       
000107c7  __aeabi_memset8                       
ffffffff  __binit__                             
ffffffff  __c_args__                            
0000fde8  _c_int00                              
0000f118  _coreClearAuxiliaryDataFault_         
0000f12c  _coreClearAuxiliaryInstructionFault_  
0000f0f0  _coreClearDataFaultAddress_           
0000f0c8  _coreClearDataFault_                  
0000f104  _coreClearInstructionFaultAddress_    
0000f0dc  _coreClearInstructionFault_           
0000f05c  _coreDisableEventBusExport_           
0000f0a0  _coreDisableFlashEcc_                 
0000f07c  _coreDisableRamEcc_                   
0000f04c  _coreEnableEventBusExport_            
0000f08c  _coreEnableFlashEcc_                  
0000f0b0  _coreEnableIrqVicOffset_              
0000f06c  _coreEnableRamEcc_                    
0000f034  _coreEnableVfp_                       
0000f110  _coreGetAuxiliaryDataFault_           
0000f124  _coreGetAuxiliaryInstructionFault_    
0000f0e8  _coreGetDataFaultAddress_             
0000f0c0  _coreGetDataFault_                    
0000f0fc  _coreGetInstructionFaultAddress_      
0000f0d4  _coreGetInstructionFault_             
0000eebc  _coreInitRegisters_                   
0000efc8  _coreInitStackPointer_                
00010560  _dabort                               
0000f140  _disable_FIQ_interrupt_               
0000f148  _disable_IRQ_interrupt_               
0000f138  _disable_interrupt_                   
0000f150  _enable_interrupt_                    
0000f1e0  _errata_CORTEXR4_57_                  
0000f1f0  _errata_CORTEXR4_66_                  
0000de18  _errata_SSWF021_45_both_plls          
0000e00c  _errata_SSWF021_45_pll1               
0000e184  _errata_SSWF021_45_pll2               
0000f158  _esmCcmErrorsClear_                   
0000f014  _getCPSRValue_                        
0000f01c  _gotoCPUIdle_                         
000106a4  _pmuDisableCountersGlobal_            
00010694  _pmuEnableCountersGlobal_             
00010700  _pmuGetCycleCount_                    
00010708  _pmuGetEventCount_                    
00010714  _pmuGetOverflow_                      
00010648  _pmuInit_                             
000106d4  _pmuResetCounters_                    
000106b4  _pmuResetCycleCounter_                
000106c4  _pmuResetEventCounters_               
000106f4  _pmuSetCountEvent_                    
000106e4  _pmuStartCounters_                    
000106ec  _pmuStopCounters_                     
UNDEFED   _system_post_cinit                    
00010941  abort                                 
0000926c  adc1ParityCheck                       
00009358  adc2ParityCheck                       
0000fc14  adcNotification                       
000102f8  afterSTC                              
ffffffff  binit                                 
00009410  can1ParityCheck                       
000094e8  can2ParityCheck                       
000095b0  can3ParityCheck                       
0000fc28  canErrorNotification                  
0000fc50  canMessageNotification                
0000fc3c  canStatusChangeNotification           
00008030  ccmSelfCheck                          
0000a6fc  ccmr4GetConfigValue                   
00008938  checkB0RAMECC                         
00008b28  checkB1RAMECC                         
00009c18  checkClockMonitor                     
00008d18  checkFlashECC                         
00009cf4  checkFlashEEPROMECC                   
00009e8c  checkPLL1Slip                         
00009f8c  checkPLL2Slip                         
0000a050  checkRAMAddrParity                    
000099d0  checkRAMECC                           
0000a15c  checkRAMUERRTest                      
000087bc  checkefcSelfTest                      
0000f8b0  coral__ledOn                          
0000f8d8  coral__parity                         
0000f874  coral__receiveMDStatus                
0000f74c  coral__sendMDMessage                  
0000f888  coral__setup                          
00008234  cpuSelfTest                           
00008dfc  cpuSelfTestFail                       
0000fd54  crcNotification                       
0000b784  customTrimLPO                         
00008df4  custom_dabort                         
0000fc64  dccNotification                       
0000ab58  disableParity                         
0000fdb4  dmaGroupANotification                 
00008eac  dmaParityCheck                        
00001f54  eTaskConfirmSleepModeStatus           
000008a8  eTaskGetState                         
0000fda0  ecapNotification                      
0000fd2c  edgeNotification                      
00008660  efcCheck                              
0000a660  efcGetConfigValue                     
00008794  efcSelfTest                           
000086e8  efcStuckZeroTest                      
0000fdd8  emacRxNotification                    
0000fdc8  emacTxNotification                    
0000aad0  enableParity                          
0000fd8c  eqepNotification                      
0000a76c  errata_PBIST_4                        
0000e600  esmActivateNormalOperation            
0000e6d4  esmClearStatus                        
0000e714  esmClearStatusBuffer                  
0000e5c8  esmDisableError                       
0000e638  esmDisableInterrupt                   
0000e5a0  esmEnableError                        
0000e610  esmEnableInterrupt                    
0000e80c  esmEnterSelfTest                      
0000e584  esmError                              
0000e8e4  esmGetConfigValue                     
0000e750  esmGetStatus                          
0000e7d4  esmGetStatusBuffer                    
0000fbbc  esmGroup1Notification                 
0000fbcc  esmGroup2Notification                 
0001044c  esmHighInterrupt                      
0000e47c  esmInit                               
0000e894  esmSelfTestStatus                     
0000e730  esmSetCounterPreloadValue             
0000e660  esmSetInterruptLevel                  
0000e5f0  esmTriggerErrorPinReset               
0000fd68  etpwmNotification                     
0000fd78  etpwmTripNotification                 
0000a2c4  fmcBus1ParityCheck                    
0000885c  fmcBus2Check                          
00008898  fmcECCcheck                           
0000ec98  gioDisableNotification                
0000ec30  gioEnableNotification                 
0000eb98  gioGetBit                             
0000ed00  gioGetConfigValue                     
0000ebc0  gioGetPort                            
0000ea38  gioInit                               
0000fc78  gioNotification                       
0000eb28  gioSetBit                             
0000eb08  gioSetDirection                       
0000eb78  gioSetPort                            
0000ebd8  gioToggleBit                          
00010424  handlePLLLockFail                     
00008f58  het1ParityCheck                       
000090c0  het2ParityCheck                       
0000fd40  hetNotification                       
00009004  htu1ParityCheck                       
000091bc  htu2ParityCheck                       
0000d098  i2cClearSCD                           
0000d19c  i2cDisableLoopback                    
0000d210  i2cDisableNotification                
0000d17c  i2cEnableLoopback                     
0000d1d4  i2cEnableNotification                 
0000d298  i2cGetConfigValue                     
0000cc8c  i2cInit                               
0000d4d8  i2cIsBusBusy                          
0000d498  i2cIsMasterReady                      
0000d030  i2cIsRxReady                          
0000d04c  i2cIsStopDetected                     
0000cf18  i2cIsTxReady                          
0000f944  i2cNotification                       
0000d0dc  i2cReceive                            
0000d0b4  i2cReceiveByte                        
0000d068  i2cRxError                            
0000cf64  i2cSend                               
0000cf34  i2cSendByte                           
0000cdb8  i2cSetBaudrate                        
0000cef8  i2cSetCount                           
0000d460  i2cSetDirection                       
0000d260  i2cSetMode                            
0000cd78  i2cSetOwnAdd                          
0000cd98  i2cSetSlaveAdd                        
0000ceb8  i2cSetStart                           
0000ced8  i2cSetStop                            
08003014  i2cTransmitLock                       
0000fca0  linNotification                       
000108f0  main                                  
0000ae64  mapClocks                             
00010729  memcpy                                
00008174  memoryInit                            
0000fbdc  memoryPort0TestFailNotification       
0000fbf8  memoryPort1TestFailNotification       
000107cd  memset                                
00009684  mibspi1ParityCheck                    
0000978c  mibspi3ParityCheck                    
000098b0  mibspi5ParityCheck                    
0000fcc8  mibspiGroupNotification               
0000fcb4  mibspiNotification                    
0000d564  muxInit                               
0000a3ec  pbistFail                             
0000a470  pbistGetConfigValue                   
000085a8  pbistIsTestCompleted                  
000085d4  pbistIsTestPassed                     
00008608  pbistPortTestStatus                   
000084ac  pbistRun                              
000082cc  pbistSelfCheck                        
00008578  pbistStop                             
00001390  pcTaskGetName                         
0000ae10  periphInit                            
00010944  phantomInterrupt                      
0000da18  pinmuxGetConfigValue                  
00004ee0  prvMpuDisable                         
00004ec8  prvMpuEnable                          
00004eb0  prvMpuSetRegion                       
000052e8  pvPortMalloc                          
00002034  pvTaskGetThreadLocalStoragePointer    
000026ac  pvTaskIncrementMutexHeldCount         
0000fd14  pwmNotification                       
080008d0  pxCurrentTCB                          
00004f08  pxPortInitialiseStack                 
00000000  resetEntry                            
0000fcdc  sciNotification                       
00008020  selftestFailNotification              
0000add0  setupFlash                            
0000acfc  setupPLL                              
0000fd04  spiEndNotification                    
0000fcf0  spiNotification                       
0000b648  sramGetConfigValue                    
0000a5bc  stcGetConfigValue                     
000081b8  stcSelfCheck                          
00008df8  stcSelfCheckFail                      
00010911  strlen                                
0000b088  systemGetConfigValue                  
0000af8c  systemInit                            
0000b058  systemPowerDown                       
0000b49c  tcmflashGetConfigValue                
000108f8  testbench                             
0000ad5c  trimLPO                               
08003028  ulCriticalNesting                     
00004dcc  ulPortCountLeadingZeros               
0800302c  ulTaskHasFPUContext                   
000026e0  ulTaskNotifyTake                      
0000fb30  uxListRemove                          
00003d38  uxQueueMessagesWaiting                
00003dbc  uxQueueMessagesWaitingFromISR         
00003d70  uxQueueSpacesAvailable                
00001384  uxTaskGetNumberOfTasks                
00002278  uxTaskGetStackHighWaterMark           
000009ac  uxTaskPriorityGet                     
000009f0  uxTaskPriorityGetFromISR              
00002670  uxTaskResetEventItemValue             
000049c4  vEventGroupClearBitsCallback          
00004924  vEventGroupDelete                     
000049a8  vEventGroupSetBitsCallback            
0000f984  vListInitialise                       
0000f9dc  vListInitialiseItem                   
0000fa6c  vListInsert                           
0000f9f8  vListInsertEnd                        
000052b4  vPortEndScheduler                     
00005540  vPortFree                             
00005650  vPortInitialiseBlocks                 
00004dc0  vPortInitialiseFPSCR                  
00004cc0  vPortPreemptiveTick                   
00004dd4  vPortSWI                              
00004a50  vPortStartFirstTask                   
0000501c  vPortStoreTaskMPUSettings             
00004bcc  vPortYeildWithinAPI                   
00004ae0  vPortYieldProcessor                   
00003dec  vQueueDelete                          
000020a0  vTaskAllocateMPURegions               
00000824  vTaskDelay                            
000006b8  vTaskDelayUntil                       
00000550  vTaskDelete                           
000010c0  vTaskEndScheduler                     
00001f44  vTaskMissedYield                      
00002ca4  vTaskNotifyGiveFromISR                
00001b0c  vTaskPlaceOnEventList                 
00001b50  vTaskPlaceOnUnorderedEventList        
000023ac  vTaskPriorityInherit                  
00000a38  vTaskPrioritySet                      
00000e5c  vTaskResume                           
00001fd0  vTaskSetThreadLocalStoragePointer     
00001dcc  vTaskSetTimeOutState                  
00001028  vTaskStartScheduler                   
000016a8  vTaskStepTick                         
00000c54  vTaskSuspend                          
000010dc  vTaskSuspendAll                       
00001a2c  vTaskSwitchContext                    
0000b934  vimChannelMap                         
0000bba0  vimDisableInterrupt                   
0000b9d8  vimEnableInterrupt                    
0000bc4c  vimGetConfigValue                     
0000b860  vimInit                               
00008e00  vimParityCheck                        
0000f208  vimParityErrorHandler                 
000046c0  xEventGroupClearBits                  
00004230  xEventGroupCreate                     
00004744  xEventGroupGetBitsFromISR             
00004774  xEventGroupSetBits                    
0000426c  xEventGroupSync                       
0000446c  xEventGroupWaitBits                   
00005638  xPortGetFreeHeapSize                  
00005644  xPortGetMinimumEverFreeHeapSize       
00005290  xPortStartScheduler                   
000031e4  xQueueCreateMutex                     
00003074  xQueueGenericCreate                   
000037e4  xQueueGenericReceive                  
00002f4c  xQueueGenericReset                    
00003228  xQueueGenericSend                     
000034e8  xQueueGenericSendFromISR              
00003678  xQueueGiveFromISR                     
00004154  xQueueIsQueueEmptyFromISR             
000041e0  xQueueIsQueueFullFromISR              
00003c44  xQueuePeekFromISR                     
00003afc  xQueueReceiveFromISR                  
00001704  xTaskAbortDelay                       
00001e0c  xTaskCheckForTimeOut                  
000000fc  xTaskCreate                           
00000020  xTaskCreateRestricted                 
000028d4  xTaskGenericNotify                    
00002aa4  xTaskGenericNotifyFromISR             
00002340  xTaskGetCurrentTaskHandle             
0000156c  xTaskGetHandle                        
00001670  xTaskGetIdleTaskHandle                
0000235c  xTaskGetSchedulerState                
00001344  xTaskGetTickCount                     
00001360  xTaskGetTickCountFromISR              
00001804  xTaskIncrementTick                    
0001027c  xTaskNotifyStateClear                 
000027bc  xTaskNotifyWait                       
00002508  xTaskPriorityDisinherit               
00001bd4  xTaskRemoveFromEventList              
00001cc4  xTaskRemoveFromUnorderedEventList     
00001194  xTaskResumeAll                        
00000f40  xTaskResumeFromISR                    


GLOBAL SYMBOLS: SORTED BY Symbol Address 

address   name                                  
-------   ----                                  
00000000  __TI_static_base__                    
00000000  resetEntry                            
00000020  xTaskCreateRestricted                 
000000fc  xTaskCreate                           
00000550  vTaskDelete                           
000006b8  vTaskDelayUntil                       
00000824  vTaskDelay                            
000008a8  eTaskGetState                         
000009ac  uxTaskPriorityGet                     
000009f0  uxTaskPriorityGetFromISR              
00000a38  vTaskPrioritySet                      
00000c54  vTaskSuspend                          
00000e5c  vTaskResume                           
00000f40  xTaskResumeFromISR                    
00001028  vTaskStartScheduler                   
000010c0  vTaskEndScheduler                     
000010dc  vTaskSuspendAll                       
00001194  xTaskResumeAll                        
00001344  xTaskGetTickCount                     
00001360  xTaskGetTickCountFromISR              
00001384  uxTaskGetNumberOfTasks                
00001390  pcTaskGetName                         
0000156c  xTaskGetHandle                        
00001670  xTaskGetIdleTaskHandle                
000016a8  vTaskStepTick                         
00001704  xTaskAbortDelay                       
00001804  xTaskIncrementTick                    
00001a2c  vTaskSwitchContext                    
00001b0c  vTaskPlaceOnEventList                 
00001b50  vTaskPlaceOnUnorderedEventList        
00001bd4  xTaskRemoveFromEventList              
00001cc4  xTaskRemoveFromUnorderedEventList     
00001dcc  vTaskSetTimeOutState                  
00001e0c  xTaskCheckForTimeOut                  
00001f44  vTaskMissedYield                      
00001f54  eTaskConfirmSleepModeStatus           
00001fd0  vTaskSetThreadLocalStoragePointer     
00002034  pvTaskGetThreadLocalStoragePointer    
000020a0  vTaskAllocateMPURegions               
00002278  uxTaskGetStackHighWaterMark           
00002340  xTaskGetCurrentTaskHandle             
0000235c  xTaskGetSchedulerState                
000023ac  vTaskPriorityInherit                  
00002508  xTaskPriorityDisinherit               
00002670  uxTaskResetEventItemValue             
000026ac  pvTaskIncrementMutexHeldCount         
000026e0  ulTaskNotifyTake                      
000027bc  xTaskNotifyWait                       
000028d4  xTaskGenericNotify                    
00002aa4  xTaskGenericNotifyFromISR             
00002ca4  vTaskNotifyGiveFromISR                
00002f4c  xQueueGenericReset                    
00003074  xQueueGenericCreate                   
000031e4  xQueueCreateMutex                     
00003228  xQueueGenericSend                     
000034e8  xQueueGenericSendFromISR              
00003678  xQueueGiveFromISR                     
000037e4  xQueueGenericReceive                  
00003afc  xQueueReceiveFromISR                  
00003c44  xQueuePeekFromISR                     
00003d38  uxQueueMessagesWaiting                
00003d70  uxQueueSpacesAvailable                
00003dbc  uxQueueMessagesWaitingFromISR         
00003dec  vQueueDelete                          
00004154  xQueueIsQueueEmptyFromISR             
000041e0  xQueueIsQueueFullFromISR              
00004230  xEventGroupCreate                     
0000426c  xEventGroupSync                       
0000446c  xEventGroupWaitBits                   
000046c0  xEventGroupClearBits                  
00004744  xEventGroupGetBitsFromISR             
00004774  xEventGroupSetBits                    
00004924  vEventGroupDelete                     
000049a8  vEventGroupSetBitsCallback            
000049c4  vEventGroupClearBitsCallback          
00004a50  vPortStartFirstTask                   
00004ae0  vPortYieldProcessor                   
00004bcc  vPortYeildWithinAPI                   
00004cc0  vPortPreemptiveTick                   
00004dc0  vPortInitialiseFPSCR                  
00004dcc  ulPortCountLeadingZeros               
00004dd4  vPortSWI                              
00004eb0  prvMpuSetRegion                       
00004ec8  prvMpuEnable                          
00004ee0  prvMpuDisable                         
00004f08  pxPortInitialiseStack                 
0000501c  vPortStoreTaskMPUSettings             
00005290  xPortStartScheduler                   
000052b4  vPortEndScheduler                     
000052e8  pvPortMalloc                          
00005540  vPortFree                             
00005638  xPortGetFreeHeapSize                  
00005644  xPortGetMinimumEverFreeHeapSize       
00005650  vPortInitialiseBlocks                 
00005668  __TI_Handler_Table_Base               
00005674  __TI_Handler_Table_Limit              
00005698  __TI_CINIT_Base                       
000056b8  __TI_CINIT_Limit                      
00008020  selftestFailNotification              
00008030  ccmSelfCheck                          
00008174  memoryInit                            
000081b8  stcSelfCheck                          
00008234  cpuSelfTest                           
000082cc  pbistSelfCheck                        
000084ac  pbistRun                              
00008578  pbistStop                             
000085a8  pbistIsTestCompleted                  
000085d4  pbistIsTestPassed                     
00008608  pbistPortTestStatus                   
00008660  efcCheck                              
000086e8  efcStuckZeroTest                      
00008794  efcSelfTest                           
000087bc  checkefcSelfTest                      
0000885c  fmcBus2Check                          
00008898  fmcECCcheck                           
00008938  checkB0RAMECC                         
00008b28  checkB1RAMECC                         
00008d18  checkFlashECC                         
00008df4  custom_dabort                         
00008df8  stcSelfCheckFail                      
00008dfc  cpuSelfTestFail                       
00008e00  vimParityCheck                        
00008eac  dmaParityCheck                        
00008f58  het1ParityCheck                       
00009004  htu1ParityCheck                       
000090c0  het2ParityCheck                       
000091bc  htu2ParityCheck                       
0000926c  adc1ParityCheck                       
00009358  adc2ParityCheck                       
00009410  can1ParityCheck                       
000094e8  can2ParityCheck                       
000095b0  can3ParityCheck                       
00009684  mibspi1ParityCheck                    
0000978c  mibspi3ParityCheck                    
000098b0  mibspi5ParityCheck                    
000099d0  checkRAMECC                           
00009c18  checkClockMonitor                     
00009cf4  checkFlashEEPROMECC                   
00009e8c  checkPLL1Slip                         
00009f8c  checkPLL2Slip                         
0000a050  checkRAMAddrParity                    
0000a15c  checkRAMUERRTest                      
0000a2c4  fmcBus1ParityCheck                    
0000a3ec  pbistFail                             
0000a470  pbistGetConfigValue                   
0000a5bc  stcGetConfigValue                     
0000a660  efcGetConfigValue                     
0000a6fc  ccmr4GetConfigValue                   
0000a76c  errata_PBIST_4                        
0000aad0  enableParity                          
0000ab58  disableParity                         
0000acfc  setupPLL                              
0000ad5c  trimLPO                               
0000add0  setupFlash                            
0000ae10  periphInit                            
0000ae64  mapClocks                             
0000af8c  systemInit                            
0000b058  systemPowerDown                       
0000b088  systemGetConfigValue                  
0000b49c  tcmflashGetConfigValue                
0000b648  sramGetConfigValue                    
0000b784  customTrimLPO                         
0000b860  vimInit                               
0000b934  vimChannelMap                         
0000b9d8  vimEnableInterrupt                    
0000bba0  vimDisableInterrupt                   
0000bc4c  vimGetConfigValue                     
0000c2b8  MPU_xTaskCreate                       
0000c31c  MPU_xTaskCreateRestricted             
0000c360  MPU_vTaskAllocateMPURegions           
0000c394  MPU_vTaskDelete                       
0000c3c0  MPU_vTaskDelay                        
0000c3ec  MPU_vTaskDelayUntil                   
0000c420  MPU_xTaskAbortDelay                   
0000c454  MPU_uxTaskPriorityGet                 
0000c488  MPU_eTaskGetState                     
0000c4bc  MPU_vTaskPrioritySet                  
0000c4f0  MPU_vTaskSuspend                      
0000c51c  MPU_vTaskResume                       
0000c548  MPU_vTaskSuspendAll                   
0000c56c  MPU_xTaskResumeAll                    
0000c598  MPU_xTaskGetTickCount                 
0000c5c4  MPU_uxTaskGetNumberOfTasks            
0000c5f0  MPU_pcTaskGetName                     
0000c624  MPU_xTaskGetHandle                    
0000c658  MPU_uxTaskGetStackHighWaterMark       
0000c68c  MPU_vTaskSetThreadLocalStoragePointer 
0000c6d0  MPU_pvTaskGetThreadLocalStoragePointer
0000c714  MPU_xTaskGetIdleTaskHandle            
0000c740  MPU_xTaskGenericNotify                
0000c794  MPU_xTaskNotifyWait                   
0000c7e8  MPU_ulTaskNotifyTake                  
0000c82c  MPU_xTaskNotifyStateClear             
0000c860  MPU_vTaskSetTimeOutState              
0000c88c  MPU_xTaskCheckForTimeOut              
0000c8d0  MPU_xTaskGetSchedulerState            
0000c8fc  MPU_xQueueGenericSend                 
0000c950  MPU_xQueueGenericReceive              
0000c9a4  MPU_uxQueueMessagesWaiting            
0000c9d8  MPU_uxQueueSpacesAvailable            
0000ca0c  MPU_vQueueDelete                      
0000ca38  MPU_xQueueCreateMutex                 
0000ca6c  MPU_xQueueGenericCreate               
0000cab8  MPU_xQueueGenericReset                
0000cafc  MPU_xEventGroupCreate                 
0000cb28  MPU_xEventGroupWaitBits               
0000cb84  MPU_xEventGroupClearBits              
0000cbc8  MPU_xEventGroupSetBits                
0000cc0c  MPU_xEventGroupSync                   
0000cc60  MPU_vEventGroupDelete                 
0000cc8c  i2cInit                               
0000cd78  i2cSetOwnAdd                          
0000cd98  i2cSetSlaveAdd                        
0000cdb8  i2cSetBaudrate                        
0000ceb8  i2cSetStart                           
0000ced8  i2cSetStop                            
0000cef8  i2cSetCount                           
0000cf18  i2cIsTxReady                          
0000cf34  i2cSendByte                           
0000cf64  i2cSend                               
0000d030  i2cIsRxReady                          
0000d04c  i2cIsStopDetected                     
0000d068  i2cRxError                            
0000d098  i2cClearSCD                           
0000d0b4  i2cReceiveByte                        
0000d0dc  i2cReceive                            
0000d17c  i2cEnableLoopback                     
0000d19c  i2cDisableLoopback                    
0000d1d4  i2cEnableNotification                 
0000d210  i2cDisableNotification                
0000d260  i2cSetMode                            
0000d298  i2cGetConfigValue                     
0000d460  i2cSetDirection                       
0000d498  i2cIsMasterReady                      
0000d4d8  i2cIsBusBusy                          
0000d564  muxInit                               
0000da18  pinmuxGetConfigValue                  
0000de18  _errata_SSWF021_45_both_plls          
0000e00c  _errata_SSWF021_45_pll1               
0000e184  _errata_SSWF021_45_pll2               
0000e47c  esmInit                               
0000e584  esmError                              
0000e5a0  esmEnableError                        
0000e5c8  esmDisableError                       
0000e5f0  esmTriggerErrorPinReset               
0000e600  esmActivateNormalOperation            
0000e610  esmEnableInterrupt                    
0000e638  esmDisableInterrupt                   
0000e660  esmSetInterruptLevel                  
0000e6d4  esmClearStatus                        
0000e714  esmClearStatusBuffer                  
0000e730  esmSetCounterPreloadValue             
0000e750  esmGetStatus                          
0000e7d4  esmGetStatusBuffer                    
0000e80c  esmEnterSelfTest                      
0000e894  esmSelfTestStatus                     
0000e8e4  esmGetConfigValue                     
0000ea38  gioInit                               
0000eb08  gioSetDirection                       
0000eb28  gioSetBit                             
0000eb78  gioSetPort                            
0000eb98  gioGetBit                             
0000ebc0  gioGetPort                            
0000ebd8  gioToggleBit                          
0000ec30  gioEnableNotification                 
0000ec98  gioDisableNotification                
0000ed00  gioGetConfigValue                     
0000eebc  _coreInitRegisters_                   
0000efc8  _coreInitStackPointer_                
0000f014  _getCPSRValue_                        
0000f01c  _gotoCPUIdle_                         
0000f034  _coreEnableVfp_                       
0000f04c  _coreEnableEventBusExport_            
0000f05c  _coreDisableEventBusExport_           
0000f06c  _coreEnableRamEcc_                    
0000f07c  _coreDisableRamEcc_                   
0000f08c  _coreEnableFlashEcc_                  
0000f0a0  _coreDisableFlashEcc_                 
0000f0b0  _coreEnableIrqVicOffset_              
0000f0c0  _coreGetDataFault_                    
0000f0c8  _coreClearDataFault_                  
0000f0d4  _coreGetInstructionFault_             
0000f0dc  _coreClearInstructionFault_           
0000f0e8  _coreGetDataFaultAddress_             
0000f0f0  _coreClearDataFaultAddress_           
0000f0fc  _coreGetInstructionFaultAddress_      
0000f104  _coreClearInstructionFaultAddress_    
0000f110  _coreGetAuxiliaryDataFault_           
0000f118  _coreClearAuxiliaryDataFault_         
0000f124  _coreGetAuxiliaryInstructionFault_    
0000f12c  _coreClearAuxiliaryInstructionFault_  
0000f138  _disable_interrupt_                   
0000f140  _disable_FIQ_interrupt_               
0000f148  _disable_IRQ_interrupt_               
0000f150  _enable_interrupt_                    
0000f158  _esmCcmErrorsClear_                   
0000f1e0  _errata_CORTEXR4_57_                  
0000f1f0  _errata_CORTEXR4_66_                  
0000f200  __TI_PINIT_Base                       
0000f204  __TI_PINIT_Limit                      
0000f208  vimParityErrorHandler                 
0000f74c  coral__sendMDMessage                  
0000f874  coral__receiveMDStatus                
0000f888  coral__setup                          
0000f8b0  coral__ledOn                          
0000f8d8  coral__parity                         
0000f944  i2cNotification                       
0000f984  vListInitialise                       
0000f9dc  vListInitialiseItem                   
0000f9f8  vListInsertEnd                        
0000fa6c  vListInsert                           
0000fb30  uxListRemove                          
0000fbbc  esmGroup1Notification                 
0000fbcc  esmGroup2Notification                 
0000fbdc  memoryPort0TestFailNotification       
0000fbf8  memoryPort1TestFailNotification       
0000fc14  adcNotification                       
0000fc28  canErrorNotification                  
0000fc3c  canStatusChangeNotification           
0000fc50  canMessageNotification                
0000fc64  dccNotification                       
0000fc78  gioNotification                       
0000fca0  linNotification                       
0000fcb4  mibspiNotification                    
0000fcc8  mibspiGroupNotification               
0000fcdc  sciNotification                       
0000fcf0  spiNotification                       
0000fd04  spiEndNotification                    
0000fd14  pwmNotification                       
0000fd2c  edgeNotification                      
0000fd40  hetNotification                       
0000fd54  crcNotification                       
0000fd68  etpwmNotification                     
0000fd78  etpwmTripNotification                 
0000fd8c  eqepNotification                      
0000fda0  ecapNotification                      
0000fdb4  dmaGroupANotification                 
0000fdc8  emacTxNotification                    
0000fdd8  emacRxNotification                    
0000fde8  _c_int00                              
0001027c  xTaskNotifyStateClear                 
000102f8  afterSTC                              
00010424  handlePLLLockFail                     
0001044c  esmHighInterrupt                      
00010560  _dabort                               
00010648  _pmuInit_                             
00010694  _pmuEnableCountersGlobal_             
000106a4  _pmuDisableCountersGlobal_            
000106b4  _pmuResetCycleCounter_                
000106c4  _pmuResetEventCounters_               
000106d4  _pmuResetCounters_                    
000106e4  _pmuStartCounters_                    
000106ec  _pmuStopCounters_                     
000106f4  _pmuSetCountEvent_                    
00010700  _pmuGetCycleCount_                    
00010708  _pmuGetEventCount_                    
00010714  _pmuGetOverflow_                      
00010729  __aeabi_memcpy                        
00010729  __aeabi_memcpy4                       
00010729  __aeabi_memcpy8                       
00010729  memcpy                                
000107c5  __aeabi_memclr                        
000107c5  __aeabi_memclr4                       
000107c5  __aeabi_memclr8                       
000107c7  __aeabi_memset                        
000107c7  __aeabi_memset4                       
000107c7  __aeabi_memset8                       
000107cd  memset                                
0001083f  __TI_decompress_lzss                  
000108ad  __TI_auto_init_nobinit_nopinit        
000108f0  main                                  
000108f8  testbench                             
00010911  strlen                                
00010927  __TI_decompress_none                  
00010935  __TI_zero_init                        
00010941  C$$EXIT                               
00010941  abort                                 
00010944  phantomInterrupt                      
080008d0  pxCurrentTCB                          
08003014  i2cTransmitLock                       
08003028  ulCriticalNesting                     
0800302c  ulTaskHasFPUContext                   
ffffffff  __TI_pprof_out_hndl                   
ffffffff  __TI_prof_data_size                   
ffffffff  __TI_prof_data_start                  
ffffffff  __binit__                             
ffffffff  __c_args__                            
ffffffff  binit                                 
UNDEFED   SHT$$INIT_ARRAY$$Base                 
UNDEFED   SHT$$INIT_ARRAY$$Limit                
UNDEFED   _system_post_cinit                    

[391 symbols]
