<?xml version="1.0" encoding="ISO-8859-1" ?>
<link_info>
   <banner>TI ARM Linker PC v18.1.3.LTS</banner>
   <copyright>Copyright (c) 1996-2017 Texas Instruments Incorporated</copyright>
   <link_time>0x5c92f0b4</link_time>
   <link_errors>0x0</link_errors>
   <output_file>RM46_HAL_TEST.out</output_file>
   <entry_point>
      <name>_c_int00</name>
      <address>0xeb04</address>
   </entry_point>
   <input_file_list>
      <input_file id="fl-2">
         <path>.\source\</path>
         <kind>object</kind>
         <file>adc.obj</file>
         <name>adc.obj</name>
      </input_file>
      <input_file id="fl-3">
         <path>.\source\</path>
         <kind>object</kind>
         <file>can.obj</file>
         <name>can.obj</name>
      </input_file>
      <input_file id="fl-4">
         <path>.\source\</path>
         <kind>object</kind>
         <file>coral.obj</file>
         <name>coral.obj</name>
      </input_file>
      <input_file id="fl-5">
         <path>.\source\</path>
         <kind>object</kind>
         <file>crc.obj</file>
         <name>crc.obj</name>
      </input_file>
      <input_file id="fl-6">
         <path>.\source\</path>
         <kind>object</kind>
         <file>dabort.obj</file>
         <name>dabort.obj</name>
      </input_file>
      <input_file id="fl-7">
         <path>.\source\</path>
         <kind>object</kind>
         <file>dcc.obj</file>
         <name>dcc.obj</name>
      </input_file>
      <input_file id="fl-8">
         <path>.\source\</path>
         <kind>object</kind>
         <file>ecap.obj</file>
         <name>ecap.obj</name>
      </input_file>
      <input_file id="fl-9">
         <path>.\source\</path>
         <kind>object</kind>
         <file>emac.obj</file>
         <name>emac.obj</name>
      </input_file>
      <input_file id="fl-a">
         <path>.\source\</path>
         <kind>object</kind>
         <file>eqep.obj</file>
         <name>eqep.obj</name>
      </input_file>
      <input_file id="fl-b">
         <path>.\source\</path>
         <kind>object</kind>
         <file>errata_SSWF021_45.obj</file>
         <name>errata_SSWF021_45.obj</name>
      </input_file>
      <input_file id="fl-c">
         <path>.\source\</path>
         <kind>object</kind>
         <file>esm.obj</file>
         <name>esm.obj</name>
      </input_file>
      <input_file id="fl-d">
         <path>.\source\</path>
         <kind>object</kind>
         <file>etpwm.obj</file>
         <name>etpwm.obj</name>
      </input_file>
      <input_file id="fl-e">
         <path>.\source\</path>
         <kind>object</kind>
         <file>gio.obj</file>
         <name>gio.obj</name>
      </input_file>
      <input_file id="fl-f">
         <path>.\source\</path>
         <kind>object</kind>
         <file>het.obj</file>
         <name>het.obj</name>
      </input_file>
      <input_file id="fl-10">
         <path>.\source\</path>
         <kind>object</kind>
         <file>i2c.obj</file>
         <name>i2c.obj</name>
      </input_file>
      <input_file id="fl-11">
         <path>.\source\</path>
         <kind>object</kind>
         <file>lin.obj</file>
         <name>lin.obj</name>
      </input_file>
      <input_file id="fl-12">
         <path>.\source\</path>
         <kind>object</kind>
         <file>mdio.obj</file>
         <name>mdio.obj</name>
      </input_file>
      <input_file id="fl-13">
         <path>.\source\</path>
         <kind>object</kind>
         <file>mibspi.obj</file>
         <name>mibspi.obj</name>
      </input_file>
      <input_file id="fl-14">
         <path>.\source\</path>
         <kind>object</kind>
         <file>notification.obj</file>
         <name>notification.obj</name>
      </input_file>
      <input_file id="fl-15">
         <path>.\source\</path>
         <kind>object</kind>
         <file>os_croutine.obj</file>
         <name>os_croutine.obj</name>
      </input_file>
      <input_file id="fl-16">
         <path>.\source\</path>
         <kind>object</kind>
         <file>os_event_groups.obj</file>
         <name>os_event_groups.obj</name>
      </input_file>
      <input_file id="fl-17">
         <path>.\source\</path>
         <kind>object</kind>
         <file>os_heap.obj</file>
         <name>os_heap.obj</name>
      </input_file>
      <input_file id="fl-18">
         <path>.\source\</path>
         <kind>object</kind>
         <file>os_list.obj</file>
         <name>os_list.obj</name>
      </input_file>
      <input_file id="fl-19">
         <path>.\source\</path>
         <kind>object</kind>
         <file>os_mpu_wrappers.obj</file>
         <name>os_mpu_wrappers.obj</name>
      </input_file>
      <input_file id="fl-1a">
         <path>.\source\</path>
         <kind>object</kind>
         <file>os_port.obj</file>
         <name>os_port.obj</name>
      </input_file>
      <input_file id="fl-1b">
         <path>.\source\</path>
         <kind>object</kind>
         <file>os_portasm.obj</file>
         <name>os_portasm.obj</name>
      </input_file>
      <input_file id="fl-1c">
         <path>.\source\</path>
         <kind>object</kind>
         <file>os_queue.obj</file>
         <name>os_queue.obj</name>
      </input_file>
      <input_file id="fl-1d">
         <path>.\source\</path>
         <kind>object</kind>
         <file>os_tasks.obj</file>
         <name>os_tasks.obj</name>
      </input_file>
      <input_file id="fl-1e">
         <path>.\source\</path>
         <kind>object</kind>
         <file>os_timer.obj</file>
         <name>os_timer.obj</name>
      </input_file>
      <input_file id="fl-1f">
         <path>.\source\</path>
         <kind>object</kind>
         <file>phy_dp83640.obj</file>
         <name>phy_dp83640.obj</name>
      </input_file>
      <input_file id="fl-20">
         <path>.\source\</path>
         <kind>object</kind>
         <file>pinmux.obj</file>
         <name>pinmux.obj</name>
      </input_file>
      <input_file id="fl-21">
         <path>.\source\</path>
         <kind>object</kind>
         <file>pom.obj</file>
         <name>pom.obj</name>
      </input_file>
      <input_file id="fl-22">
         <path>.\source\</path>
         <kind>object</kind>
         <file>sci.obj</file>
         <name>sci.obj</name>
      </input_file>
      <input_file id="fl-23">
         <path>.\source\</path>
         <kind>object</kind>
         <file>spi.obj</file>
         <name>spi.obj</name>
      </input_file>
      <input_file id="fl-24">
         <path>.\source\</path>
         <kind>object</kind>
         <file>sys_core.obj</file>
         <name>sys_core.obj</name>
      </input_file>
      <input_file id="fl-25">
         <path>.\source\</path>
         <kind>object</kind>
         <file>sys_dma.obj</file>
         <name>sys_dma.obj</name>
      </input_file>
      <input_file id="fl-26">
         <path>.\source\</path>
         <kind>object</kind>
         <file>sys_intvecs.obj</file>
         <name>sys_intvecs.obj</name>
      </input_file>
      <input_file id="fl-27">
         <path>.\source\</path>
         <kind>object</kind>
         <file>sys_main.obj</file>
         <name>sys_main.obj</name>
      </input_file>
      <input_file id="fl-28">
         <path>.\source\</path>
         <kind>object</kind>
         <file>sys_mpu.obj</file>
         <name>sys_mpu.obj</name>
      </input_file>
      <input_file id="fl-29">
         <path>.\source\</path>
         <kind>object</kind>
         <file>sys_pcr.obj</file>
         <name>sys_pcr.obj</name>
      </input_file>
      <input_file id="fl-2a">
         <path>.\source\</path>
         <kind>object</kind>
         <file>sys_phantom.obj</file>
         <name>sys_phantom.obj</name>
      </input_file>
      <input_file id="fl-2b">
         <path>.\source\</path>
         <kind>object</kind>
         <file>sys_pmm.obj</file>
         <name>sys_pmm.obj</name>
      </input_file>
      <input_file id="fl-2c">
         <path>.\source\</path>
         <kind>object</kind>
         <file>sys_pmu.obj</file>
         <name>sys_pmu.obj</name>
      </input_file>
      <input_file id="fl-2d">
         <path>.\source\</path>
         <kind>object</kind>
         <file>sys_selftest.obj</file>
         <name>sys_selftest.obj</name>
      </input_file>
      <input_file id="fl-2e">
         <path>.\source\</path>
         <kind>object</kind>
         <file>sys_startup.obj</file>
         <name>sys_startup.obj</name>
      </input_file>
      <input_file id="fl-2f">
         <path>.\source\</path>
         <kind>object</kind>
         <file>sys_vim.obj</file>
         <name>sys_vim.obj</name>
      </input_file>
      <input_file id="fl-30">
         <path>.\source\</path>
         <kind>object</kind>
         <file>system.obj</file>
         <name>system.obj</name>
      </input_file>
      <input_file id="fl-34">
         <kind>object</kind>
         <file>&lt;internal&gt;</file>
         <name>&lt;internal&gt;</name>
      </input_file>
      <input_file id="fl-35">
         <path>C:\ti\ccsv8\tools\compiler\ti-cgt-arm_18.1.3.LTS\lib\</path>
         <kind>archive</kind>
         <file>rtsv7R4_T_le_v3D16_eabi.lib</file>
         <name>s_floor.c.obj</name>
      </input_file>
      <input_file id="fl-36">
         <path>C:\ti\ccsv8\tools\compiler\ti-cgt-arm_18.1.3.LTS\lib\</path>
         <kind>archive</kind>
         <file>rtsv7R4_T_le_v3D16_eabi.lib</file>
         <name>memset_t2.asm.obj</name>
      </input_file>
      <input_file id="fl-37">
         <path>C:\ti\ccsv8\tools\compiler\ti-cgt-arm_18.1.3.LTS\lib\</path>
         <kind>archive</kind>
         <file>rtsv7R4_T_le_v3D16_eabi.lib</file>
         <name>memcpy_t2.asm.obj</name>
      </input_file>
      <input_file id="fl-38">
         <path>C:\ti\ccsv8\tools\compiler\ti-cgt-arm_18.1.3.LTS\lib\</path>
         <kind>archive</kind>
         <file>rtsv7R4_T_le_v3D16_eabi.lib</file>
         <name>u_div32.asm.obj</name>
      </input_file>
      <input_file id="fl-39">
         <path>C:\ti\ccsv8\tools\compiler\ti-cgt-arm_18.1.3.LTS\lib\</path>
         <kind>archive</kind>
         <file>rtsv7R4_T_le_v3D16_eabi.lib</file>
         <name>autoinit.c.obj</name>
      </input_file>
      <input_file id="fl-3a">
         <path>C:\ti\ccsv8\tools\compiler\ti-cgt-arm_18.1.3.LTS\lib\</path>
         <kind>archive</kind>
         <file>rtsv7R4_T_le_v3D16_eabi.lib</file>
         <name>cpy_tbl.c.obj</name>
      </input_file>
      <input_file id="fl-3b">
         <path>C:\ti\ccsv8\tools\compiler\ti-cgt-arm_18.1.3.LTS\lib\</path>
         <kind>archive</kind>
         <file>rtsv7R4_T_le_v3D16_eabi.lib</file>
         <name>copy_zero_init.c.obj</name>
      </input_file>
      <input_file id="fl-3c">
         <path>C:\ti\ccsv8\tools\compiler\ti-cgt-arm_18.1.3.LTS\lib\</path>
         <kind>archive</kind>
         <file>rtsv7R4_T_le_v3D16_eabi.lib</file>
         <name>copy_decompress_none.c.obj</name>
      </input_file>
      <input_file id="fl-3d">
         <path>C:\ti\ccsv8\tools\compiler\ti-cgt-arm_18.1.3.LTS\lib\</path>
         <kind>archive</kind>
         <file>rtsv7R4_T_le_v3D16_eabi.lib</file>
         <name>copy_decompress_lzss.c.obj</name>
      </input_file>
      <input_file id="fl-3e">
         <path>C:\ti\ccsv8\tools\compiler\ti-cgt-arm_18.1.3.LTS\lib\</path>
         <kind>archive</kind>
         <file>rtsv7R4_T_le_v3D16_eabi.lib</file>
         <name>exit.c.obj</name>
      </input_file>
      <input_file id="fl-3f">
         <path>C:\ti\ccsv8\tools\compiler\ti-cgt-arm_18.1.3.LTS\lib\</path>
         <kind>archive</kind>
         <file>rtsv7R4_T_le_v3D16_eabi.lib</file>
         <name>_lock.c.obj</name>
      </input_file>
      <input_file id="fl-40">
         <path>C:\ti\ccsv8\tools\compiler\ti-cgt-arm_18.1.3.LTS\lib\</path>
         <kind>archive</kind>
         <file>rtsv7R4_T_le_v3D16_eabi.lib</file>
         <name>strlen.c.obj</name>
      </input_file>
      <input_file id="fl-41">
         <path>C:\ti\ccsv8\tools\compiler\ti-cgt-arm_18.1.3.LTS\lib\</path>
         <kind>archive</kind>
         <file>rtsv7R4_T_le_v3D16_eabi.lib</file>
         <name>div0.asm.obj</name>
      </input_file>
   </input_file_list>
   <object_component_list>
      <object_component id="oc-30">
         <name>.intvecs</name>
         <load_address>0x0</load_address>
         <run_address>0x0</run_address>
         <size>0x20</size>
         <input_file_ref idref="fl-26"/>
      </object_component>
      <object_component id="oc-153">
         <name>.kernelTEXT</name>
         <load_address>0x20</load_address>
         <run_address>0x20</run_address>
         <size>0x2fa0</size>
         <input_file_ref idref="fl-1d"/>
      </object_component>
      <object_component id="oc-2fa">
         <name>.kernelTEXT</name>
         <load_address>0x2fc0</load_address>
         <run_address>0x2fc0</run_address>
         <size>0x1374</size>
         <input_file_ref idref="fl-1c"/>
      </object_component>
      <object_component id="oc-269">
         <name>.kernelTEXT</name>
         <load_address>0x4334</load_address>
         <run_address>0x4334</run_address>
         <size>0xab0</size>
         <input_file_ref idref="fl-1e"/>
      </object_component>
      <object_component id="oc-a2">
         <name>.kernelTEXT</name>
         <load_address>0x4de4</load_address>
         <run_address>0x4de4</run_address>
         <size>0x4bc</size>
         <input_file_ref idref="fl-1b"/>
      </object_component>
      <object_component id="oc-25d">
         <name>.kernelTEXT</name>
         <load_address>0x52a0</load_address>
         <run_address>0x52a0</run_address>
         <size>0x3e0</size>
         <input_file_ref idref="fl-1a"/>
      </object_component>
      <object_component id="oc-251">
         <name>.kernelTEXT</name>
         <load_address>0x5680</load_address>
         <run_address>0x5680</run_address>
         <size>0x380</size>
         <input_file_ref idref="fl-17"/>
      </object_component>
      <object_component id="oc-3f1">
         <name>__TI_handler_table</name>
         <load_address>0x5a00</load_address>
         <run_address>0x5a00</run_address>
         <size>0xc</size>
      </object_component>
      <object_component id="oc-3f6">
         <name>.cinit..data.load</name>
         <load_address>0x5a0c</load_address>
         <run_address>0x5a0c</run_address>
         <size>0xb</size>
      </object_component>
      <object_component id="oc-3f3">
         <name>.cinit..kernelBSS.load</name>
         <load_address>0x5a17</load_address>
         <run_address>0x5a17</run_address>
         <size>0x9</size>
      </object_component>
      <object_component id="oc-3f5">
         <name>.cinit..bss.load</name>
         <load_address>0x5a20</load_address>
         <run_address>0x5a20</run_address>
         <size>0x8</size>
      </object_component>
      <object_component id="oc-3f4">
         <name>.cinit..kernelHEAP.load</name>
         <load_address>0x5a28</load_address>
         <run_address>0x5a28</run_address>
         <size>0x8</size>
      </object_component>
      <object_component id="oc-3f2">
         <name>__TI_cinit_table</name>
         <load_address>0x5a30</load_address>
         <run_address>0x5a30</run_address>
         <size>0x20</size>
      </object_component>
      <object_component id="oc-81">
         <name>.text</name>
         <load_address>0x8020</load_address>
         <run_address>0x8020</run_address>
         <size>0x2cdc</size>
         <input_file_ref idref="fl-2d"/>
      </object_component>
      <object_component id="oc-7b">
         <name>.text</name>
         <load_address>0xacfc</load_address>
         <run_address>0xacfc</run_address>
         <size>0xb64</size>
         <input_file_ref idref="fl-30"/>
      </object_component>
      <object_component id="oc-3f">
         <name>.text</name>
         <load_address>0xb860</load_address>
         <run_address>0xb860</run_address>
         <size>0xa58</size>
         <input_file_ref idref="fl-2f"/>
      </object_component>
      <object_component id="oc-18a">
         <name>.text</name>
         <load_address>0xc2b8</load_address>
         <run_address>0xc2b8</run_address>
         <size>0x8d8</size>
         <input_file_ref idref="fl-10"/>
      </object_component>
      <object_component id="oc-ef">
         <name>.text</name>
         <load_address>0xcb90</load_address>
         <run_address>0xcb90</run_address>
         <size>0x8b8</size>
         <input_file_ref idref="fl-20"/>
      </object_component>
      <object_component id="oc-6f">
         <name>.text</name>
         <load_address>0xd448</load_address>
         <run_address>0xd448</run_address>
         <size>0x664</size>
         <input_file_ref idref="fl-b"/>
      </object_component>
      <object_component id="oc-87">
         <name>.text</name>
         <load_address>0xdaac</load_address>
         <run_address>0xdaac</run_address>
         <size>0x5bc</size>
         <input_file_ref idref="fl-c"/>
      </object_component>
      <object_component id="oc-190">
         <name>.text</name>
         <load_address>0xe068</load_address>
         <run_address>0xe068</run_address>
         <size>0x484</size>
         <input_file_ref idref="fl-e"/>
      </object_component>
      <object_component id="oc-6a">
         <name>.text</name>
         <load_address>0xe4ec</load_address>
         <run_address>0xe4ec</run_address>
         <size>0x34c</size>
         <input_file_ref idref="fl-24"/>
      </object_component>
      <object_component id="oc-3b">
         <name>.text:retain</name>
         <load_address>0xe838</load_address>
         <run_address>0xe838</run_address>
         <size>0x2cc</size>
         <input_file_ref idref="fl-2f"/>
      </object_component>
      <object_component id="oc-1b">
         <name>.text:retain</name>
         <load_address>0xeb04</load_address>
         <run_address>0xeb04</run_address>
         <size>0x290</size>
         <input_file_ref idref="fl-2e"/>
      </object_component>
      <object_component id="oc-2dc">
         <name>.text</name>
         <load_address>0xed94</load_address>
         <run_address>0xed94</run_address>
         <size>0x278</size>
         <input_file_ref idref="fl-17"/>
      </object_component>
      <object_component id="oc-aa">
         <name>.text</name>
         <load_address>0xf00c</load_address>
         <run_address>0xf00c</run_address>
         <size>0x24c</size>
         <input_file_ref idref="fl-4"/>
      </object_component>
      <object_component id="oc-257">
         <name>.text</name>
         <load_address>0xf258</load_address>
         <run_address>0xf258</run_address>
         <size>0x238</size>
         <input_file_ref idref="fl-18"/>
      </object_component>
      <object_component id="oc-96">
         <name>.text</name>
         <load_address>0xf490</load_address>
         <run_address>0xf490</run_address>
         <size>0x22c</size>
         <input_file_ref idref="fl-14"/>
      </object_component>
      <object_component id="oc-2a">
         <name>.text:retain</name>
         <load_address>0xf6bc</load_address>
         <run_address>0xf6bc</run_address>
         <size>0x1f0</size>
         <input_file_ref idref="fl-10"/>
      </object_component>
      <object_component id="oc-2f1">
         <name>.text</name>
         <load_address>0xf8ac</load_address>
         <run_address>0xf8ac</run_address>
         <size>0x1b4</size>
         <input_file_ref idref="fl-1a"/>
      </object_component>
      <object_component id="oc-263">
         <name>.text</name>
         <load_address>0xfa60</load_address>
         <run_address>0xfa60</run_address>
         <size>0x164</size>
         <input_file_ref idref="fl-1d"/>
      </object_component>
      <object_component id="oc-21">
         <name>.text:retain</name>
         <load_address>0xfbc4</load_address>
         <run_address>0xfbc4</run_address>
         <size>0x114</size>
         <input_file_ref idref="fl-c"/>
      </object_component>
      <object_component id="oc-b4">
         <name>.text</name>
         <load_address>0xfcd8</load_address>
         <run_address>0xfcd8</run_address>
         <size>0xe8</size>
         <input_file_ref idref="fl-6"/>
      </object_component>
      <object_component id="oc-f7">
         <name>.text</name>
         <load_address>0xfdc0</load_address>
         <run_address>0xfdc0</run_address>
         <size>0xe0</size>
         <input_file_ref idref="fl-2c"/>
      </object_component>
      <object_component id="oc-52">
         <name>.text</name>
         <load_address>0xfea0</load_address>
         <run_address>0xfea0</run_address>
         <size>0x9c</size>
         <input_file_ref idref="fl-37"/>
      </object_component>
      <object_component id="oc-e1">
         <name>.text</name>
         <load_address>0xff3c</load_address>
         <run_address>0xff3c</run_address>
         <size>0x7a</size>
         <input_file_ref idref="fl-36"/>
      </object_component>
      <object_component id="oc-e">
         <name>.text:decompress:lzss:__TI_decompress_lzss</name>
         <load_address>0xffb6</load_address>
         <run_address>0xffb6</run_address>
         <size>0x6c</size>
         <input_file_ref idref="fl-3d"/>
      </object_component>
      <object_component id="oc-105">
         <name>.text:__TI_auto_init_nobinit_nopinit:__TI_auto_init_nobinit_nopinit</name>
         <load_address>0x10024</load_address>
         <run_address>0x10024</run_address>
         <size>0x44</size>
         <input_file_ref idref="fl-39"/>
      </object_component>
      <object_component id="oc-8e">
         <name>.text</name>
         <load_address>0x10068</load_address>
         <run_address>0x10068</run_address>
         <size>0x38</size>
         <input_file_ref idref="fl-27"/>
      </object_component>
      <object_component id="oc-272">
         <name>.text:strlen</name>
         <load_address>0x100a0</load_address>
         <run_address>0x100a0</run_address>
         <size>0x16</size>
         <input_file_ref idref="fl-40"/>
      </object_component>
      <object_component id="oc-14">
         <name>.text:decompress:none:__TI_decompress_none</name>
         <load_address>0x100b6</load_address>
         <run_address>0x100b6</run_address>
         <size>0xe</size>
         <input_file_ref idref="fl-3c"/>
      </object_component>
      <object_component id="oc-64">
         <name>.text:decompress:ZI:__TI_zero_init</name>
         <load_address>0x100c4</load_address>
         <run_address>0x100c4</run_address>
         <size>0xc</size>
         <input_file_ref idref="fl-3b"/>
      </object_component>
      <object_component id="oc-13b">
         <name>.text:abort:abort</name>
         <load_address>0x100d0</load_address>
         <run_address>0x100d0</run_address>
         <size>0x4</size>
         <input_file_ref idref="fl-3e"/>
      </object_component>
      <object_component id="oc-35">
         <name>.text:retain</name>
         <load_address>0x100d4</load_address>
         <run_address>0x100d4</run_address>
         <size>0x4</size>
         <input_file_ref idref="fl-2a"/>
      </object_component>
      <object_component id="oc-75">
         <name>.text</name>
         <load_address>0x100d8</load_address>
         <run_address>0x100d8</run_address>
         <size>0x4</size>
         <input_file_ref idref="fl-2e"/>
      </object_component>
      <object_component id="oc-27">
         <name>.const:s_vim_init</name>
         <load_address>0x100dc</load_address>
         <run_address>0x100dc</run_address>
         <size>0x200</size>
         <input_file_ref idref="fl-2f"/>
      </object_component>
      <object_component id="oc-159">
         <name>.kernelBSS:init</name>
         <load_address>0x80008d0</load_address>
         <run_address>0x80008d0</run_address>
         <size>0x34</size>
         <input_file_ref idref="fl-1d"/>
      </object_component>
      <object_component id="oc-26f">
         <name>.kernelBSS:uninit</name>
         <load_address>0x8000800</load_address>
         <run_address>0x8000800</run_address>
         <size>0xd0</size>
         <input_file_ref idref="fl-1d"/>
      </object_component>
      <object_component id="oc-303">
         <name>.kernelBSS:uninit</name>
         <load_address>0x8000904</load_address>
         <run_address>0x8000904</run_address>
         <size>0x30</size>
         <input_file_ref idref="fl-1e"/>
      </object_component>
      <object_component id="oc-300">
         <name>.kernelBSS:init</name>
         <load_address>0x8000934</load_address>
         <run_address>0x8000934</run_address>
         <size>0xc</size>
         <input_file_ref idref="fl-1e"/>
      </object_component>
      <object_component id="oc-392">
         <name>.kernelHEAP</name>
         <uninitialized>true</uninitialized>
         <run_address>0x8001000</run_address>
         <size>0x2000</size>
         <input_file_ref idref="fl-17"/>
      </object_component>
      <object_component id="oc-b0">
         <name>.bss:g_i2cTransfer_t</name>
         <uninitialized>true</uninitialized>
         <run_address>0x8003018</run_address>
         <size>0xc</size>
         <input_file_ref idref="fl-10"/>
      </object_component>
      <object_component id="oc-2e5">
         <name>.bss:xStart</name>
         <uninitialized>true</uninitialized>
         <run_address>0x8003024</run_address>
         <size>0x8</size>
         <input_file_ref idref="fl-17"/>
      </object_component>
      <object_component id="oc-196">
         <name>.common:i2cInUse</name>
         <uninitialized>true</uninitialized>
         <run_address>0x800302c</run_address>
         <size>0x1</size>
      </object_component>
      <object_component id="oc-2e2">
         <name>.data</name>
         <load_address>0x8003000</load_address>
         <run_address>0x8003000</run_address>
         <size>0x10</size>
         <input_file_ref idref="fl-17"/>
      </object_component>
      <object_component id="oc-15c">
         <name>.data</name>
         <load_address>0x8003010</load_address>
         <run_address>0x8003010</run_address>
         <size>0x8</size>
         <input_file_ref idref="fl-1a"/>
      </object_component>
      <object_component id="oc-1a4">
         <name>.debug_info</name>
         <load_address>0x0</load_address>
         <run_address>0x0</run_address>
         <size>0x304</size>
         <input_file_ref idref="fl-2"/>
      </object_component>
      <object_component id="oc-1b9">
         <name>.debug_info</name>
         <load_address>0x304</load_address>
         <run_address>0x304</run_address>
         <size>0x791</size>
         <input_file_ref idref="fl-2"/>
      </object_component>
      <object_component id="oc-162">
         <name>.debug_info</name>
         <load_address>0xa95</load_address>
         <run_address>0xa95</run_address>
         <size>0x26b</size>
         <input_file_ref idref="fl-2"/>
      </object_component>
      <object_component id="oc-9d">
         <name>.debug_info</name>
         <load_address>0xd00</load_address>
         <run_address>0xd00</run_address>
         <size>0x157</size>
         <input_file_ref idref="fl-2"/>
      </object_component>
      <object_component id="oc-c2">
         <name>.debug_info</name>
         <load_address>0xe57</load_address>
         <run_address>0xe57</run_address>
         <size>0x8b</size>
         <input_file_ref idref="fl-2"/>
      </object_component>
      <object_component id="oc-bd">
         <name>.debug_info</name>
         <load_address>0xee2</load_address>
         <run_address>0xee2</run_address>
         <size>0x18c</size>
         <input_file_ref idref="fl-2"/>
      </object_component>
      <object_component id="oc-24c">
         <name>.debug_info</name>
         <load_address>0x106e</load_address>
         <run_address>0x106e</run_address>
         <size>0x297</size>
         <input_file_ref idref="fl-2"/>
      </object_component>
      <object_component id="oc-14e">
         <name>.debug_info</name>
         <load_address>0x1305</load_address>
         <run_address>0x1305</run_address>
         <size>0xbb</size>
         <input_file_ref idref="fl-2"/>
      </object_component>
      <object_component id="oc-c7">
         <name>.debug_info</name>
         <load_address>0x13c0</load_address>
         <run_address>0x13c0</run_address>
         <size>0x86</size>
         <input_file_ref idref="fl-2"/>
      </object_component>
      <object_component id="oc-2a1">
         <name>.debug_info</name>
         <load_address>0x1446</load_address>
         <run_address>0x1446</run_address>
         <size>0x38f</size>
         <input_file_ref idref="fl-2"/>
      </object_component>
      <object_component id="oc-180">
         <name>.debug_info</name>
         <load_address>0x17d5</load_address>
         <run_address>0x17d5</run_address>
         <size>0x2d0</size>
         <input_file_ref idref="fl-2"/>
      </object_component>
      <object_component id="oc-2b0">
         <name>.debug_info</name>
         <load_address>0x1aa5</load_address>
         <run_address>0x1aa5</run_address>
         <size>0x2f3</size>
         <input_file_ref idref="fl-3"/>
      </object_component>
      <object_component id="oc-1c8">
         <name>.debug_info</name>
         <load_address>0x1d98</load_address>
         <run_address>0x1d98</run_address>
         <size>0x437</size>
         <input_file_ref idref="fl-3"/>
      </object_component>
      <object_component id="oc-344">
         <name>.debug_info</name>
         <load_address>0x21cf</load_address>
         <run_address>0x21cf</run_address>
         <size>0x15f</size>
         <input_file_ref idref="fl-3"/>
      </object_component>
      <object_component id="oc-197">
         <name>.debug_info</name>
         <load_address>0x232e</load_address>
         <run_address>0x232e</run_address>
         <size>0x6a5</size>
         <input_file_ref idref="fl-4"/>
      </object_component>
      <object_component id="oc-ac">
         <name>.debug_info</name>
         <load_address>0x29d3</load_address>
         <run_address>0x29d3</run_address>
         <size>0x584</size>
         <input_file_ref idref="fl-4"/>
      </object_component>
      <object_component id="oc-293">
         <name>.debug_info</name>
         <load_address>0x2f57</load_address>
         <run_address>0x2f57</run_address>
         <size>0x395</size>
         <input_file_ref idref="fl-4"/>
      </object_component>
      <object_component id="oc-279">
         <name>.debug_info</name>
         <load_address>0x32ec</load_address>
         <run_address>0x32ec</run_address>
         <size>0xe1</size>
         <input_file_ref idref="fl-4"/>
      </object_component>
      <object_component id="oc-136">
         <name>.debug_info</name>
         <load_address>0x33cd</load_address>
         <run_address>0x33cd</run_address>
         <size>0xda</size>
         <input_file_ref idref="fl-4"/>
      </object_component>
      <object_component id="oc-336">
         <name>.debug_info</name>
         <load_address>0x34a7</load_address>
         <run_address>0x34a7</run_address>
         <size>0x46</size>
         <input_file_ref idref="fl-4"/>
      </object_component>
      <object_component id="oc-298">
         <name>.debug_info</name>
         <load_address>0x34ed</load_address>
         <run_address>0x34ed</run_address>
         <size>0x2c</size>
         <input_file_ref idref="fl-4"/>
      </object_component>
      <object_component id="oc-27f">
         <name>.debug_info</name>
         <load_address>0x3519</load_address>
         <run_address>0x3519</run_address>
         <size>0x2c</size>
         <input_file_ref idref="fl-4"/>
      </object_component>
      <object_component id="oc-16c">
         <name>.debug_info</name>
         <load_address>0x3545</load_address>
         <run_address>0x3545</run_address>
         <size>0x435</size>
         <input_file_ref idref="fl-4"/>
      </object_component>
      <object_component id="oc-1e6">
         <name>.debug_info</name>
         <load_address>0x397a</load_address>
         <run_address>0x397a</run_address>
         <size>0x551</size>
         <input_file_ref idref="fl-4"/>
      </object_component>
      <object_component id="oc-171">
         <name>.debug_info</name>
         <load_address>0x3ecb</load_address>
         <run_address>0x3ecb</run_address>
         <size>0x1f9</size>
         <input_file_ref idref="fl-4"/>
      </object_component>
      <object_component id="oc-331">
         <name>.debug_info</name>
         <load_address>0x40c4</load_address>
         <run_address>0x40c4</run_address>
         <size>0x12a</size>
         <input_file_ref idref="fl-4"/>
      </object_component>
      <object_component id="oc-238">
         <name>.debug_info</name>
         <load_address>0x41ee</load_address>
         <run_address>0x41ee</run_address>
         <size>0x2e2</size>
         <input_file_ref idref="fl-4"/>
      </object_component>
      <object_component id="oc-32a">
         <name>.debug_info</name>
         <load_address>0x44d0</load_address>
         <run_address>0x44d0</run_address>
         <size>0x34f</size>
         <input_file_ref idref="fl-4"/>
      </object_component>
      <object_component id="oc-1d7">
         <name>.debug_info</name>
         <load_address>0x481f</load_address>
         <run_address>0x481f</run_address>
         <size>0x508</size>
         <input_file_ref idref="fl-4"/>
      </object_component>
      <object_component id="oc-2aa">
         <name>.debug_info</name>
         <load_address>0x4d27</load_address>
         <run_address>0x4d27</run_address>
         <size>0x43c</size>
         <input_file_ref idref="fl-4"/>
      </object_component>
      <object_component id="oc-176">
         <name>.debug_info</name>
         <load_address>0x5163</load_address>
         <run_address>0x5163</run_address>
         <size>0x6a6</size>
         <input_file_ref idref="fl-4"/>
      </object_component>
      <object_component id="oc-17b">
         <name>.debug_info</name>
         <load_address>0x5809</load_address>
         <run_address>0x5809</run_address>
         <size>0x13e</size>
         <input_file_ref idref="fl-4"/>
      </object_component>
      <object_component id="oc-2d4">
         <name>.debug_info</name>
         <load_address>0x5947</load_address>
         <run_address>0x5947</run_address>
         <size>0x2b4</size>
         <input_file_ref idref="fl-5"/>
      </object_component>
      <object_component id="oc-21a">
         <name>.debug_info</name>
         <load_address>0x5bfb</load_address>
         <run_address>0x5bfb</run_address>
         <size>0x3b8</size>
         <input_file_ref idref="fl-5"/>
      </object_component>
      <object_component id="oc-368">
         <name>.debug_info</name>
         <load_address>0x5fb3</load_address>
         <run_address>0x5fb3</run_address>
         <size>0x22c</size>
         <input_file_ref idref="fl-5"/>
      </object_component>
      <object_component id="oc-b5">
         <name>.debug_info</name>
         <load_address>0x61df</load_address>
         <run_address>0x61df</run_address>
         <size>0xf7</size>
         <input_file_ref idref="fl-6"/>
      </object_component>
      <object_component id="oc-2d5">
         <name>.debug_info</name>
         <load_address>0x62d6</load_address>
         <run_address>0x62d6</run_address>
         <size>0x289</size>
         <input_file_ref idref="fl-7"/>
      </object_component>
      <object_component id="oc-36f">
         <name>.debug_info</name>
         <load_address>0x655f</load_address>
         <run_address>0x655f</run_address>
         <size>0x155</size>
         <input_file_ref idref="fl-7"/>
      </object_component>
      <object_component id="oc-21f">
         <name>.debug_info</name>
         <load_address>0x66b4</load_address>
         <run_address>0x66b4</run_address>
         <size>0x116</size>
         <input_file_ref idref="fl-7"/>
      </object_component>
      <object_component id="oc-2d6">
         <name>.debug_info</name>
         <load_address>0x67ca</load_address>
         <run_address>0x67ca</run_address>
         <size>0x2a6</size>
         <input_file_ref idref="fl-8"/>
      </object_component>
      <object_component id="oc-376">
         <name>.debug_info</name>
         <load_address>0x6a70</load_address>
         <run_address>0x6a70</run_address>
         <size>0x359</size>
         <input_file_ref idref="fl-8"/>
      </object_component>
      <object_component id="oc-224">
         <name>.debug_info</name>
         <load_address>0x6dc9</load_address>
         <run_address>0x6dc9</run_address>
         <size>0x152</size>
         <input_file_ref idref="fl-8"/>
      </object_component>
      <object_component id="oc-2d7">
         <name>.debug_info</name>
         <load_address>0x6f1b</load_address>
         <run_address>0x6f1b</run_address>
         <size>0x5e5</size>
         <input_file_ref idref="fl-9"/>
      </object_component>
      <object_component id="oc-229">
         <name>.debug_info</name>
         <load_address>0x7500</load_address>
         <run_address>0x7500</run_address>
         <size>0x515</size>
         <input_file_ref idref="fl-9"/>
      </object_component>
      <object_component id="oc-2d9">
         <name>.debug_info</name>
         <load_address>0x7a15</load_address>
         <run_address>0x7a15</run_address>
         <size>0x28a</size>
         <input_file_ref idref="fl-a"/>
      </object_component>
      <object_component id="oc-37f">
         <name>.debug_info</name>
         <load_address>0x7c9f</load_address>
         <run_address>0x7c9f</run_address>
         <size>0x669</size>
         <input_file_ref idref="fl-a"/>
      </object_component>
      <object_component id="oc-22e">
         <name>.debug_info</name>
         <load_address>0x8308</load_address>
         <run_address>0x8308</run_address>
         <size>0x22e</size>
         <input_file_ref idref="fl-a"/>
      </object_component>
      <object_component id="oc-1b4">
         <name>.debug_info</name>
         <load_address>0x8536</load_address>
         <run_address>0x8536</run_address>
         <size>0x2b3</size>
         <input_file_ref idref="fl-b"/>
      </object_component>
      <object_component id="oc-70">
         <name>.debug_info</name>
         <load_address>0x87e9</load_address>
         <run_address>0x87e9</run_address>
         <size>0x634</size>
         <input_file_ref idref="fl-b"/>
      </object_component>
      <object_component id="oc-4d">
         <name>.debug_info</name>
         <load_address>0x8e1d</load_address>
         <run_address>0x8e1d</run_address>
         <size>0x84</size>
         <input_file_ref idref="fl-b"/>
      </object_component>
      <object_component id="oc-e9">
         <name>.debug_info</name>
         <load_address>0x8ea1</load_address>
         <run_address>0x8ea1</run_address>
         <size>0x9e7</size>
         <input_file_ref idref="fl-b"/>
      </object_component>
      <object_component id="oc-104">
         <name>.debug_info</name>
         <load_address>0x9888</load_address>
         <run_address>0x9888</run_address>
         <size>0x30b</size>
         <input_file_ref idref="fl-c"/>
      </object_component>
      <object_component id="oc-88">
         <name>.debug_info</name>
         <load_address>0x9b93</load_address>
         <run_address>0x9b93</run_address>
         <size>0xb20</size>
         <input_file_ref idref="fl-c"/>
      </object_component>
      <object_component id="oc-22">
         <name>.debug_info</name>
         <load_address>0xa6b3</load_address>
         <run_address>0xa6b3</run_address>
         <size>0x180</size>
         <input_file_ref idref="fl-c"/>
      </object_component>
      <object_component id="oc-167">
         <name>.debug_info</name>
         <load_address>0xa833</load_address>
         <run_address>0xa833</run_address>
         <size>0x1de</size>
         <input_file_ref idref="fl-c"/>
      </object_component>
      <object_component id="oc-ff">
         <name>.debug_info</name>
         <load_address>0xaa11</load_address>
         <run_address>0xaa11</run_address>
         <size>0x129</size>
         <input_file_ref idref="fl-c"/>
      </object_component>
      <object_component id="oc-2da">
         <name>.debug_info</name>
         <load_address>0xab3a</load_address>
         <run_address>0xab3a</run_address>
         <size>0x2a8</size>
         <input_file_ref idref="fl-d"/>
      </object_component>
      <object_component id="oc-386">
         <name>.debug_info</name>
         <load_address>0xade2</load_address>
         <run_address>0xade2</run_address>
         <size>0xc6d</size>
         <input_file_ref idref="fl-d"/>
      </object_component>
      <object_component id="oc-233">
         <name>.debug_info</name>
         <load_address>0xba4f</load_address>
         <run_address>0xba4f</run_address>
         <size>0x396</size>
         <input_file_ref idref="fl-d"/>
      </object_component>
      <object_component id="oc-290">
         <name>.debug_info</name>
         <load_address>0xbde5</load_address>
         <run_address>0xbde5</run_address>
         <size>0x28e</size>
         <input_file_ref idref="fl-e"/>
      </object_component>
      <object_component id="oc-191">
         <name>.debug_info</name>
         <load_address>0xc073</load_address>
         <run_address>0xc073</run_address>
         <size>0x6d8</size>
         <input_file_ref idref="fl-e"/>
      </object_component>
      <object_component id="oc-2b1">
         <name>.debug_info</name>
         <load_address>0xc74b</load_address>
         <run_address>0xc74b</run_address>
         <size>0x2e4</size>
         <input_file_ref idref="fl-f"/>
      </object_component>
      <object_component id="oc-1ac">
         <name>.debug_info</name>
         <load_address>0xca2f</load_address>
         <run_address>0xca2f</run_address>
         <size>0x2c</size>
         <input_file_ref idref="fl-f"/>
      </object_component>
      <object_component id="oc-1d2">
         <name>.debug_info</name>
         <load_address>0xca5b</load_address>
         <run_address>0xca5b</run_address>
         <size>0x3d3</size>
         <input_file_ref idref="fl-f"/>
      </object_component>
      <object_component id="oc-34b">
         <name>.debug_info</name>
         <load_address>0xce2e</load_address>
         <run_address>0xce2e</run_address>
         <size>0x2e3</size>
         <input_file_ref idref="fl-f"/>
      </object_component>
      <object_component id="oc-28e">
         <name>.debug_info</name>
         <load_address>0xd111</load_address>
         <run_address>0xd111</run_address>
         <size>0x2cf</size>
         <input_file_ref idref="fl-10"/>
      </object_component>
      <object_component id="oc-b1">
         <name>.debug_info</name>
         <load_address>0xd3e0</load_address>
         <run_address>0xd3e0</run_address>
         <size>0xdf</size>
         <input_file_ref idref="fl-10"/>
      </object_component>
      <object_component id="oc-18b">
         <name>.debug_info</name>
         <load_address>0xd4bf</load_address>
         <run_address>0xd4bf</run_address>
         <size>0xfb2</size>
         <input_file_ref idref="fl-10"/>
      </object_component>
      <object_component id="oc-2b">
         <name>.debug_info</name>
         <load_address>0xe471</load_address>
         <run_address>0xe471</run_address>
         <size>0x1ec</size>
         <input_file_ref idref="fl-10"/>
      </object_component>
      <object_component id="oc-19e">
         <name>.debug_info</name>
         <load_address>0xe65d</load_address>
         <run_address>0xe65d</run_address>
         <size>0x69</size>
         <input_file_ref idref="fl-10"/>
      </object_component>
      <object_component id="oc-2db">
         <name>.debug_info</name>
         <load_address>0xe6c6</load_address>
         <run_address>0xe6c6</run_address>
         <size>0x2ba</size>
         <input_file_ref idref="fl-11"/>
      </object_component>
      <object_component id="oc-23d">
         <name>.debug_info</name>
         <load_address>0xe980</load_address>
         <run_address>0xe980</run_address>
         <size>0x2bc</size>
         <input_file_ref idref="fl-11"/>
      </object_component>
      <object_component id="oc-38d">
         <name>.debug_info</name>
         <load_address>0xec3c</load_address>
         <run_address>0xec3c</run_address>
         <size>0x186</size>
         <input_file_ref idref="fl-11"/>
      </object_component>
      <object_component id="oc-2af">
         <name>.debug_info</name>
         <load_address>0xedc2</load_address>
         <run_address>0xedc2</run_address>
         <size>0x2ef</size>
         <input_file_ref idref="fl-13"/>
      </object_component>
      <object_component id="oc-1be">
         <name>.debug_info</name>
         <load_address>0xf0b1</load_address>
         <run_address>0xf0b1</run_address>
         <size>0x4de</size>
         <input_file_ref idref="fl-13"/>
      </object_component>
      <object_component id="oc-33d">
         <name>.debug_info</name>
         <load_address>0xf58f</load_address>
         <run_address>0xf58f</run_address>
         <size>0x44e</size>
         <input_file_ref idref="fl-13"/>
      </object_component>
      <object_component id="oc-148">
         <name>.debug_info</name>
         <load_address>0xf9dd</load_address>
         <run_address>0xf9dd</run_address>
         <size>0x5f2</size>
         <input_file_ref idref="fl-14"/>
      </object_component>
      <object_component id="oc-98">
         <name>.debug_info</name>
         <load_address>0xffcf</load_address>
         <run_address>0xffcf</run_address>
         <size>0x16b4</size>
         <input_file_ref idref="fl-14"/>
      </object_component>
      <object_component id="oc-1c3">
         <name>.debug_info</name>
         <load_address>0x11683</load_address>
         <run_address>0x11683</run_address>
         <size>0x3ce</size>
         <input_file_ref idref="fl-14"/>
      </object_component>
      <object_component id="oc-215">
         <name>.debug_info</name>
         <load_address>0x11a51</load_address>
         <run_address>0x11a51</run_address>
         <size>0x7cd</size>
         <input_file_ref idref="fl-14"/>
      </object_component>
      <object_component id="oc-149">
         <name>.debug_info</name>
         <load_address>0x1221e</load_address>
         <run_address>0x1221e</run_address>
         <size>0x673</size>
         <input_file_ref idref="fl-14"/>
      </object_component>
      <object_component id="oc-1f3">
         <name>.debug_info</name>
         <load_address>0x12891</load_address>
         <run_address>0x12891</run_address>
         <size>0x37b</size>
         <input_file_ref idref="fl-14"/>
      </object_component>
      <object_component id="oc-1cd">
         <name>.debug_info</name>
         <load_address>0x12c0c</load_address>
         <run_address>0x12c0c</run_address>
         <size>0x1ca</size>
         <input_file_ref idref="fl-14"/>
      </object_component>
      <object_component id="oc-1dc">
         <name>.debug_info</name>
         <load_address>0x12dd6</load_address>
         <run_address>0x12dd6</run_address>
         <size>0x1de</size>
         <input_file_ref idref="fl-14"/>
      </object_component>
      <object_component id="oc-242">
         <name>.debug_info</name>
         <load_address>0x12fb4</load_address>
         <run_address>0x12fb4</run_address>
         <size>0x243</size>
         <input_file_ref idref="fl-14"/>
      </object_component>
      <object_component id="oc-247">
         <name>.debug_info</name>
         <load_address>0x131f7</load_address>
         <run_address>0x131f7</run_address>
         <size>0x26c</size>
         <input_file_ref idref="fl-14"/>
      </object_component>
      <object_component id="oc-1eb">
         <name>.debug_info</name>
         <load_address>0x13463</load_address>
         <run_address>0x13463</run_address>
         <size>0x17a</size>
         <input_file_ref idref="fl-14"/>
      </object_component>
      <object_component id="oc-327">
         <name>.debug_info</name>
         <load_address>0x135dd</load_address>
         <run_address>0x135dd</run_address>
         <size>0x1da</size>
         <input_file_ref idref="fl-15"/>
      </object_component>
      <object_component id="oc-284">
         <name>.debug_info</name>
         <load_address>0x137b7</load_address>
         <run_address>0x137b7</run_address>
         <size>0x30c</size>
         <input_file_ref idref="fl-15"/>
      </object_component>
      <object_component id="oc-322">
         <name>.debug_info</name>
         <load_address>0x13ac3</load_address>
         <run_address>0x13ac3</run_address>
         <size>0x395</size>
         <input_file_ref idref="fl-15"/>
      </object_component>
      <object_component id="oc-3b3">
         <name>.debug_info</name>
         <load_address>0x13e58</load_address>
         <run_address>0x13e58</run_address>
         <size>0xcc</size>
         <input_file_ref idref="fl-15"/>
      </object_component>
      <object_component id="oc-314">
         <name>.debug_info</name>
         <load_address>0x13f24</load_address>
         <run_address>0x13f24</run_address>
         <size>0x14c</size>
         <input_file_ref idref="fl-15"/>
      </object_component>
      <object_component id="oc-3a1">
         <name>.debug_info</name>
         <load_address>0x14070</load_address>
         <run_address>0x14070</run_address>
         <size>0x67f</size>
         <input_file_ref idref="fl-16"/>
      </object_component>
      <object_component id="oc-2ea">
         <name>.debug_info</name>
         <load_address>0x146ef</load_address>
         <run_address>0x146ef</run_address>
         <size>0x110</size>
         <input_file_ref idref="fl-16"/>
      </object_component>
      <object_component id="oc-3bc">
         <name>.debug_info</name>
         <load_address>0x147ff</load_address>
         <run_address>0x147ff</run_address>
         <size>0x39</size>
         <input_file_ref idref="fl-16"/>
      </object_component>
      <object_component id="oc-307">
         <name>.debug_info</name>
         <load_address>0x14838</load_address>
         <run_address>0x14838</run_address>
         <size>0x46</size>
         <input_file_ref idref="fl-16"/>
      </object_component>
      <object_component id="oc-3c1">
         <name>.debug_info</name>
         <load_address>0x1487e</load_address>
         <run_address>0x1487e</run_address>
         <size>0x62</size>
         <input_file_ref idref="fl-16"/>
      </object_component>
      <object_component id="oc-2e9">
         <name>.debug_info</name>
         <load_address>0x148e0</load_address>
         <run_address>0x148e0</run_address>
         <size>0x427</size>
         <input_file_ref idref="fl-17"/>
      </object_component>
      <object_component id="oc-393">
         <name>.debug_info</name>
         <load_address>0x14d07</load_address>
         <run_address>0x14d07</run_address>
         <size>0xd1</size>
         <input_file_ref idref="fl-17"/>
      </object_component>
      <object_component id="oc-2e6">
         <name>.debug_info</name>
         <load_address>0x14dd8</load_address>
         <run_address>0x14dd8</run_address>
         <size>0xd1</size>
         <input_file_ref idref="fl-17"/>
      </object_component>
      <object_component id="oc-2e3">
         <name>.debug_info</name>
         <load_address>0x14ea9</load_address>
         <run_address>0x14ea9</run_address>
         <size>0x185</size>
         <input_file_ref idref="fl-17"/>
      </object_component>
      <object_component id="oc-252">
         <name>.debug_info</name>
         <load_address>0x1502e</load_address>
         <run_address>0x1502e</run_address>
         <size>0x52e</size>
         <input_file_ref idref="fl-17"/>
      </object_component>
      <object_component id="oc-2dd">
         <name>.debug_info</name>
         <load_address>0x1555c</load_address>
         <run_address>0x1555c</run_address>
         <size>0x2a8</size>
         <input_file_ref idref="fl-17"/>
      </object_component>
      <object_component id="oc-39a">
         <name>.debug_info</name>
         <load_address>0x15804</load_address>
         <run_address>0x15804</run_address>
         <size>0x62</size>
         <input_file_ref idref="fl-17"/>
      </object_component>
      <object_component id="oc-2f0">
         <name>.debug_info</name>
         <load_address>0x15866</load_address>
         <run_address>0x15866</run_address>
         <size>0x362</size>
         <input_file_ref idref="fl-18"/>
      </object_component>
      <object_component id="oc-258">
         <name>.debug_info</name>
         <load_address>0x15bc8</load_address>
         <run_address>0x15bc8</run_address>
         <size>0x4af</size>
         <input_file_ref idref="fl-18"/>
      </object_component>
      <object_component id="oc-2f8">
         <name>.debug_info</name>
         <load_address>0x16077</load_address>
         <run_address>0x16077</run_address>
         <size>0x47a</size>
         <input_file_ref idref="fl-1a"/>
      </object_component>
      <object_component id="oc-15d">
         <name>.debug_info</name>
         <load_address>0x164f1</load_address>
         <run_address>0x164f1</run_address>
         <size>0x11f</size>
         <input_file_ref idref="fl-1a"/>
      </object_component>
      <object_component id="oc-25e">
         <name>.debug_info</name>
         <load_address>0x16610</load_address>
         <run_address>0x16610</run_address>
         <size>0x5b3</size>
         <input_file_ref idref="fl-1a"/>
      </object_component>
      <object_component id="oc-2f3">
         <name>.debug_info</name>
         <load_address>0x16bc3</load_address>
         <run_address>0x16bc3</run_address>
         <size>0x358</size>
         <input_file_ref idref="fl-1a"/>
      </object_component>
      <object_component id="oc-a4">
         <name>.debug_info</name>
         <load_address>0x16f1b</load_address>
         <run_address>0x16f1b</run_address>
         <size>0x4d8</size>
         <input_file_ref idref="fl-1b"/>
      </object_component>
      <object_component id="oc-3a8">
         <name>.debug_info</name>
         <load_address>0x173f3</load_address>
         <run_address>0x173f3</run_address>
         <size>0x800</size>
         <input_file_ref idref="fl-1c"/>
      </object_component>
      <object_component id="oc-2fb">
         <name>.debug_info</name>
         <load_address>0x17bf3</load_address>
         <run_address>0x17bf3</run_address>
         <size>0x285c</size>
         <input_file_ref idref="fl-1c"/>
      </object_component>
      <object_component id="oc-3c8">
         <name>.debug_info</name>
         <load_address>0x1a44f</load_address>
         <run_address>0x1a44f</run_address>
         <size>0x155</size>
         <input_file_ref idref="fl-1c"/>
      </object_component>
      <object_component id="oc-27e">
         <name>.debug_info</name>
         <load_address>0x1a5a4</load_address>
         <run_address>0x1a5a4</run_address>
         <size>0x887</size>
         <input_file_ref idref="fl-1d"/>
      </object_component>
      <object_component id="oc-15a">
         <name>.debug_info</name>
         <load_address>0x1ae2b</load_address>
         <run_address>0x1ae2b</run_address>
         <size>0x342</size>
         <input_file_ref idref="fl-1d"/>
      </object_component>
      <object_component id="oc-270">
         <name>.debug_info</name>
         <load_address>0x1b16d</load_address>
         <run_address>0x1b16d</run_address>
         <size>0x26e</size>
         <input_file_ref idref="fl-1d"/>
      </object_component>
      <object_component id="oc-154">
         <name>.debug_info</name>
         <load_address>0x1b3db</load_address>
         <run_address>0x1b3db</run_address>
         <size>0x50c6</size>
         <input_file_ref idref="fl-1d"/>
      </object_component>
      <object_component id="oc-264">
         <name>.debug_info</name>
         <load_address>0x204a1</load_address>
         <run_address>0x204a1</run_address>
         <size>0x3f0</size>
         <input_file_ref idref="fl-1d"/>
      </object_component>
      <object_component id="oc-31d">
         <name>.debug_info</name>
         <load_address>0x20891</load_address>
         <run_address>0x20891</run_address>
         <size>0x17a</size>
         <input_file_ref idref="fl-1d"/>
      </object_component>
      <object_component id="oc-30c">
         <name>.debug_info</name>
         <load_address>0x20a0b</load_address>
         <run_address>0x20a0b</run_address>
         <size>0x837</size>
         <input_file_ref idref="fl-1e"/>
      </object_component>
      <object_component id="oc-304">
         <name>.debug_info</name>
         <load_address>0x21242</load_address>
         <run_address>0x21242</run_address>
         <size>0x184</size>
         <input_file_ref idref="fl-1e"/>
      </object_component>
      <object_component id="oc-301">
         <name>.debug_info</name>
         <load_address>0x213c6</load_address>
         <run_address>0x213c6</run_address>
         <size>0x10c</size>
         <input_file_ref idref="fl-1e"/>
      </object_component>
      <object_component id="oc-26a">
         <name>.debug_info</name>
         <load_address>0x214d2</load_address>
         <run_address>0x214d2</run_address>
         <size>0x1c63</size>
         <input_file_ref idref="fl-1e"/>
      </object_component>
      <object_component id="oc-30d">
         <name>.debug_info</name>
         <load_address>0x23135</load_address>
         <run_address>0x23135</run_address>
         <size>0x1ba</size>
         <input_file_ref idref="fl-1e"/>
      </object_component>
      <object_component id="oc-1b6">
         <name>.debug_info</name>
         <load_address>0x232ef</load_address>
         <run_address>0x232ef</run_address>
         <size>0x275</size>
         <input_file_ref idref="fl-20"/>
      </object_component>
      <object_component id="oc-f2">
         <name>.debug_info</name>
         <load_address>0x23564</load_address>
         <run_address>0x23564</run_address>
         <size>0x1de</size>
         <input_file_ref idref="fl-20"/>
      </object_component>
      <object_component id="oc-6c">
         <name>.debug_info</name>
         <load_address>0x23742</load_address>
         <run_address>0x23742</run_address>
         <size>0x7ec</size>
         <input_file_ref idref="fl-24"/>
      </object_component>
      <object_component id="oc-31">
         <name>.debug_info</name>
         <load_address>0x23f2e</load_address>
         <run_address>0x23f2e</run_address>
         <size>0xff</size>
         <input_file_ref idref="fl-26"/>
      </object_component>
      <object_component id="oc-199">
         <name>.debug_info</name>
         <load_address>0x2402d</load_address>
         <run_address>0x2402d</run_address>
         <size>0x3e0</size>
         <input_file_ref idref="fl-27"/>
      </object_component>
      <object_component id="oc-90">
         <name>.debug_info</name>
         <load_address>0x2440d</load_address>
         <run_address>0x2440d</run_address>
         <size>0x1d0</size>
         <input_file_ref idref="fl-27"/>
      </object_component>
      <object_component id="oc-2b2">
         <name>.debug_info</name>
         <load_address>0x245dd</load_address>
         <run_address>0x245dd</run_address>
         <size>0x294</size>
         <input_file_ref idref="fl-29"/>
      </object_component>
      <object_component id="oc-352">
         <name>.debug_info</name>
         <load_address>0x24871</load_address>
         <run_address>0x24871</run_address>
         <size>0x242</size>
         <input_file_ref idref="fl-29"/>
      </object_component>
      <object_component id="oc-1e1">
         <name>.debug_info</name>
         <load_address>0x24ab3</load_address>
         <run_address>0x24ab3</run_address>
         <size>0x2af</size>
         <input_file_ref idref="fl-29"/>
      </object_component>
      <object_component id="oc-37">
         <name>.debug_info</name>
         <load_address>0x24d62</load_address>
         <run_address>0x24d62</run_address>
         <size>0x131</size>
         <input_file_ref idref="fl-2a"/>
      </object_component>
      <object_component id="oc-f9">
         <name>.debug_info</name>
         <load_address>0x24e93</load_address>
         <run_address>0x24e93</run_address>
         <size>0x35e</size>
         <input_file_ref idref="fl-2c"/>
      </object_component>
      <object_component id="oc-fd">
         <name>.debug_info</name>
         <load_address>0x251f1</load_address>
         <run_address>0x251f1</run_address>
         <size>0x664</size>
         <input_file_ref idref="fl-2d"/>
      </object_component>
      <object_component id="oc-82">
         <name>.debug_info</name>
         <load_address>0x25855</load_address>
         <run_address>0x25855</run_address>
         <size>0x2e83</size>
         <input_file_ref idref="fl-2d"/>
      </object_component>
      <object_component id="oc-1c">
         <name>.debug_info</name>
         <load_address>0x286d8</load_address>
         <run_address>0x286d8</run_address>
         <size>0x5d7</size>
         <input_file_ref idref="fl-2e"/>
      </object_component>
      <object_component id="oc-76">
         <name>.debug_info</name>
         <load_address>0x28caf</load_address>
         <run_address>0x28caf</run_address>
         <size>0x12a</size>
         <input_file_ref idref="fl-2e"/>
      </object_component>
      <object_component id="oc-a9">
         <name>.debug_info</name>
         <load_address>0x28dd9</load_address>
         <run_address>0x28dd9</run_address>
         <size>0x4bc</size>
         <input_file_ref idref="fl-2f"/>
      </object_component>
      <object_component id="oc-28">
         <name>.debug_info</name>
         <load_address>0x29295</load_address>
         <run_address>0x29295</run_address>
         <size>0xd9</size>
         <input_file_ref idref="fl-2f"/>
      </object_component>
      <object_component id="oc-40">
         <name>.debug_info</name>
         <load_address>0x2936e</load_address>
         <run_address>0x2936e</run_address>
         <size>0x46b</size>
         <input_file_ref idref="fl-2f"/>
      </object_component>
      <object_component id="oc-3c">
         <name>.debug_info</name>
         <load_address>0x297d9</load_address>
         <run_address>0x297d9</run_address>
         <size>0x1f4</size>
         <input_file_ref idref="fl-2f"/>
      </object_component>
      <object_component id="oc-185">
         <name>.debug_info</name>
         <load_address>0x299cd</load_address>
         <run_address>0x299cd</run_address>
         <size>0x4f</size>
         <input_file_ref idref="fl-2f"/>
      </object_component>
      <object_component id="oc-f6">
         <name>.debug_info</name>
         <load_address>0x29a1c</load_address>
         <run_address>0x29a1c</run_address>
         <size>0x511</size>
         <input_file_ref idref="fl-30"/>
      </object_component>
      <object_component id="oc-7c">
         <name>.debug_info</name>
         <load_address>0x29f2d</load_address>
         <run_address>0x29f2d</run_address>
         <size>0x7ce</size>
         <input_file_ref idref="fl-30"/>
      </object_component>
      <object_component id="oc-e3">
         <name>.debug_info</name>
         <load_address>0x2a6fb</load_address>
         <run_address>0x2a6fb</run_address>
         <size>0x13f</size>
         <input_file_ref idref="fl-36"/>
      </object_component>
      <object_component id="oc-53">
         <name>.debug_info</name>
         <load_address>0x2a83a</load_address>
         <run_address>0x2a83a</run_address>
         <size>0x111</size>
         <input_file_ref idref="fl-37"/>
      </object_component>
      <object_component id="oc-1fb">
         <name>.debug_info</name>
         <load_address>0x2a94b</load_address>
         <run_address>0x2a94b</run_address>
         <size>0x547</size>
         <input_file_ref idref="fl-39"/>
      </object_component>
      <object_component id="oc-106">
         <name>.debug_info</name>
         <load_address>0x2ae92</load_address>
         <run_address>0x2ae92</run_address>
         <size>0x19b</size>
         <input_file_ref idref="fl-39"/>
      </object_component>
      <object_component id="oc-2b5">
         <name>.debug_info</name>
         <load_address>0x2b02d</load_address>
         <run_address>0x2b02d</run_address>
         <size>0x39</size>
         <input_file_ref idref="fl-39"/>
      </object_component>
      <object_component id="oc-357">
         <name>.debug_info</name>
         <load_address>0x2b066</load_address>
         <run_address>0x2b066</run_address>
         <size>0x39</size>
         <input_file_ref idref="fl-39"/>
      </object_component>
      <object_component id="oc-2ba">
         <name>.debug_info</name>
         <load_address>0x2b09f</load_address>
         <run_address>0x2b09f</run_address>
         <size>0x39</size>
         <input_file_ref idref="fl-39"/>
      </object_component>
      <object_component id="oc-2bf">
         <name>.debug_info</name>
         <load_address>0x2b0d8</load_address>
         <run_address>0x2b0d8</run_address>
         <size>0xcd</size>
         <input_file_ref idref="fl-39"/>
      </object_component>
      <object_component id="oc-e0">
         <name>.debug_info</name>
         <load_address>0x2b1a5</load_address>
         <run_address>0x2b1a5</run_address>
         <size>0x313</size>
         <input_file_ref idref="fl-3b"/>
      </object_component>
      <object_component id="oc-65">
         <name>.debug_info</name>
         <load_address>0x2b4b8</load_address>
         <run_address>0x2b4b8</run_address>
         <size>0x1aa</size>
         <input_file_ref idref="fl-3b"/>
      </object_component>
      <object_component id="oc-db">
         <name>.debug_info</name>
         <load_address>0x2b662</load_address>
         <run_address>0x2b662</run_address>
         <size>0x46</size>
         <input_file_ref idref="fl-3b"/>
      </object_component>
      <object_component id="oc-5d">
         <name>.debug_info</name>
         <load_address>0x2b6a8</load_address>
         <run_address>0x2b6a8</run_address>
         <size>0x298</size>
         <input_file_ref idref="fl-3c"/>
      </object_component>
      <object_component id="oc-16">
         <name>.debug_info</name>
         <load_address>0x2b940</load_address>
         <run_address>0x2b940</run_address>
         <size>0x1ca</size>
         <input_file_ref idref="fl-3c"/>
      </object_component>
      <object_component id="oc-58">
         <name>.debug_info</name>
         <load_address>0x2bb0a</load_address>
         <run_address>0x2bb0a</run_address>
         <size>0x46</size>
         <input_file_ref idref="fl-3c"/>
      </object_component>
      <object_component id="oc-d3">
         <name>.debug_info</name>
         <load_address>0x2bb50</load_address>
         <run_address>0x2bb50</run_address>
         <size>0x2c</size>
         <input_file_ref idref="fl-3c"/>
      </object_component>
      <object_component id="oc-d1">
         <name>.debug_info</name>
         <load_address>0x2bb7c</load_address>
         <run_address>0x2bb7c</run_address>
         <size>0x293</size>
         <input_file_ref idref="fl-3d"/>
      </object_component>
      <object_component id="oc-f">
         <name>.debug_info</name>
         <load_address>0x2be0f</load_address>
         <run_address>0x2be0f</run_address>
         <size>0x245</size>
         <input_file_ref idref="fl-3d"/>
      </object_component>
      <object_component id="oc-48">
         <name>.debug_info</name>
         <load_address>0x2c054</load_address>
         <run_address>0x2c054</run_address>
         <size>0x60</size>
         <input_file_ref idref="fl-3d"/>
      </object_component>
      <object_component id="oc-1a5">
         <name>.debug_info</name>
         <load_address>0x2c0b4</load_address>
         <run_address>0x2c0b4</run_address>
         <size>0x46</size>
         <input_file_ref idref="fl-3d"/>
      </object_component>
      <object_component id="oc-cc">
         <name>.debug_info</name>
         <load_address>0x2c0fa</load_address>
         <run_address>0x2c0fa</run_address>
         <size>0x39</size>
         <input_file_ref idref="fl-3d"/>
      </object_component>
      <object_component id="oc-13c">
         <name>.debug_info</name>
         <load_address>0x2c133</load_address>
         <run_address>0x2c133</run_address>
         <size>0x117</size>
         <input_file_ref idref="fl-3e"/>
      </object_component>
      <object_component id="oc-31a">
         <name>.debug_info</name>
         <load_address>0x2c24a</load_address>
         <run_address>0x2c24a</run_address>
         <size>0x284</size>
         <input_file_ref idref="fl-40"/>
      </object_component>
      <object_component id="oc-275">
         <name>.debug_info</name>
         <load_address>0x2c4ce</load_address>
         <run_address>0x2c4ce</run_address>
         <size>0x22a</size>
         <input_file_ref idref="fl-40"/>
      </object_component>
      <object_component id="oc-3f7">
         <name>.debug_info</name>
         <load_address>0x2c6f8</load_address>
         <run_address>0x2c6f8</run_address>
         <size>0x9e</size>
      </object_component>
      <object_component id="oc-2a0">
         <name>.debug_line</name>
         <load_address>0x0</load_address>
         <run_address>0x0</run_address>
         <size>0x20</size>
         <input_file_ref idref="fl-2"/>
      </object_component>
      <object_component id="oc-1bc">
         <name>.debug_line</name>
         <load_address>0x20</load_address>
         <run_address>0x20</run_address>
         <size>0x5f</size>
         <input_file_ref idref="fl-2"/>
      </object_component>
      <object_component id="oc-165">
         <name>.debug_line</name>
         <load_address>0x7f</load_address>
         <run_address>0x7f</run_address>
         <size>0x69</size>
         <input_file_ref idref="fl-2"/>
      </object_component>
      <object_component id="oc-a0">
         <name>.debug_line</name>
         <load_address>0xe8</load_address>
         <run_address>0xe8</run_address>
         <size>0x64</size>
         <input_file_ref idref="fl-2"/>
      </object_component>
      <object_component id="oc-c5">
         <name>.debug_line</name>
         <load_address>0x14c</load_address>
         <run_address>0x14c</run_address>
         <size>0x20</size>
         <input_file_ref idref="fl-2"/>
      </object_component>
      <object_component id="oc-c0">
         <name>.debug_line</name>
         <load_address>0x16c</load_address>
         <run_address>0x16c</run_address>
         <size>0x5f</size>
         <input_file_ref idref="fl-2"/>
      </object_component>
      <object_component id="oc-24f">
         <name>.debug_line</name>
         <load_address>0x1cb</load_address>
         <run_address>0x1cb</run_address>
         <size>0x6d</size>
         <input_file_ref idref="fl-2"/>
      </object_component>
      <object_component id="oc-151">
         <name>.debug_line</name>
         <load_address>0x238</load_address>
         <run_address>0x238</run_address>
         <size>0x6a</size>
         <input_file_ref idref="fl-2"/>
      </object_component>
      <object_component id="oc-ca">
         <name>.debug_line</name>
         <load_address>0x2a2</load_address>
         <run_address>0x2a2</run_address>
         <size>0x62</size>
         <input_file_ref idref="fl-2"/>
      </object_component>
      <object_component id="oc-2a4">
         <name>.debug_line</name>
         <load_address>0x304</load_address>
         <run_address>0x304</run_address>
         <size>0x5b</size>
         <input_file_ref idref="fl-2"/>
      </object_component>
      <object_component id="oc-183">
         <name>.debug_line</name>
         <load_address>0x35f</load_address>
         <run_address>0x35f</run_address>
         <size>0x5f</size>
         <input_file_ref idref="fl-2"/>
      </object_component>
      <object_component id="oc-343">
         <name>.debug_line</name>
         <load_address>0x3be</load_address>
         <run_address>0x3be</run_address>
         <size>0x20</size>
         <input_file_ref idref="fl-3"/>
      </object_component>
      <object_component id="oc-1cb">
         <name>.debug_line</name>
         <load_address>0x3de</load_address>
         <run_address>0x3de</run_address>
         <size>0x5f</size>
         <input_file_ref idref="fl-3"/>
      </object_component>
      <object_component id="oc-347">
         <name>.debug_line</name>
         <load_address>0x43d</load_address>
         <run_address>0x43d</run_address>
         <size>0x5b</size>
         <input_file_ref idref="fl-3"/>
      </object_component>
      <object_component id="oc-292">
         <name>.debug_line</name>
         <load_address>0x498</load_address>
         <run_address>0x498</run_address>
         <size>0x151</size>
         <input_file_ref idref="fl-4"/>
      </object_component>
      <object_component id="oc-ab">
         <name>.debug_line</name>
         <load_address>0x5e9</load_address>
         <run_address>0x5e9</run_address>
         <size>0x102</size>
         <input_file_ref idref="fl-4"/>
      </object_component>
      <object_component id="oc-296">
         <name>.debug_line</name>
         <load_address>0x6eb</load_address>
         <run_address>0x6eb</run_address>
         <size>0x60</size>
         <input_file_ref idref="fl-4"/>
      </object_component>
      <object_component id="oc-27c">
         <name>.debug_line</name>
         <load_address>0x74b</load_address>
         <run_address>0x74b</run_address>
         <size>0x64</size>
         <input_file_ref idref="fl-4"/>
      </object_component>
      <object_component id="oc-139">
         <name>.debug_line</name>
         <load_address>0x7af</load_address>
         <run_address>0x7af</run_address>
         <size>0x5d</size>
         <input_file_ref idref="fl-4"/>
      </object_component>
      <object_component id="oc-339">
         <name>.debug_line</name>
         <load_address>0x80c</load_address>
         <run_address>0x80c</run_address>
         <size>0x60</size>
         <input_file_ref idref="fl-4"/>
      </object_component>
      <object_component id="oc-29b">
         <name>.debug_line</name>
         <load_address>0x86c</load_address>
         <run_address>0x86c</run_address>
         <size>0x61</size>
         <input_file_ref idref="fl-4"/>
      </object_component>
      <object_component id="oc-282">
         <name>.debug_line</name>
         <load_address>0x8cd</load_address>
         <run_address>0x8cd</run_address>
         <size>0x63</size>
         <input_file_ref idref="fl-4"/>
      </object_component>
      <object_component id="oc-16f">
         <name>.debug_line</name>
         <load_address>0x930</load_address>
         <run_address>0x930</run_address>
         <size>0x61</size>
         <input_file_ref idref="fl-4"/>
      </object_component>
      <object_component id="oc-1e9">
         <name>.debug_line</name>
         <load_address>0x991</load_address>
         <run_address>0x991</run_address>
         <size>0x5e</size>
         <input_file_ref idref="fl-4"/>
      </object_component>
      <object_component id="oc-174">
         <name>.debug_line</name>
         <load_address>0x9ef</load_address>
         <run_address>0x9ef</run_address>
         <size>0x5f</size>
         <input_file_ref idref="fl-4"/>
      </object_component>
      <object_component id="oc-334">
         <name>.debug_line</name>
         <load_address>0xa4e</load_address>
         <run_address>0xa4e</run_address>
         <size>0x5b</size>
         <input_file_ref idref="fl-4"/>
      </object_component>
      <object_component id="oc-23b">
         <name>.debug_line</name>
         <load_address>0xaa9</load_address>
         <run_address>0xaa9</run_address>
         <size>0x5f</size>
         <input_file_ref idref="fl-4"/>
      </object_component>
      <object_component id="oc-32d">
         <name>.debug_line</name>
         <load_address>0xb08</load_address>
         <run_address>0xb08</run_address>
         <size>0x5b</size>
         <input_file_ref idref="fl-4"/>
      </object_component>
      <object_component id="oc-1da">
         <name>.debug_line</name>
         <load_address>0xb63</load_address>
         <run_address>0xb63</run_address>
         <size>0x62</size>
         <input_file_ref idref="fl-4"/>
      </object_component>
      <object_component id="oc-2ad">
         <name>.debug_line</name>
         <load_address>0xbc5</load_address>
         <run_address>0xbc5</run_address>
         <size>0x5e</size>
         <input_file_ref idref="fl-4"/>
      </object_component>
      <object_component id="oc-179">
         <name>.debug_line</name>
         <load_address>0xc23</load_address>
         <run_address>0xc23</run_address>
         <size>0x62</size>
         <input_file_ref idref="fl-4"/>
      </object_component>
      <object_component id="oc-17e">
         <name>.debug_line</name>
         <load_address>0xc85</load_address>
         <run_address>0xc85</run_address>
         <size>0x61</size>
         <input_file_ref idref="fl-4"/>
      </object_component>
      <object_component id="oc-367">
         <name>.debug_line</name>
         <load_address>0xce6</load_address>
         <run_address>0xce6</run_address>
         <size>0x20</size>
         <input_file_ref idref="fl-5"/>
      </object_component>
      <object_component id="oc-21d">
         <name>.debug_line</name>
         <load_address>0xd06</load_address>
         <run_address>0xd06</run_address>
         <size>0x5f</size>
         <input_file_ref idref="fl-5"/>
      </object_component>
      <object_component id="oc-36b">
         <name>.debug_line</name>
         <load_address>0xd65</load_address>
         <run_address>0xd65</run_address>
         <size>0x5b</size>
         <input_file_ref idref="fl-5"/>
      </object_component>
      <object_component id="oc-b8">
         <name>.debug_line</name>
         <load_address>0xdc0</load_address>
         <run_address>0xdc0</run_address>
         <size>0x78</size>
         <input_file_ref idref="fl-6"/>
      </object_component>
      <object_component id="oc-36e">
         <name>.debug_line</name>
         <load_address>0xe38</load_address>
         <run_address>0xe38</run_address>
         <size>0x20</size>
         <input_file_ref idref="fl-7"/>
      </object_component>
      <object_component id="oc-372">
         <name>.debug_line</name>
         <load_address>0xe58</load_address>
         <run_address>0xe58</run_address>
         <size>0x5b</size>
         <input_file_ref idref="fl-7"/>
      </object_component>
      <object_component id="oc-222">
         <name>.debug_line</name>
         <load_address>0xeb3</load_address>
         <run_address>0xeb3</run_address>
         <size>0x5f</size>
         <input_file_ref idref="fl-7"/>
      </object_component>
      <object_component id="oc-375">
         <name>.debug_line</name>
         <load_address>0xf12</load_address>
         <run_address>0xf12</run_address>
         <size>0x20</size>
         <input_file_ref idref="fl-8"/>
      </object_component>
      <object_component id="oc-379">
         <name>.debug_line</name>
         <load_address>0xf32</load_address>
         <run_address>0xf32</run_address>
         <size>0x5c</size>
         <input_file_ref idref="fl-8"/>
      </object_component>
      <object_component id="oc-227">
         <name>.debug_line</name>
         <load_address>0xf8e</load_address>
[...]
         <name>_coreDisableRamEcc_</name>
         <value>0xe6ac</value>
         <object_component_ref idref="oc-6a"/>
      </symbol>
      <symbol id="sm-8bd">
         <name>_coreGetDataFaultAddress_</name>
         <value>0xe718</value>
         <object_component_ref idref="oc-6a"/>
      </symbol>
      <symbol id="sm-8be">
         <name>_coreClearInstructionFault_</name>
         <value>0xe70c</value>
         <object_component_ref idref="oc-6a"/>
      </symbol>
      <symbol id="sm-8bf">
         <name>_getCPSRValue_</name>
         <value>0xe644</value>
         <object_component_ref idref="oc-6a"/>
      </symbol>
      <symbol id="sm-8c0">
         <name>__TI_PINIT_Limit</name>
         <value>0xe834</value>
         <object_component_ref idref="oc-6a"/>
      </symbol>
      <symbol id="sm-8c1">
         <name>_coreEnableFlashEcc_</name>
         <value>0xe6bc</value>
         <object_component_ref idref="oc-6a"/>
      </symbol>
      <symbol id="sm-8c2">
         <name>_disable_FIQ_interrupt_</name>
         <value>0xe770</value>
         <object_component_ref idref="oc-6a"/>
      </symbol>
      <symbol id="sm-8c3">
         <name>_coreGetAuxiliaryInstructionFault_</name>
         <value>0xe754</value>
         <object_component_ref idref="oc-6a"/>
      </symbol>
      <symbol id="sm-8c4">
         <name>_coreInitStackPointer_</name>
         <value>0xe5f8</value>
         <object_component_ref idref="oc-6a"/>
      </symbol>
      <symbol id="sm-8c5">
         <name>_esmCcmErrorsClear_</name>
         <value>0xe788</value>
         <object_component_ref idref="oc-6a"/>
      </symbol>
      <symbol id="sm-8c6">
         <name>_gotoCPUIdle_</name>
         <value>0xe64c</value>
         <object_component_ref idref="oc-6a"/>
      </symbol>
      <symbol id="sm-8c7">
         <name>_coreEnableIrqVicOffset_</name>
         <value>0xe6e0</value>
         <object_component_ref idref="oc-6a"/>
      </symbol>
      <symbol id="sm-8c8">
         <name>_coreGetInstructionFault_</name>
         <value>0xe704</value>
         <object_component_ref idref="oc-6a"/>
      </symbol>
      <symbol id="sm-8c9">
         <name>_coreEnableVfp_</name>
         <value>0xe664</value>
         <object_component_ref idref="oc-6a"/>
      </symbol>
      <symbol id="sm-8ca">
         <name>_coreClearAuxiliaryDataFault_</name>
         <value>0xe748</value>
         <object_component_ref idref="oc-6a"/>
      </symbol>
      <symbol id="sm-8cb">
         <name>_coreEnableEventBusExport_</name>
         <value>0xe67c</value>
         <object_component_ref idref="oc-6a"/>
      </symbol>
      <symbol id="sm-8d7">
         <name>resetEntry</name>
         <value>0x0</value>
         <object_component_ref idref="oc-30"/>
      </symbol>
      <symbol id="sm-8e7">
         <name>main</name>
         <value>0x10068</value>
         <object_component_ref idref="oc-8e"/>
      </symbol>
      <symbol id="sm-8e8">
         <name>testbench</name>
         <value>0x10078</value>
         <object_component_ref idref="oc-8e"/>
      </symbol>
      <symbol id="sm-901">
         <name>phantomInterrupt</name>
         <value>0x100d4</value>
         <object_component_ref idref="oc-35"/>
      </symbol>
      <symbol id="sm-90b">
         <name>_pmuResetCounters_</name>
         <value>0xfe4c</value>
         <object_component_ref idref="oc-f7"/>
      </symbol>
      <symbol id="sm-90c">
         <name>_pmuGetEventCount_</name>
         <value>0xfe80</value>
         <object_component_ref idref="oc-f7"/>
      </symbol>
      <symbol id="sm-90d">
         <name>_pmuResetEventCounters_</name>
         <value>0xfe3c</value>
         <object_component_ref idref="oc-f7"/>
      </symbol>
      <symbol id="sm-90e">
         <name>_pmuStopCounters_</name>
         <value>0xfe64</value>
         <object_component_ref idref="oc-f7"/>
      </symbol>
      <symbol id="sm-90f">
         <name>_pmuInit_</name>
         <value>0xfdc0</value>
         <object_component_ref idref="oc-f7"/>
      </symbol>
      <symbol id="sm-910">
         <name>_pmuGetOverflow_</name>
         <value>0xfe8c</value>
         <object_component_ref idref="oc-f7"/>
      </symbol>
      <symbol id="sm-911">
         <name>_pmuResetCycleCounter_</name>
         <value>0xfe2c</value>
         <object_component_ref idref="oc-f7"/>
      </symbol>
      <symbol id="sm-912">
         <name>_pmuSetCountEvent_</name>
         <value>0xfe6c</value>
         <object_component_ref idref="oc-f7"/>
      </symbol>
      <symbol id="sm-913">
         <name>_pmuGetCycleCount_</name>
         <value>0xfe78</value>
         <object_component_ref idref="oc-f7"/>
      </symbol>
      <symbol id="sm-914">
         <name>_pmuEnableCountersGlobal_</name>
         <value>0xfe0c</value>
         <object_component_ref idref="oc-f7"/>
      </symbol>
      <symbol id="sm-915">
         <name>_pmuDisableCountersGlobal_</name>
         <value>0xfe1c</value>
         <object_component_ref idref="oc-f7"/>
      </symbol>
      <symbol id="sm-916">
         <name>_pmuStartCounters_</name>
         <value>0xfe5c</value>
         <object_component_ref idref="oc-f7"/>
      </symbol>
      <symbol id="sm-ad6">
         <name>pbistSelfCheck</name>
         <value>0x82cc</value>
         <object_component_ref idref="oc-81"/>
      </symbol>
      <symbol id="sm-ad7">
         <name>fmcBus1ParityCheck</name>
         <value>0xa2c4</value>
         <object_component_ref idref="oc-81"/>
      </symbol>
      <symbol id="sm-ad8">
         <name>can1ParityCheck</name>
         <value>0x9410</value>
         <object_component_ref idref="oc-81"/>
      </symbol>
      <symbol id="sm-ad9">
         <name>enableParity</name>
         <value>0xaad0</value>
         <object_component_ref idref="oc-81"/>
      </symbol>
      <symbol id="sm-ada">
         <name>dmaParityCheck</name>
         <value>0x8eac</value>
         <object_component_ref idref="oc-81"/>
      </symbol>
      <symbol id="sm-adb">
         <name>custom_dabort</name>
         <value>0x8df4</value>
         <object_component_ref idref="oc-81"/>
      </symbol>
      <symbol id="sm-adc">
         <name>memoryInit</name>
         <value>0x8174</value>
         <object_component_ref idref="oc-81"/>
      </symbol>
      <symbol id="sm-add">
         <name>stcSelfCheck</name>
         <value>0x81b8</value>
         <object_component_ref idref="oc-81"/>
      </symbol>
      <symbol id="sm-ade">
         <name>efcGetConfigValue</name>
         <value>0xa660</value>
         <object_component_ref idref="oc-81"/>
      </symbol>
      <symbol id="sm-adf">
         <name>can2ParityCheck</name>
         <value>0x94e8</value>
         <object_component_ref idref="oc-81"/>
      </symbol>
      <symbol id="sm-ae0">
         <name>het1ParityCheck</name>
         <value>0x8f58</value>
         <object_component_ref idref="oc-81"/>
      </symbol>
      <symbol id="sm-ae1">
         <name>adc1ParityCheck</name>
         <value>0x926c</value>
         <object_component_ref idref="oc-81"/>
      </symbol>
      <symbol id="sm-ae2">
         <name>checkefcSelfTest</name>
         <value>0x87bc</value>
         <object_component_ref idref="oc-81"/>
      </symbol>
      <symbol id="sm-ae3">
         <name>checkRAMECC</name>
         <value>0x99d0</value>
         <object_component_ref idref="oc-81"/>
      </symbol>
      <symbol id="sm-ae4">
         <name>stcSelfCheckFail</name>
         <value>0x8df8</value>
         <object_component_ref idref="oc-81"/>
      </symbol>
      <symbol id="sm-ae5">
         <name>ccmSelfCheck</name>
         <value>0x8030</value>
         <object_component_ref idref="oc-81"/>
      </symbol>
      <symbol id="sm-ae6">
         <name>efcCheck</name>
         <value>0x8660</value>
         <object_component_ref idref="oc-81"/>
      </symbol>
      <symbol id="sm-ae7">
         <name>het2ParityCheck</name>
         <value>0x90c0</value>
         <object_component_ref idref="oc-81"/>
      </symbol>
      <symbol id="sm-ae8">
         <name>adc2ParityCheck</name>
         <value>0x9358</value>
         <object_component_ref idref="oc-81"/>
      </symbol>
      <symbol id="sm-ae9">
         <name>cpuSelfTest</name>
         <value>0x8234</value>
         <object_component_ref idref="oc-81"/>
      </symbol>
      <symbol id="sm-aea">
         <name>htu1ParityCheck</name>
         <value>0x9004</value>
         <object_component_ref idref="oc-81"/>
      </symbol>
      <symbol id="sm-aeb">
         <name>checkFlashECC</name>
         <value>0x8d18</value>
         <object_component_ref idref="oc-81"/>
      </symbol>
      <symbol id="sm-aec">
         <name>cpuSelfTestFail</name>
         <value>0x8dfc</value>
         <object_component_ref idref="oc-81"/>
      </symbol>
      <symbol id="sm-aed">
         <name>checkPLL1Slip</name>
         <value>0x9e8c</value>
         <object_component_ref idref="oc-81"/>
      </symbol>
      <symbol id="sm-aee">
         <name>mibspi1ParityCheck</name>
         <value>0x9684</value>
         <object_component_ref idref="oc-81"/>
      </symbol>
      <symbol id="sm-aef">
         <name>ccmr4GetConfigValue</name>
         <value>0xa6fc</value>
         <object_component_ref idref="oc-81"/>
      </symbol>
      <symbol id="sm-af0">
         <name>htu2ParityCheck</name>
         <value>0x91bc</value>
         <object_component_ref idref="oc-81"/>
      </symbol>
      <symbol id="sm-af1">
         <name>pbistPortTestStatus</name>
         <value>0x8608</value>
         <object_component_ref idref="oc-81"/>
      </symbol>
      <symbol id="sm-af2">
         <name>checkFlashEEPROMECC</name>
         <value>0x9cf4</value>
         <object_component_ref idref="oc-81"/>
      </symbol>
      <symbol id="sm-af3">
         <name>pbistGetConfigValue</name>
         <value>0xa470</value>
         <object_component_ref idref="oc-81"/>
      </symbol>
      <symbol id="sm-af4">
         <name>vimParityCheck</name>
         <value>0x8e00</value>
         <object_component_ref idref="oc-81"/>
      </symbol>
      <symbol id="sm-af5">
         <name>pbistIsTestCompleted</name>
         <value>0x85a8</value>
         <object_component_ref idref="oc-81"/>
      </symbol>
      <symbol id="sm-af6">
         <name>disableParity</name>
         <value>0xab58</value>
         <object_component_ref idref="oc-81"/>
      </symbol>
      <symbol id="sm-af7">
         <name>pbistRun</name>
         <value>0x84ac</value>
         <object_component_ref idref="oc-81"/>
      </symbol>
      <symbol id="sm-af8">
         <name>pbistFail</name>
         <value>0xa3ec</value>
         <object_component_ref idref="oc-81"/>
      </symbol>
      <symbol id="sm-af9">
         <name>selftestFailNotification</name>
         <value>0x8020</value>
         <object_component_ref idref="oc-81"/>
      </symbol>
      <symbol id="sm-afa">
         <name>errata_PBIST_4</name>
         <value>0xa76c</value>
         <object_component_ref idref="oc-81"/>
      </symbol>
      <symbol id="sm-afb">
         <name>mibspi3ParityCheck</name>
         <value>0x978c</value>
         <object_component_ref idref="oc-81"/>
      </symbol>
      <symbol id="sm-afc">
         <name>efcSelfTest</name>
         <value>0x8794</value>
         <object_component_ref idref="oc-81"/>
      </symbol>
      <symbol id="sm-afd">
         <name>checkB1RAMECC</name>
         <value>0x8b28</value>
         <object_component_ref idref="oc-81"/>
      </symbol>
      <symbol id="sm-afe">
         <name>pbistStop</name>
         <value>0x8578</value>
         <object_component_ref idref="oc-81"/>
      </symbol>
      <symbol id="sm-aff">
         <name>can3ParityCheck</name>
         <value>0x95b0</value>
         <object_component_ref idref="oc-81"/>
      </symbol>
      <symbol id="sm-b00">
         <name>checkRAMAddrParity</name>
         <value>0xa050</value>
         <object_component_ref idref="oc-81"/>
      </symbol>
      <symbol id="sm-b01">
         <name>mibspi5ParityCheck</name>
         <value>0x98b0</value>
         <object_component_ref idref="oc-81"/>
      </symbol>
      <symbol id="sm-b02">
         <name>checkB0RAMECC</name>
         <value>0x8938</value>
         <object_component_ref idref="oc-81"/>
      </symbol>
      <symbol id="sm-b03">
         <name>stcGetConfigValue</name>
         <value>0xa5bc</value>
         <object_component_ref idref="oc-81"/>
      </symbol>
      <symbol id="sm-b04">
         <name>pbistIsTestPassed</name>
         <value>0x85d4</value>
         <object_component_ref idref="oc-81"/>
      </symbol>
      <symbol id="sm-b05">
         <name>checkClockMonitor</name>
         <value>0x9c18</value>
         <object_component_ref idref="oc-81"/>
      </symbol>
      <symbol id="sm-b06">
         <name>fmcECCcheck</name>
         <value>0x8898</value>
         <object_component_ref idref="oc-81"/>
      </symbol>
      <symbol id="sm-b07">
         <name>fmcBus2Check</name>
         <value>0x885c</value>
         <object_component_ref idref="oc-81"/>
      </symbol>
      <symbol id="sm-b08">
         <name>checkRAMUERRTest</name>
         <value>0xa15c</value>
         <object_component_ref idref="oc-81"/>
      </symbol>
      <symbol id="sm-b09">
         <name>efcStuckZeroTest</name>
         <value>0x86e8</value>
         <object_component_ref idref="oc-81"/>
      </symbol>
      <symbol id="sm-b0a">
         <name>checkPLL2Slip</name>
         <value>0x9f8c</value>
         <object_component_ref idref="oc-81"/>
      </symbol>
      <symbol id="sm-b3c">
         <name>_c_int00</name>
         <value>0xeb04</value>
         <object_component_ref idref="oc-1b"/>
      </symbol>
      <symbol id="sm-b3d">
         <name>handlePLLLockFail</name>
         <value>0x100d8</value>
         <object_component_ref idref="oc-75"/>
      </symbol>
      <symbol id="sm-bed">
         <name>vimChannelMap</name>
         <value>0xb934</value>
         <object_component_ref idref="oc-3f"/>
      </symbol>
      <symbol id="sm-bee">
         <name>vimInit</name>
         <value>0xb860</value>
         <object_component_ref idref="oc-3f"/>
      </symbol>
      <symbol id="sm-bef">
         <name>vimEnableInterrupt</name>
         <value>0xb9d8</value>
         <object_component_ref idref="oc-3f"/>
      </symbol>
      <symbol id="sm-bf0">
         <name>vimDisableInterrupt</name>
         <value>0xbba0</value>
         <object_component_ref idref="oc-3f"/>
      </symbol>
      <symbol id="sm-bf1">
         <name>vimGetConfigValue</name>
         <value>0xbc4c</value>
         <object_component_ref idref="oc-3f"/>
      </symbol>
      <symbol id="sm-bf2">
         <name>vimParityErrorHandler</name>
         <value>0xe838</value>
         <object_component_ref idref="oc-3b"/>
      </symbol>
      <symbol id="sm-c4d">
         <name>systemGetConfigValue</name>
         <value>0xb088</value>
         <object_component_ref idref="oc-7b"/>
      </symbol>
      <symbol id="sm-c4e">
         <name>trimLPO</name>
         <value>0xad5c</value>
         <object_component_ref idref="oc-7b"/>
      </symbol>
      <symbol id="sm-c4f">
         <name>systemInit</name>
         <value>0xaf8c</value>
         <object_component_ref idref="oc-7b"/>
      </symbol>
      <symbol id="sm-c50">
         <name>customTrimLPO</name>
         <value>0xb784</value>
         <object_component_ref idref="oc-7b"/>
      </symbol>
      <symbol id="sm-c51">
         <name>tcmflashGetConfigValue</name>
         <value>0xb49c</value>
         <object_component_ref idref="oc-7b"/>
      </symbol>
      <symbol id="sm-c52">
         <name>sramGetConfigValue</name>
         <value>0xb648</value>
         <object_component_ref idref="oc-7b"/>
      </symbol>
      <symbol id="sm-c53">
         <name>periphInit</name>
         <value>0xae10</value>
         <object_component_ref idref="oc-7b"/>
      </symbol>
      <symbol id="sm-c54">
         <name>setupFlash</name>
         <value>0xadd0</value>
         <object_component_ref idref="oc-7b"/>
      </symbol>
      <symbol id="sm-c55">
         <name>setupPLL</name>
         <value>0xacfc</value>
         <object_component_ref idref="oc-7b"/>
      </symbol>
      <symbol id="sm-c56">
         <name>mapClocks</name>
         <value>0xae64</value>
         <object_component_ref idref="oc-7b"/>
      </symbol>
      <symbol id="sm-c57">
         <name>systemPowerDown</name>
         <value>0xb058</value>
         <object_component_ref idref="oc-7b"/>
      </symbol>
      <symbol id="sm-c67">
         <name>__aeabi_memset</name>
         <value>0xff3f</value>
         <object_component_ref idref="oc-e1"/>
      </symbol>
      <symbol id="sm-c68">
         <name>memset</name>
         <value>0xff45</value>
         <object_component_ref idref="oc-e1"/>
      </symbol>
      <symbol id="sm-c69">
         <name>__aeabi_memset8</name>
         <value>0xff3f</value>
         <object_component_ref idref="oc-e1"/>
      </symbol>
      <symbol id="sm-c6a">
         <name>__aeabi_memset4</name>
         <value>0xff3f</value>
         <object_component_ref idref="oc-e1"/>
      </symbol>
      <symbol id="sm-c6b">
         <name>__aeabi_memclr8</name>
         <value>0xff3d</value>
         <object_component_ref idref="oc-e1"/>
      </symbol>
      <symbol id="sm-c6c">
         <name>__aeabi_memclr4</name>
         <value>0xff3d</value>
         <object_component_ref idref="oc-e1"/>
      </symbol>
      <symbol id="sm-c6d">
         <name>__aeabi_memclr</name>
         <value>0xff3d</value>
         <object_component_ref idref="oc-e1"/>
      </symbol>
      <symbol id="sm-c88">
         <name>memcpy</name>
         <value>0xfea1</value>
         <object_component_ref idref="oc-52"/>
      </symbol>
      <symbol id="sm-c89">
         <name>__aeabi_memcpy</name>
         <value>0xfea1</value>
         <object_component_ref idref="oc-52"/>
      </symbol>
      <symbol id="sm-c8a">
         <name>__aeabi_memcpy8</name>
         <value>0xfea1</value>
         <object_component_ref idref="oc-52"/>
      </symbol>
      <symbol id="sm-c8b">
         <name>__aeabi_memcpy4</name>
         <value>0xfea1</value>
         <object_component_ref idref="oc-52"/>
      </symbol>
      <symbol id="sm-cb4">
         <name>__TI_auto_init_nobinit_nopinit</name>
         <value>0x10025</value>
         <object_component_ref idref="oc-105"/>
      </symbol>
      <symbol id="sm-cc7">
         <name>__TI_zero_init</name>
         <value>0x100c5</value>
         <object_component_ref idref="oc-64"/>
      </symbol>
      <symbol id="sm-cde">
         <name>__TI_decompress_none</name>
         <value>0x100b7</value>
         <object_component_ref idref="oc-14"/>
      </symbol>
      <symbol id="sm-d01">
         <name>__TI_decompress_lzss</name>
         <value>0xffb7</value>
         <object_component_ref idref="oc-e"/>
      </symbol>
      <symbol id="sm-d0c">
         <name>C$$EXIT</name>
         <value>0x100d1</value>
         <object_component_ref idref="oc-13b"/>
      </symbol>
      <symbol id="sm-d0d">
         <name>abort</name>
         <value>0x100d1</value>
         <object_component_ref idref="oc-13b"/>
      </symbol>
      <symbol id="sm-d1c">
         <name>strlen</name>
         <value>0x100a1</value>
         <object_component_ref idref="oc-272"/>
      </symbol>
      <symbol id="sm-d1e">
         <name>__TI_static_base__</name>
         <value>0x0</value>
      </symbol>
      <symbol id="sm-d22">
         <name>SHT$$INIT_ARRAY$$Base</name>
         <value>0x0</value>
      </symbol>
      <symbol id="sm-d23">
         <name>SHT$$INIT_ARRAY$$Limit</name>
         <value>0x0</value>
      </symbol>
      <symbol id="sm-d24">
         <name>_system_post_cinit</name>
         <value>0x0</value>
      </symbol>
   </symbol_table>
   <title>Link successful</title>
</link_info>
